==> 正在创建软件包：kernel 6.1.173-1 (Sat 16 May 2026 10:23:31 GMT)
==> 警告： 跳过依赖关系检查。
==> 获取源代码...
  -> 找到 config-lite
  -> 找到 kernel_signing_key.pub
  -> 正在下载 linux-6.1.173.tar.xz...
  % Total    % Received % Xferd  Average Speed   Time    Time     Time  Current
                                 Dload  Upload   Total   Spent    Left  Speed
  0     0    0     0    0     0      0      0 --:--:-- --:--:-- --:--:--     0100   162  100   162    0     0    786      0 --:--:-- --:--:-- --:--:--   790
  0  129M    0  351k    0     0   788k      0  0:02:47 --:--:--  0:02:47  788k 76  129M   76 98.4M    0     0  67.8M      0  0:00:01  0:00:01 --:--:-- 97.5M100  129M  100  129M    0     0  76.8M      0  0:00:01  0:00:01 --:--:--  104M
  -> 正在下载 linux-6.1.173.tar.sign...
  % Total    % Received % Xferd  Average Speed   Time    Time     Time  Current
                                 Dload  Upload   Total   Spent    Left  Speed
  0     0    0     0    0     0      0      0 --:--:-- --:--:-- --:--:--     0100   162  100   162    0     0    814      0 --:--:-- --:--:-- --:--:--   818
100   991  100   991    0     0   3397      0 --:--:-- --:--:-- --:--:--  3397
==> 正在验证 source 文件，使用sha256sums...
    config-lite ... 通过
    kernel_signing_key.pub ... 通过
    linux-6.1.173.tar.xz ... 通过
    linux-6.1.173.tar.sign ... 已跳过
==> 正在使用 gpg 验证源文件签名...
    linux-6.1.173.tar ... 通过
==> 正在删除现存的 $srcdir/ 目录...
==> 正在释放源码...
  -> 正在解压缩 linux-6.1.173.tar.xz，使用 bsdtar
==> 正在开始 prepare()...
  HOSTCC  scripts/basic/fixdep
  HOSTCC  scripts/kconfig/conf.o
  HOSTCC  scripts/kconfig/confdata.o
  HOSTCC  scripts/kconfig/expr.o
  LEX     scripts/kconfig/lexer.lex.c
  YACC    scripts/kconfig/parser.tab.[ch]
  HOSTCC  scripts/kconfig/lexer.lex.o
  HOSTCC  scripts/kconfig/menu.o
  HOSTCC  scripts/kconfig/parser.tab.o
  HOSTCC  scripts/kconfig/preprocess.o
  HOSTCC  scripts/kconfig/symbol.o
  HOSTCC  scripts/kconfig/util.o
  HOSTLD  scripts/kconfig/conf
#
# configuration written to .config
#
  -> Prepared linux version 6.1.173
==> 正在开始 build()...
  -> pkgbase = linux
  SYSHDR  arch/x86/include/generated/uapi/asm/unistd_32.h - due to target missing
  SYSHDR  arch/x86/include/generated/uapi/asm/unistd_64.h - due to target missing
  SYSHDR  arch/x86/include/generated/uapi/asm/unistd_x32.h - due to target missing
  SYSTBL  arch/x86/include/generated/asm/syscalls_32.h - due to target missing
  SYSHDR  arch/x86/include/generated/asm/unistd_32_ia32.h - due to target missing
  SYSHDR  arch/x86/include/generated/asm/unistd_64_x32.h - due to target missing
  SYSTBL  arch/x86/include/generated/asm/syscalls_64.h - due to target missing
  GENSEED scripts/basic/randstruct.seed - due to target missing
  SYSTBL  arch/x86/include/generated/asm/syscalls_x32.h - due to target missing
  WRAP    arch/x86/include/generated/uapi/asm/bpf_perf_event.h - due to target missing
  WRAP    arch/x86/include/generated/uapi/asm/errno.h - due to target missing
  WRAP    arch/x86/include/generated/uapi/asm/fcntl.h - due to target missing
  WRAP    arch/x86/include/generated/uapi/asm/ioctls.h - due to target missing
  WRAP    arch/x86/include/generated/uapi/asm/ioctl.h - due to target missing
  WRAP    arch/x86/include/generated/uapi/asm/ipcbuf.h - due to target missing
  WRAP    arch/x86/include/generated/uapi/asm/param.h - due to target missing
  WRAP    arch/x86/include/generated/uapi/asm/poll.h - due to target missing
  WRAP    arch/x86/include/generated/uapi/asm/resource.h - due to target missing
  WRAP    arch/x86/include/generated/uapi/asm/socket.h - due to target missing
  WRAP    arch/x86/include/generated/uapi/asm/sockios.h - due to target missing
  WRAP    arch/x86/include/generated/uapi/asm/termbits.h - due to target missing
  WRAP    arch/x86/include/generated/uapi/asm/types.h - due to target missing
  WRAP    arch/x86/include/generated/uapi/asm/termios.h - due to target missing
  HOSTCC  arch/x86/tools/relocs_32.o - due to target missing
  HOSTCC  arch/x86/tools/relocs_64.o - due to target missing
  HOSTCC  arch/x86/tools/relocs_common.o - due to target missing
  UPD     include/config/kernel.release
  WRAP    arch/x86/include/generated/asm/early_ioremap.h - due to target missing
  WRAP    arch/x86/include/generated/asm/export.h - due to target missing
  WRAP    arch/x86/include/generated/asm/mcs_spinlock.h - due to target missing
  WRAP    arch/x86/include/generated/asm/kmap_size.h - due to target missing
  WRAP    arch/x86/include/generated/asm/irq_regs.h - due to target missing
  WRAP    arch/x86/include/generated/asm/local64.h - due to target missing
  WRAP    arch/x86/include/generated/asm/mmiowb.h - due to target missing
  WRAP    arch/x86/include/generated/asm/module.lds.h - due to target missing
  WRAP    arch/x86/include/generated/asm/unaligned.h - due to target missing
  WRAP    arch/x86/include/generated/asm/rwonce.h - due to target missing
  HOSTLD  arch/x86/tools/relocs - due to target missing
  UPD     include/generated/uapi/linux/version.h
  UPD     include/generated/utsrelease.h
  UPD     include/generated/compile.h
  HOSTCC  scripts/kallsyms - due to target missing
  SEEDHDR scripts/gcc-plugins/randomize_layout_seed.h - due to target missing
  HOSTCC  scripts/genksyms/genksyms.o - due to target missing
  HOSTCXX scripts/gcc-plugins/randomize_layout_plugin.so - due to target missing
  DESCEND objtool
gcc   -o /build/workdir/kernel/src/linux-6.1.173/tools/objtool/fixdep /build/workdir/kernel/src/linux-6.1.173/tools/objtool/fixdep-in.o
  YACC    scripts/genksyms/parse.tab.[ch] - due to target missing
  LEX     scripts/genksyms/lex.lex.c - due to target missing
  HOSTCC  scripts/genksyms/parse.tab.o - due to target missing
  HOSTCC  scripts/genksyms/lex.lex.o - due to target missing
  HOSTLD  scripts/genksyms/genksyms - due to target missing
  HOSTCC  scripts/sorttable - due to target missing
rm -f /build/workdir/kernel/src/linux-6.1.173/tools/objtool/libsubcmd.a && ar rcs /build/workdir/kernel/src/linux-6.1.173/tools/objtool/libsubcmd.a /build/workdir/kernel/src/linux-6.1.173/tools/objtool/libsubcmd-in.o
  HOSTCC  scripts/asn1_compiler - due to target missing
  HOSTCC  scripts/sign-file - due to target missing
  CC      scripts/mod/empty.o - due to target missing
  HOSTCC  scripts/mod/mk_elfconfig - due to target missing
  CC      scripts/mod/devicetable-offsets.s - due to target missing
  MKELF   scripts/mod/elfconfig.h - due to target missing
  UPD     scripts/mod/devicetable-offsets.h
  HOSTCC  scripts/mod/sumversion.o - due to target missing
  HOSTCC  scripts/mod/modpost.o - due to target missing
  HOSTCC  scripts/mod/file2alias.o - due to target missing
gcc /build/workdir/kernel/src/linux-6.1.173/tools/objtool/objtool-in.o -lelf /build/workdir/kernel/src/linux-6.1.173/tools/objtool/libsubcmd.a   -o /build/workdir/kernel/src/linux-6.1.173/tools/objtool/objtool
  HOSTLD  scripts/mod/modpost - due to target missing
  CC      kernel/bounds.s - due to target missing
  CHKSHA1 include/linux/atomic/atomic-arch-fallback.h - due to target missing
  UPD     include/generated/timeconst.h
  CHKSHA1 include/linux/atomic/atomic-instrumented.h - due to target missing
  CHKSHA1 include/linux/atomic/atomic-long.h - due to target missing
  UPD     include/generated/bounds.h
  CC      arch/x86/kernel/asm-offsets.s - due to target missing
  UPD     include/generated/asm-offsets.h
  CALL    scripts/checksyscalls.sh - due to target is PHONY
  CC      init/main.o - due to target missing
  HOSTCC  usr/gen_init_cpio - due to target missing
  CC      arch/x86/entry/vdso/vma.o - due to target missing
  LDS     scripts/module.lds - due to target missing
  CC      arch/x86/events/amd/core.o - due to target missing
  GEN     usr/initramfs_data.cpio - due to target missing
  COPY    usr/initramfs_inc_data - due to target missing
  AS      usr/initramfs_data.o - due to target missing
  AR      usr/built-in.a - due to target missing
  CC      arch/x86/entry/vsyscall/vsyscall_64.o - due to target missing
  CC      arch/x86/entry/vdso/extable.o - due to target missing
  AS      arch/x86/entry/vsyscall/vsyscall_emu_64.o - due to target missing
  AR      arch/x86/entry/vsyscall/built-in.a - due to target missing
  CC      arch/x86/events/intel/core.o - due to target missing
  CC      arch/x86/entry/vdso/vdso32-setup.o - due to target missing
  LDS     arch/x86/entry/vdso/vdso.lds - due to target missing
  AS      arch/x86/entry/vdso/vdso-note.o - due to target missing
  UPD     init/utsversion-tmp.h
  CC      init/do_mounts.o - due to target missing
  CC      arch/x86/entry/vdso/vclock_gettime.o - due to target missing
  CC      arch/x86/events/amd/lbr.o - due to target missing
  CC      arch/x86/entry/vdso/vgetcpu.o - due to target missing
  CC      arch/x86/events/amd/ibs.o - due to target missing
  HOSTCC  arch/x86/entry/vdso/vdso2c - due to target missing
  LDS     arch/x86/entry/vdso/vdsox32.lds - due to target missing
  X32     arch/x86/entry/vdso/vdso-note-x32.o - due to target missing
  X32     arch/x86/entry/vdso/vclock_gettime-x32.o - due to target missing
  X32     arch/x86/entry/vdso/vgetcpu-x32.o - due to target missing
  LDS     arch/x86/entry/vdso/vdso32/vdso32.lds - due to target missing
  AS      arch/x86/entry/vdso/vdso32/note.o - due to target missing
  AS      arch/x86/entry/vdso/vdso32/system_call.o - due to target missing
  AS      arch/x86/entry/vdso/vdso32/sigreturn.o - due to target missing
  CC      arch/x86/entry/vdso/vdso32/vclock_gettime.o - due to target missing
  CC      init/do_mounts_initrd.o - due to target missing
  CC      arch/x86/events/intel/bts.o - due to target missing
  VDSO    arch/x86/entry/vdso/vdso64.so.dbg - due to target missing
  VDSO    arch/x86/entry/vdso/vdsox32.so.dbg - due to target missing
  AR      arch/x86/events/amd/built-in.a - due to target missing
  CC      init/initramfs.o - due to target missing
  VDSO    arch/x86/entry/vdso/vdso32.so.dbg - due to target missing
  OBJCOPY arch/x86/entry/vdso/vdso64.so - due to target missing
  OBJCOPY arch/x86/entry/vdso/vdsox32.so - due to target missing
  OBJCOPY arch/x86/entry/vdso/vdso32.so - due to target missing
  VDSO2C  arch/x86/entry/vdso/vdso-image-64.c - due to target missing
  VDSO2C  arch/x86/entry/vdso/vdso-image-x32.c - due to target missing
  VDSO2C  arch/x86/entry/vdso/vdso-image-32.c - due to target missing
  CC      arch/x86/entry/vdso/vdso-image-64.o - due to target missing
  CC      arch/x86/realmode/init.o - due to target missing
  CC      arch/x86/entry/vdso/vdso-image-x32.o - due to target missing
  CC      arch/x86/events/intel/ds.o - due to target missing
  CC      arch/x86/entry/vdso/vdso-image-32.o - due to target missing
  AS      arch/x86/realmode/rm/header.o - due to target missing
  AR      arch/x86/entry/vdso/built-in.a - due to target missing
  AS      arch/x86/entry/entry.o - due to target missing
  AS      arch/x86/realmode/rm/trampoline_64.o - due to target missing
  AS      arch/x86/realmode/rm/stack.o - due to target missing
  AS      arch/x86/realmode/rm/reboot.o - due to target missing
  AS      arch/x86/realmode/rm/wakeup_asm.o - due to target missing
  AS      arch/x86/entry/entry_64.o - due to target missing
  CC      arch/x86/realmode/rm/wakemain.o - due to target missing
  CC      init/calibrate.o - due to target missing
  CC      arch/x86/realmode/rm/video-mode.o - due to target missing
  CC      arch/x86/entry/syscall_64.o - due to target missing
  AS      arch/x86/realmode/rm/copy.o - due to target missing
  AS      arch/x86/realmode/rm/bioscall.o - due to target missing
  CC      arch/x86/realmode/rm/regs.o - due to target missing
  CC      init/init_task.o - due to target missing
  CC      arch/x86/realmode/rm/video-vga.o - due to target missing
  CC      arch/x86/realmode/rm/video-vesa.o - due to target missing
  CC      arch/x86/events/intel/knc.o - due to target missing
  CC      arch/x86/realmode/rm/video-bios.o - due to target missing
  PASYMS  arch/x86/realmode/rm/pasyms.h - due to target missing
  LDS     arch/x86/realmode/rm/realmode.lds - due to target missing
  LD      arch/x86/realmode/rm/realmode.elf - due to target missing
  RELOCS  arch/x86/realmode/rm/realmode.relocs - due to target missing
  OBJCOPY arch/x86/realmode/rm/realmode.bin - due to target missing
  AS      arch/x86/realmode/rmpiggy.o - due to target missing
  CC      arch/x86/entry/common.o - due to target missing
  AR      arch/x86/realmode/built-in.a - due to target missing
  CC      arch/x86/events/intel/lbr.o - due to target missing
  CC      kernel/sched/core.o - due to target missing
  CC      init/version.o - due to target missing
  AS      arch/x86/entry/thunk_64.o - due to target missing
  AS      arch/x86/entry/entry_64_compat.o - due to target missing
  AR      init/built-in.a - due to target missing
  CC      arch/x86/entry/syscall_32.o - due to target missing
  CC      arch/x86/kernel/fpu/init.o - due to target missing
  CC      arch/x86/events/intel/p4.o - due to target missing
  CC      arch/x86/entry/syscall_x32.o - due to target missing
  CC      arch/x86/kernel/fpu/bugs.o - due to target missing
  CC      arch/x86/kernel/fpu/core.o - due to target missing
  CC      arch/x86/events/intel/p6.o - due to target missing
  AR      arch/x86/entry/built-in.a - due to target missing
  CC      arch/x86/events/zhaoxin/core.o - due to target missing
  CC      arch/x86/events/intel/pt.o - due to target missing
  CC      arch/x86/kernel/fpu/regset.o - due to target missing
  AR      arch/x86/events/zhaoxin/built-in.a - due to target missing
  CC      kernel/locking/mutex.o - due to target missing
  CC      arch/x86/kernel/fpu/signal.o - due to target missing
  CC      arch/x86/events/intel/uncore.o - due to target missing
  CC      kernel/sched/fair.o - due to target missing
  CC      kernel/locking/semaphore.o - due to target missing
  CC      arch/x86/kernel/fpu/xstate.o - due to target missing
  CC      kernel/locking/rwsem.o - due to target missing
  CC      arch/x86/events/intel/uncore_nhmex.o - due to target missing
  AR      arch/x86/kernel/fpu/built-in.a - due to target missing
  CC      arch/x86/kernel/cpu/mce/core.o - due to target missing
  CC      kernel/locking/percpu-rwsem.o - due to target missing
  CC      arch/x86/events/intel/uncore_snb.o - due to target missing
  CC      kernel/locking/spinlock.o - due to target missing
  CC      arch/x86/events/intel/uncore_snbep.o - due to target missing
  CC      kernel/locking/osq_lock.o - due to target missing
  CC      kernel/locking/qspinlock.o - due to target missing
  CC      arch/x86/kernel/cpu/mce/severity.o - due to target missing
  CC      kernel/sched/build_policy.o - due to target missing
  CC      kernel/locking/rtmutex_api.o - due to target missing
  CC      arch/x86/kernel/cpu/mce/genpool.o - due to target missing
  CC      arch/x86/events/intel/uncore_discovery.o - due to target missing
  CC      arch/x86/kernel/cpu/mce/intel.o - due to target missing
  CC      kernel/locking/qrwlock.o - due to target missing
  CC      arch/x86/events/intel/cstate.o - due to target missing
  CC      arch/x86/kernel/cpu/mce/threshold.o - due to target missing
  AR      kernel/locking/built-in.a - due to target missing
  CC      kernel/power/qos.o - due to target missing
  AR      arch/x86/events/intel/built-in.a - due to target missing
  CC      arch/x86/events/core.o - due to target missing
  AR      arch/x86/kernel/cpu/mce/built-in.a - due to target missing
  CC      arch/x86/kernel/cpu/mtrr/mtrr.o - due to target missing
  CC      kernel/sched/build_utility.o - due to target missing
  CC      kernel/power/main.o - due to target missing
  CC      arch/x86/kernel/cpu/mtrr/if.o - due to target missing
  CC      arch/x86/kernel/cpu/mtrr/generic.o - due to target missing
  CC      arch/x86/events/probe.o - due to target missing
  CC      kernel/power/console.o - due to target missing
  CC      arch/x86/events/utils.o - due to target missing
  CC      arch/x86/kernel/cpu/mtrr/cleanup.o - due to target missing
  CC      kernel/power/process.o - due to target missing
  CC      arch/x86/events/rapl.o - due to target missing
  AR      arch/x86/kernel/cpu/mtrr/built-in.a - due to target missing
  CC      arch/x86/kernel/cpu/microcode/core.o - due to target missing
  CC      kernel/power/suspend.o - due to target missing
  CC      arch/x86/events/msr.o - due to target missing
  CC      arch/x86/kernel/cpu/microcode/intel.o - due to target missing
  AR      kernel/sched/built-in.a - due to target missing
  CC      certs/system_keyring.o - due to target missing
  AR      arch/x86/events/built-in.a - due to target missing
  HOSTCC  certs/extract-cert - due to target missing
  CC      arch/x86/mm/pat/set_memory.o - due to target missing
  AR      arch/x86/kernel/cpu/microcode/built-in.a - due to target missing
  CC      arch/x86/kernel/cpu/cacheinfo.o - due to target missing
  COPY    certs/x509.genkey - due to target missing
  CERT    certs/x509_certificate_list - due to target missing
Extracted cert: /CN=Custom signing key for building the kernel modules
  GENKEY  certs/signing_key.pem - due to target missing
-----
  CERT    certs/signing_key.x509 - due to target missing
Extracted cert: /CN=Build time autogenerated kernel key
  AS      certs/system_certificates.o - due to target missing
  CC      kernel/power/hibernate.o - due to target missing
  AR      certs/built-in.a - due to target missing
  CC      kernel/printk/printk.o - due to target missing
  CC      arch/x86/kernel/cpu/scattered.o - due to target missing
  CC      arch/x86/kernel/cpu/topology.o - due to target missing
  CC      kernel/power/snapshot.o - due to target missing
  CC      arch/x86/mm/pat/memtype.o - due to target missing
  CC      arch/x86/kernel/cpu/common.o - due to target missing
  CC      kernel/printk/printk_safe.o - due to target missing
  CC      arch/x86/mm/pat/memtype_interval.o - due to target missing
  CC      kernel/power/swap.o - due to target missing
  CC      kernel/printk/printk_ringbuffer.o - due to target missing
  AR      arch/x86/mm/pat/built-in.a - due to target missing
  CC      arch/x86/mm/init.o - due to target missing
  CC      arch/x86/kernel/cpu/rdrand.o - due to target missing
  CC      kernel/printk/sysctl.o - due to target missing
  CC      arch/x86/kernel/cpu/match.o - due to target missing
  AR      kernel/printk/built-in.a - due to target missing
  CC      arch/x86/kernel/acpi/boot.o - due to target missing
  CC      kernel/power/user.o - due to target missing
  CC      arch/x86/kernel/cpu/bugs.o - due to target missing
  CC      kernel/power/poweroff.o - due to target missing
  CC      arch/x86/mm/init_64.o - due to target missing
  AR      kernel/power/built-in.a - due to target missing
  CC      kernel/irq/irqdesc.o - due to target missing
  CC      arch/x86/kernel/acpi/sleep.o - due to target missing
  CC      kernel/irq/handle.o - due to target missing
  AS      arch/x86/kernel/acpi/wakeup_64.o - due to target missing
  CC      arch/x86/kernel/acpi/cppc.o - due to target missing
  CC      arch/x86/mm/fault.o - due to target missing
  CC      arch/x86/kernel/cpu/aperfmperf.o - due to target missing
  CC      arch/x86/kernel/acpi/cstate.o - due to target missing
  CC      kernel/irq/manage.o - due to target missing
  CC      arch/x86/kernel/cpu/cpuid-deps.o - due to target missing
  CC      arch/x86/mm/ioremap.o - due to target missing
  AR      arch/x86/kernel/acpi/built-in.a - due to target missing
  AS      arch/x86/crypto/chacha-avx2-x86_64.o - due to target missing
  CC      arch/x86/kernel/cpu/umwait.o - due to target missing
  AS      arch/x86/crypto/chacha-ssse3-x86_64.o - due to target missing
  CC      arch/x86/crypto/chacha_glue.o - due to target missing
  CC      kernel/irq/spurious.o - due to target missing
  CC      arch/x86/kernel/cpu/proc.o - due to target missing
  CC      arch/x86/mm/extable.o - due to target missing
  AS      arch/x86/crypto/chacha-avx512vl-x86_64.o - due to target missing
  AS      arch/x86/crypto/aesni-intel_asm.o - due to target missing
  CC      arch/x86/crypto/aesni-intel_glue.o - due to target missing
  CC      kernel/irq/resend.o - due to target missing
  MKCAP   arch/x86/kernel/cpu/capflags.c - due to target missing
  CC      arch/x86/mm/mmap.o - due to target missing
  CC      kernel/irq/chip.o - due to target missing
  AS      arch/x86/crypto/aesni-intel_avx-x86_64.o - due to target missing
  CC      arch/x86/mm/pgtable.o - due to target missing
  AS      arch/x86/crypto/aes_ctrby8_avx-x86_64.o - due to target missing
  AS      arch/x86/crypto/sha1_avx2_x86_64_asm.o - due to target missing
  AS      arch/x86/crypto/sha1_ssse3_asm.o - due to target missing
  CC      arch/x86/crypto/sha1_ssse3_glue.o - due to target missing
  CC      kernel/irq/dummychip.o - due to target missing
  CC      arch/x86/mm/physaddr.o - due to target missing
  AS      arch/x86/crypto/sha1_ni_asm.o - due to target missing
  AS      arch/x86/crypto/sha256-ssse3-asm.o - due to target missing
  AS      arch/x86/crypto/sha256-avx-asm.o - due to target missing
  CC      kernel/irq/devres.o - due to target missing
  AS      arch/x86/crypto/sha256-avx2-asm.o - due to target missing
  CC      arch/x86/crypto/sha256_ssse3_glue.o - due to target missing
  CC      arch/x86/mm/tlb.o - due to target missing
  CC      kernel/irq/autoprobe.o - due to target missing
  AS      arch/x86/crypto/sha256_ni_asm.o - due to target missing
  AS      arch/x86/crypto/sha512-ssse3-asm.o - due to target missing
  AS      arch/x86/crypto/sha512-avx-asm.o - due to target missing
  AS      arch/x86/crypto/sha512-avx2-asm.o - due to target missing
  CC      arch/x86/crypto/sha512_ssse3_glue.o - due to target missing
  CC      kernel/irq/irqdomain.o - due to target missing
  CC      arch/x86/mm/cpu_entry_area.o - due to target missing
  AS      arch/x86/crypto/blake2s-core.o - due to target missing
  CC      arch/x86/crypto/blake2s-glue.o - due to target missing
  AS      arch/x86/crypto/ghash-clmulni-intel_asm.o - due to target missing
  CC      arch/x86/crypto/ghash-clmulni-intel_glue.o - due to target missing
  CC      arch/x86/mm/maccess.o - due to target missing
  CC      arch/x86/mm/pgprot.o - due to target missing
  CC      kernel/irq/proc.o - due to target missing
  CC      arch/x86/crypto/crc32c-intel_glue.o - due to target missing
  AS      arch/x86/crypto/crc32c-pcl-intel-asm_64.o - due to target missing
  CC      kernel/irq/migration.o - due to target missing
  AS      arch/x86/crypto/crc32-pclmul_asm.o - due to target missing
  CC      arch/x86/mm/dump_pagetables.o - due to target missing
  CC      arch/x86/crypto/crc32-pclmul_glue.o - due to target missing
  CC      kernel/irq/cpuhotplug.o - due to target missing
  PERLASM arch/x86/crypto/poly1305-x86_64-cryptogams.S - due to target missing
  CC      arch/x86/crypto/poly1305_glue.o - due to target missing
  CC      arch/x86/kernel/cpu/powerflags.o - due to target missing
  CC      kernel/irq/pm.o - due to target missing
  CC      arch/x86/kernel/cpu/feat_ctl.o - due to target missing
  CC      arch/x86/mm/kaslr.o - due to target missing
  AS      arch/x86/crypto/poly1305-x86_64-cryptogams.o - due to target missing
  AR      arch/x86/crypto/built-in.a - due to target missing
  CC      arch/x86/kernel/cpu/intel.o - due to target missing
  CC      mm/filemap.o - due to target missing
  CC      kernel/irq/msi.o - due to target missing
  CC      arch/x86/mm/pti.o - due to target missing
  AR      arch/x86/mm/built-in.a - due to target missing
  CC      kernel/rcu/update.o - due to target missing
  CC      arch/x86/kernel/cpu/intel_pconfig.o - due to target missing
  CC      kernel/irq/affinity.o - due to target missing
  CC      arch/x86/kernel/cpu/tsx.o - due to target missing
  CC      arch/x86/kernel/cpu/intel_epb.o - due to target missing
  CC      kernel/irq/matrix.o - due to target missing
  CC      kernel/rcu/sync.o - due to target missing
  CC      arch/x86/kernel/cpu/amd.o - due to target missing
  CC      kernel/rcu/srcutree.o - due to target missing
  AR      kernel/irq/built-in.a - due to target missing
  CC      arch/x86/kernel/apic/apic.o - due to target missing
  CC      mm/mempool.o - due to target missing
  CC      arch/x86/kernel/cpu/hygon.o - due to target missing
  CC      kernel/rcu/tree.o - due to target missing
  CC      mm/oom_kill.o - due to target missing
  CC      arch/x86/kernel/cpu/centaur.o - due to target missing
  CC      arch/x86/kernel/cpu/zhaoxin.o - due to target missing
  CC      arch/x86/kernel/apic/apic_common.o - due to target missing
  CC      arch/x86/kernel/cpu/perfctr-watchdog.o - due to target missing
  CC      mm/fadvise.o - due to target missing
  CC      arch/x86/kernel/apic/apic_noop.o - due to target missing
  CC      arch/x86/kernel/apic/ipi.o - due to target missing
  CC      arch/x86/kernel/cpu/vmware.o - due to target missing
  CC      arch/x86/kernel/apic/vector.o - due to target missing
  CC      arch/x86/kernel/cpu/hypervisor.o - due to target missing
  CC      mm/maccess.o - due to target missing
  CC      arch/x86/kernel/cpu/mshyperv.o - due to target missing
  CC      kernel/rcu/rcu_segcblist.o - due to target missing
  AR      kernel/rcu/built-in.a - due to target missing
  AR      kernel/livepatch/built-in.a - due to target missing
  CC      arch/x86/kernel/apic/hw_nmi.o - due to target missing
  CC      mm/page-writeback.o - due to target missing
  CC      kernel/dma/mapping.o - due to target missing
  CC      arch/x86/kernel/cpu/capflags.o - due to target missing
  AR      arch/x86/kernel/cpu/built-in.a - due to target missing
  AR      fs/notify/dnotify/built-in.a - due to target missing
  CC      fs/notify/inotify/inotify_fsnotify.o - due to target missing
  CC      arch/x86/kernel/apic/io_apic.o - due to target missing
  CC      fs/notify/inotify/inotify_user.o - due to target missing
  CC      kernel/dma/direct.o - due to target missing
  AR      fs/notify/inotify/built-in.a - due to target missing
  AR      fs/notify/fanotify/built-in.a - due to target missing
  CC      fs/notify/fsnotify.o - due to target missing
  CC      mm/folio-compat.o - due to target missing
  CC      kernel/dma/ops_helpers.o - due to target missing
  CC      arch/x86/kernel/apic/msi.o - due to target missing
  CC      kernel/dma/dummy.o - due to target missing
  CC      fs/notify/notification.o - due to target missing
  CC      kernel/dma/swiotlb.o - due to target missing
  CC      mm/readahead.o - due to target missing
  CC      arch/x86/kernel/apic/x2apic_phys.o - due to target missing
  CC      fs/notify/group.o - due to target missing
  CC      arch/x86/kernel/apic/x2apic_cluster.o - due to target missing
  CC      kernel/dma/remap.o - due to target missing
  CC      mm/swap.o - due to target missing
  CC      arch/x86/kernel/apic/apic_flat_64.o - due to target missing
  CC      fs/notify/mark.o - due to target missing
  AR      kernel/dma/built-in.a - due to target missing
  CC      kernel/entry/common.o - due to target missing
  CC      arch/x86/kernel/apic/probe_64.o - due to target missing
  AR      arch/x86/kernel/apic/built-in.a - due to target missing
  AR      arch/x86/kernel/kprobes/built-in.a - due to target missing
  LDS     arch/x86/kernel/vmlinux.lds - due to target missing
  CC      kernel/entry/syscall_user_dispatch.o - due to target missing
  AS      arch/x86/kernel/head_64.o - due to target missing
  CC      mm/truncate.o - due to target missing
  CC      fs/notify/fdinfo.o - due to target missing
  CC      arch/x86/kernel/head64.o - due to target missing
  CC      kernel/entry/kvm.o - due to target missing
  AR      fs/notify/built-in.a - due to target missing
  CC      fs/nfs_common/nfs_ssc.o - due to target missing
  CC      arch/x86/kernel/ebda.o - due to target missing
  CC      mm/vmscan.o - due to target missing
  AR      kernel/entry/built-in.a - due to target missing
  CC      kernel/module/main.o - due to target missing
  CC      arch/x86/kernel/platform-quirks.o - due to target missing
  CC      arch/x86/kernel/process_64.o - due to target missing
  CC      fs/nfs_common/common.o - due to target missing
  CC [M]  fs/nfs_common/nfsacl.o - due to target missing
  CC      arch/x86/kernel/signal.o - due to target missing
  CC      kernel/module/strict_rwx.o - due to target missing
  CC [M]  fs/nfs_common/grace.o - due to target missing
  CC      mm/shmem.o - due to target missing
  CC      kernel/module/decompress.o - due to target missing
  CC      arch/x86/kernel/signal_compat.o - due to target missing
  CC      kernel/module/signing.o - due to target missing
  CC      arch/x86/kernel/traps.o - due to target missing
  LD [M]  fs/nfs_common/nfs_acl.o - due to target missing
  AR      fs/nfs_common/built-in.a - due to target missing
  CC      fs/iomap/trace.o - due to target missing
  CC      kernel/module/tree_lookup.o - due to target missing
  CC      fs/iomap/iter.o - due to target missing
  CC      arch/x86/kernel/idt.o - due to target missing
  CC      kernel/module/kallsyms.o - due to target missing
  CC      fs/iomap/buffered-io.o - due to target missing
  CC      arch/x86/kernel/irq.o - due to target missing
  CC      mm/util.o - due to target missing
  CC      kernel/module/procfs.o - due to target missing
  CC      arch/x86/kernel/irq_64.o - due to target missing
  CC      kernel/module/sysfs.o - due to target missing
  CC      mm/mmzone.o - due to target missing
  CC      fs/iomap/direct-io.o - due to target missing
  CC      arch/x86/kernel/dumpstack_64.o - due to target missing
  CC      mm/vmstat.o - due to target missing
  CC      kernel/module/version.o - due to target missing
  CC      arch/x86/kernel/time.o - due to target missing
  AR      kernel/module/built-in.a - due to target missing
  CC      kernel/time/time.o - due to target missing
  CC      fs/iomap/fiemap.o - due to target missing
  CC      arch/x86/kernel/ioport.o - due to target missing
  CC      mm/backing-dev.o - due to target missing
  CC      arch/x86/kernel/dumpstack.o - due to target missing
  CC      fs/iomap/seek.o - due to target missing
  CC      kernel/time/timer.o - due to target missing
  CC      arch/x86/kernel/nmi.o - due to target missing
  CC      fs/iomap/swapfile.o - due to target missing
  CC      mm/mm_init.o - due to target missing
  CC      arch/x86/kernel/ldt.o - due to target missing
  CC      kernel/time/hrtimer.o - due to target missing
  AR      fs/iomap/built-in.a - due to target missing
  CC      fs/quota/quota.o - due to target missing
  CC      mm/percpu.o - due to target missing
  CC      arch/x86/kernel/setup.o - due to target missing
  CC      fs/quota/kqid.o - due to target missing
  CC      kernel/time/timekeeping.o - due to target missing
  AR      fs/quota/built-in.a - due to target missing
  CC      arch/x86/kernel/x86_init.o - due to target missing
  CC      fs/proc/task_mmu.o - due to target missing
  CC      mm/slab_common.o - due to target missing
  CC      kernel/time/ntp.o - due to target missing
  CC      arch/x86/kernel/i8259.o - due to target missing
  CC      fs/proc/inode.o - due to target missing
  CC      kernel/time/clocksource.o - due to target missing
  CC      mm/compaction.o - due to target missing
  CC      arch/x86/kernel/irqinit.o - due to target missing
  CC      fs/proc/root.o - due to target missing
  CC      fs/proc/base.o - due to target missing
  CC      arch/x86/kernel/jump_label.o - due to target missing
  CC      kernel/time/jiffies.o - due to target missing
  CC      arch/x86/kernel/irq_work.o - due to target missing
  CC      kernel/time/timer_list.o - due to target missing
  CC      arch/x86/kernel/probe_roms.o - due to target missing
  CC      mm/interval_tree.o - due to target missing
  CC      kernel/time/timeconv.o - due to target missing
  CC      fs/proc/generic.o - due to target missing
  CC      kernel/time/timecounter.o - due to target missing
  CC      kernel/time/alarmtimer.o - due to target missing
  CC      mm/list_lru.o - due to target missing
  CC      arch/x86/kernel/sys_ia32.o - due to target missing
  CC      fs/proc/array.o - due to target missing
  CC      arch/x86/kernel/sys_x86_64.o - due to target missing
  CC      kernel/time/posix-timers.o - due to target missing
  CC      mm/workingset.o - due to target missing
  CC      arch/x86/kernel/espfix_64.o - due to target missing
  CC      fs/proc/fd.o - due to target missing
  CC      mm/debug.o - due to target missing
  CC      fs/proc/proc_tty.o - due to target missing
  CC      kernel/time/posix-cpu-timers.o - due to target missing
  CC      arch/x86/kernel/ksysfs.o - due to target missing
  CC      fs/proc/cmdline.o - due to target missing
  CC      arch/x86/kernel/bootflag.o - due to target missing
  CC      mm/gup.o - due to target missing
  CC      kernel/time/posix-clock.o - due to target missing
  CC      fs/proc/consoles.o - due to target missing
  CC      arch/x86/kernel/e820.o - due to target missing
  CC      fs/proc/cpuinfo.o - due to target missing
  CC      fs/proc/devices.o - due to target missing
  CC      kernel/time/itimer.o - due to target missing
  CC      fs/proc/interrupts.o - due to target missing
  CC      arch/x86/kernel/pci-dma.o - due to target missing
  CC      kernel/time/clockevents.o - due to target missing
  CC      mm/mmap_lock.o - due to target missing
  CC      fs/proc/loadavg.o - due to target missing
  CC      fs/proc/meminfo.o - due to target missing
  CC      mm/highmem.o - due to target missing
  CC      arch/x86/kernel/quirks.o - due to target missing
  CC      kernel/time/tick-common.o - due to target missing
  CC      fs/proc/stat.o - due to target missing
  CC      mm/memory.o - due to target missing
  CC      fs/proc/uptime.o - due to target missing
  CC      arch/x86/kernel/topology.o - due to target missing
  CC      kernel/time/tick-broadcast.o - due to target missing
  CC      fs/proc/util.o - due to target missing
  CC      arch/x86/kernel/kdebugfs.o - due to target missing
  CC      fs/proc/version.o - due to target missing
  CC      kernel/time/tick-broadcast-hrtimer.o - due to target missing
  CC      fs/proc/softirqs.o - due to target missing
  CC      arch/x86/kernel/alternative.o - due to target missing
  CC      kernel/time/tick-oneshot.o - due to target missing
  CC      fs/proc/namespaces.o - due to target missing
  CC      kernel/time/tick-sched.o - due to target missing
  CC      fs/proc/self.o - due to target missing
  CC      fs/proc/thread_self.o - due to target missing
  CC      mm/mincore.o - due to target missing
  CC      arch/x86/kernel/i8253.o - due to target missing
  CC      kernel/time/vsyscall.o - due to target missing
  CC      arch/x86/kernel/hw_breakpoint.o - due to target missing
  CC      fs/proc/proc_sysctl.o - due to target missing
  CC      kernel/time/timekeeping_debug.o - due to target missing
  CC      mm/mlock.o - due to target missing
  AR      kernel/time/built-in.a - due to target missing
  CC      kernel/futex/core.o - due to target missing
  CC      arch/x86/kernel/tsc.o - due to target missing
  CC      kernel/futex/syscalls.o - due to target missing
  CC      mm/mmap.o - due to target missing
  CC      fs/proc/proc_net.o - due to target missing
  CC      arch/x86/kernel/tsc_msr.o - due to target missing
  CC      kernel/futex/pi.o - due to target missing
  CC      arch/x86/kernel/io_delay.o - due to target missing
  CC      kernel/futex/requeue.o - due to target missing
  CC      arch/x86/kernel/rtc.o - due to target missing
  CC      fs/proc/kmsg.o - due to target missing
  CC      kernel/futex/waitwake.o - due to target missing
  CC      fs/proc/page.o - due to target missing
  AR      kernel/futex/built-in.a - due to target missing
  CC      kernel/cgroup/cgroup.o - due to target missing
  CC      mm/mmu_gather.o - due to target missing
  CC      arch/x86/kernel/resource.o - due to target missing
  AS      arch/x86/kernel/irqflags.o - due to target missing
  AR      fs/proc/built-in.a - due to target missing
  CC      fs/kernfs/mount.o - due to target missing
  CC      arch/x86/kernel/static_call.o - due to target missing
  CC      mm/mprotect.o - due to target missing
  CC      fs/kernfs/inode.o - due to target missing
  CC      arch/x86/kernel/process.o - due to target missing
  CC      fs/kernfs/dir.o - due to target missing
  CC      mm/mremap.o - due to target missing
  CC      arch/x86/kernel/ptrace.o - due to target missing
  CC      mm/msync.o - due to target missing
  CC      fs/kernfs/file.o - due to target missing
  CC      mm/page_vma_mapped.o - due to target missing
  CC      arch/x86/kernel/tls.o - due to target missing
  CC      kernel/cgroup/rstat.o - due to target missing
  CC      fs/kernfs/symlink.o - due to target missing
  CC      mm/pagewalk.o - due to target missing
  CC      arch/x86/kernel/step.o - due to target missing
  CC      kernel/cgroup/namespace.o - due to target missing
  AR      fs/kernfs/built-in.a - due to target missing
  CC      fs/sysfs/file.o - due to target missing
  CC      mm/pgtable-generic.o - due to target missing
  CC      arch/x86/kernel/i8237.o - due to target missing
  CC      kernel/cgroup/cgroup-v1.o - due to target missing
  CC      arch/x86/kernel/stacktrace.o - due to target missing
  CC      mm/rmap.o - due to target missing
  CC      fs/sysfs/dir.o - due to target missing
  CC      arch/x86/kernel/reboot.o - due to target missing
  CC      fs/sysfs/symlink.o - due to target missing
  CC      kernel/cgroup/freezer.o - due to target missing
  CC      arch/x86/kernel/msr.o - due to target missing
  CC      fs/sysfs/mount.o - due to target missing
  CC      mm/vmalloc.o - due to target missing
  CC      kernel/cgroup/legacy_freezer.o - due to target missing
  CC      arch/x86/kernel/cpuid.o - due to target missing
  CC      kernel/cgroup/pids.o - due to target missing
  CC      fs/sysfs/group.o - due to target missing
  CC      arch/x86/kernel/early-quirks.o - due to target missing
  CC      kernel/cgroup/cpuset.o - due to target missing
  AR      fs/sysfs/built-in.a - due to target missing
  CC      fs/devpts/inode.o - due to target missing
  CC      arch/x86/kernel/smp.o - due to target missing
  AR      fs/devpts/built-in.a - due to target missing
  CC      fs/ramfs/inode.o - due to target missing
  CC      mm/process_vm_access.o - due to target missing
  CC      fs/ramfs/file-mmu.o - due to target missing
  CC      arch/x86/kernel/smpboot.o - due to target missing
  AR      fs/ramfs/built-in.a - due to target missing
  CC      fs/exportfs/expfs.o - due to target missing
  CC      kernel/cgroup/misc.o - due to target missing
  CC      mm/page_alloc.o - due to target missing
  AR      kernel/cgroup/built-in.a - due to target missing
  AR      fs/exportfs/built-in.a - due to target missing
  CC      fs/nls/nls_base.o - due to target missing
  CC      kernel/bpf/core.o - due to target missing
  CC      arch/x86/kernel/tsc_sync.o - due to target missing
  CC      fs/nls/nls_utf8.o - due to target missing
  CC      arch/x86/kernel/setup_percpu.o - due to target missing
  CC [M]  fs/nls/nls_cp437.o - due to target missing
  CC [M]  fs/nls/nls_ascii.o - due to target missing
  CC      arch/x86/kernel/trace_clock.o - due to target missing
  AR      fs/nls/built-in.a - due to target missing
  CC      fs/unicode/utf8-norm.o - due to target missing
  CC      arch/x86/kernel/crash_core_64.o - due to target missing
  CC      fs/unicode/utf8-core.o - due to target missing
  AR      kernel/bpf/built-in.a - due to target missing
  CC      kernel/events/core.o - due to target missing
  CC      arch/x86/kernel/machine_kexec_64.o - due to target missing
  CC      mm/init-mm.o - due to target missing
  COPY    fs/unicode/utf8data.c - due to target missing
  CC      fs/unicode/utf8data.o - due to target missing
  AS      arch/x86/kernel/relocate_kernel_64.o - due to target missing
  CC      mm/memblock.o - due to target missing
  CC      arch/x86/kernel/crash.o - due to target missing
  AR      fs/unicode/built-in.a - due to target missing
  CC      fs/autofs/init.o - due to target missing
  CC      arch/x86/kernel/kexec-bzimage64.o - due to target missing
  CC      fs/autofs/inode.o - due to target missing
  CC      arch/x86/kernel/crash_dump_64.o - due to target missing
  CC      mm/madvise.o - due to target missing
  CC      fs/autofs/root.o - due to target missing
  CC      arch/x86/kernel/module.o - due to target missing
  CC      fs/autofs/symlink.o - due to target missing
  CC      arch/x86/kernel/early_printk.o - due to target missing
  CC      fs/autofs/waitq.o - due to target missing
  CC      mm/page_io.o - due to target missing
  CC      arch/x86/kernel/hpet.o - due to target missing
  CC      fs/autofs/expire.o - due to target missing
  CC      mm/swap_state.o - due to target missing
  CC      fs/autofs/dev-ioctl.o - due to target missing
  CC      arch/x86/kernel/amd_nb.o - due to target missing
  AR      fs/autofs/built-in.a - due to target missing
  CC      fs/debugfs/inode.o - due to target missing
  CC      mm/swapfile.o - due to target missing
  CC      kernel/events/ring_buffer.o - due to target missing
  CC      arch/x86/kernel/kvm.o - due to target missing
  CC      fs/debugfs/file.o - due to target missing
  CC      kernel/events/callchain.o - due to target missing
  CC      kernel/events/hw_breakpoint.o - due to target missing
  CC      arch/x86/kernel/kvmclock.o - due to target missing
  AR      fs/debugfs/built-in.a - due to target missing
  CC      fs/btrfs/super.o - due to target missing
  CC      mm/swap_slots.o - due to target missing
  CC      arch/x86/kernel/paravirt.o - due to target missing
  CC      mm/frontswap.o - due to target missing
  AR      kernel/events/built-in.a - due to target missing
  CC      kernel/fork.o - due to target missing
  CC      mm/zswap.o - due to target missing
  CC      fs/btrfs/ctree.o - due to target missing
  CC      arch/x86/kernel/pvclock.o - due to target missing
  CC      mm/dmapool.o - due to target missing
  CC      arch/x86/kernel/pcspeaker.o - due to target missing
  CC      arch/x86/kernel/check.o - due to target missing
  CC      kernel/exec_domain.o - due to target missing
  CC      mm/sparse.o - due to target missing
  CC      arch/x86/kernel/perf_regs.o - due to target missing
  CC      kernel/panic.o - due to target missing
  CC      fs/btrfs/extent-tree.o - due to target missing
  CC      arch/x86/kernel/itmt.o - due to target missing
  CC      mm/sparse-vmemmap.o - due to target missing
  CC      arch/x86/kernel/umip.o - due to target missing
  CC      kernel/cpu.o - due to target missing
  CC      mm/mmu_notifier.o - due to target missing
  CC      arch/x86/kernel/unwind_orc.o - due to target missing
  CC      mm/slub.o - due to target missing
  CC      arch/x86/kernel/mmconf-fam10h_64.o - due to target missing
  CC      kernel/exit.o - due to target missing
  CC      fs/btrfs/print-tree.o - due to target missing
  CC      arch/x86/kernel/vsmp_64.o - due to target missing
  AR      arch/x86/kernel/built-in.a - due to target missing
  CC      fs/btrfs/root-tree.o - due to target missing
  CC      arch/x86/ia32/ia32_signal.o - due to target missing
  AR      arch/x86/ia32/built-in.a - due to target missing
  AR      arch/x86/platform/atom/built-in.a - due to target missing
  AR      arch/x86/platform/ce4100/built-in.a - due to target missing
  CC      arch/x86/platform/efi/memmap.o - due to target missing
  CC      fs/btrfs/dir-item.o - due to target missing
  CC      kernel/softirq.o - due to target missing
  CC      arch/x86/platform/efi/quirks.o - due to target missing
  CC      fs/btrfs/file-item.o - due to target missing
  CC      mm/migrate.o - due to target missing
  CC      kernel/resource.o - due to target missing
  CC      arch/x86/platform/efi/efi.o - due to target missing
  CC      fs/btrfs/inode-item.o - due to target missing
  CC      kernel/sysctl.o - due to target missing
  CC      arch/x86/platform/efi/efi_64.o - due to target missing
  CC      mm/huge_memory.o - due to target missing
  CC      fs/btrfs/disk-io.o - due to target missing
  AS      arch/x86/platform/efi/efi_stub_64.o - due to target missing
  AR      arch/x86/platform/efi/built-in.a - due to target missing
  AR      arch/x86/platform/geode/built-in.a - due to target missing
  AR      arch/x86/platform/iris/built-in.a - due to target missing
  CC      arch/x86/platform/intel/iosf_mbi.o - due to target missing
  AR      arch/x86/platform/intel/built-in.a - due to target missing
  AR      arch/x86/platform/intel-mid/built-in.a - due to target missing
  AR      arch/x86/platform/intel-quark/built-in.a - due to target missing
  AR      arch/x86/platform/olpc/built-in.a - due to target missing
  AR      arch/x86/platform/scx200/built-in.a - due to target missing
  AR      arch/x86/platform/ts5500/built-in.a - due to target missing
  AR      arch/x86/platform/uv/built-in.a - due to target missing
  AR      arch/x86/platform/built-in.a - due to target missing
  CC      kernel/capability.o - due to target missing
  AR      arch/x86/net/built-in.a - due to target missing
  CC      arch/x86/purgatory/purgatory.o - due to target missing
  AS      arch/x86/purgatory/stack.o - due to target missing
  AS      arch/x86/purgatory/setup-x86_64.o - due to target missing
  CC      arch/x86/purgatory/sha256.o - due to target missing
  CC      fs/btrfs/transaction.o - due to target missing
  CC      mm/khugepaged.o - due to target missing
  AS      arch/x86/purgatory/entry64.o - due to target missing
  CC      arch/x86/purgatory/string.o - due to target missing
  CC      kernel/ptrace.o - due to target missing
  LD      arch/x86/purgatory/purgatory.ro - due to target missing
  LD      arch/x86/purgatory/purgatory.chk - due to target missing
  AS      arch/x86/purgatory/kexec-purgatory.o - due to target missing
  AR      arch/x86/purgatory/built-in.a - due to target missing
  CC [M]  arch/x86/kvm/../../../virt/kvm/kvm_main.o - due to target missing
  CC      fs/btrfs/inode.o - due to target missing
  CC      mm/page_counter.o - due to target missing
  CC      kernel/user.o - due to target missing
  CC      mm/memcontrol.o - due to target missing
  CC      kernel/signal.o - due to target missing
  CC [M]  arch/x86/kvm/../../../virt/kvm/eventfd.o - due to target missing
  CC      kernel/sys.o - due to target missing
  CC [M]  arch/x86/kvm/../../../virt/kvm/binary_stats.o - due to target missing
  CC      fs/btrfs/file.o - due to target missing
  CC      mm/vmpressure.o - due to target missing
  CC [M]  arch/x86/kvm/../../../virt/kvm/vfio.o - due to target missing
  CC      mm/swap_cgroup.o - due to target missing
  CC [M]  arch/x86/kvm/../../../virt/kvm/coalesced_mmio.o - due to target missing
  CC      mm/zpool.o - due to target missing
  CC [M]  arch/x86/kvm/../../../virt/kvm/async_pf.o - due to target missing
  CC      kernel/umh.o - due to target missing
  CC      fs/btrfs/tree-defrag.o - due to target missing
  CC      mm/zsmalloc.o - due to target missing
  CC [M]  arch/x86/kvm/../../../virt/kvm/irqchip.o - due to target missing
  CC      fs/btrfs/extent_map.o - due to target missing
  CC      kernel/workqueue.o - due to target missing
  CC [M]  arch/x86/kvm/../../../virt/kvm/dirty_ring.o - due to target missing
  CC      mm/early_ioremap.o - due to target missing
  CC      fs/btrfs/sysfs.o - due to target missing
  CC [M]  arch/x86/kvm/../../../virt/kvm/pfncache.o - due to target missing
  CC      mm/secretmem.o - due to target missing
  CC      mm/usercopy.o - due to target missing
  CC [M]  arch/x86/kvm/x86.o - due to target missing
  CC      fs/btrfs/struct-funcs.o - due to target missing
  CC      kernel/pid.o - due to target missing
  CC      mm/memfd.o - due to target missing
  CC      fs/btrfs/xattr.o - due to target missing
  CC      mm/ptdump.o - due to target missing
  CC      fs/btrfs/ordered-data.o - due to target missing
  CC      kernel/task_work.o - due to target missing
  AR      mm/built-in.a - due to target missing
  CC [M]  arch/x86/kvm/emulate.o - due to target missing
  CC      kernel/extable.o - due to target missing
  CC      fs/btrfs/extent_io.o - due to target missing
  CC      kernel/params.o - due to target missing
  CC      kernel/kthread.o - due to target missing
  CC      ipc/compat.o - due to target missing
  CC      fs/btrfs/volumes.o - due to target missing
  CC      ipc/util.o - due to target missing
  CC      kernel/sys_ni.o - due to target missing
  CC      ipc/msgutil.o - due to target missing
  CC [M]  arch/x86/kvm/i8259.o - due to target missing
  CC      kernel/nsproxy.o - due to target missing
  CC      ipc/msg.o - due to target missing
  CC      kernel/notifier.o - due to target missing
  CC [M]  arch/x86/kvm/irq.o - due to target missing
  CC      ipc/sem.o - due to target missing
  CC      kernel/ksysfs.o - due to target missing
  CC [M]  arch/x86/kvm/lapic.o - due to target missing
  CC      fs/btrfs/async-thread.o - due to target missing
  CC      kernel/cred.o - due to target missing
  CC      ipc/shm.o - due to target missing
  CC      fs/btrfs/ioctl.o - due to target missing
  CC      ipc/syscall.o - due to target missing
  CC      kernel/reboot.o - due to target missing
  CC [M]  arch/x86/kvm/i8254.o - due to target missing
  CC      ipc/ipc_sysctl.o - due to target missing
  CC      ipc/mqueue.o - due to target missing
  CC      kernel/async.o - due to target missing
  CC [M]  arch/x86/kvm/ioapic.o - due to target missing
  CC      fs/btrfs/locking.o - due to target missing
  CC      kernel/range.o - due to target missing
  CC      kernel/smpboot.o - due to target missing
  CC [M]  arch/x86/kvm/irq_comm.o - due to target missing
  CC      fs/btrfs/orphan.o - due to target missing
  CC      ipc/namespace.o - due to target missing
  CC      kernel/ucount.o - due to target missing
  CC      ipc/mq_sysctl.o - due to target missing
  CC      fs/btrfs/export.o - due to target missing
  CC      kernel/regset.o - due to target missing
  AR      ipc/built-in.a - due to target missing
  CC [M]  fs/ext4/balloc.o - due to target missing
  CC [M]  arch/x86/kvm/cpuid.o - due to target missing
  CC      fs/btrfs/tree-log.o - due to target missing
  CC      kernel/kmod.o - due to target missing
  CC [M]  fs/ext4/bitmap.o - due to target missing
  CC      kernel/groups.o - due to target missing
  CC [M]  fs/ext4/block_validity.o - due to target missing
  CC [M]  arch/x86/kvm/pmu.o - due to target missing
  CC [M]  fs/ext4/dir.o - due to target missing
  CC      kernel/kcmp.o - due to target missing
  CC      fs/btrfs/free-space-cache.o - due to target missing
  CC      kernel/freezer.o - due to target missing
  CC [M]  fs/ext4/ext4_jbd2.o - due to target missing
  CC [M]  arch/x86/kvm/mtrr.o - due to target missing
  CC [M]  fs/ext4/extents.o - due to target missing
  CC      kernel/profile.o - due to target missing
  CC [M]  arch/x86/kvm/hyperv.o - due to target missing
  CC      fs/btrfs/zlib.o - due to target missing
  CC      kernel/stacktrace.o - due to target missing
  CC      fs/btrfs/lzo.o - due to target missing
  CC      kernel/dma.o - due to target missing
  CC      fs/btrfs/zstd.o - due to target missing
  CC [M]  arch/x86/kvm/debugfs.o - due to target missing
  CC [M]  fs/ext4/extents_status.o - due to target missing
  CC      kernel/smp.o - due to target missing
  CC      fs/btrfs/compression.o - due to target missing
  CC [M]  arch/x86/kvm/mmu/mmu.o - due to target missing
  CC      kernel/uid16.o - due to target missing
  CC [M]  fs/ext4/file.o - due to target missing
  CC      fs/btrfs/delayed-ref.o - due to target missing
  CC      kernel/module_signature.o - due to target missing
  CC      kernel/kallsyms.o - due to target missing
  CC [M]  fs/ext4/fsmap.o - due to target missing
  CC      fs/btrfs/relocation.o - due to target missing
  CC [M]  fs/ext4/fsync.o - due to target missing
  CC      kernel/crash_core.o - due to target missing
  CC [M]  fs/ext4/hash.o - due to target missing
  CC [M]  fs/ext4/ialloc.o - due to target missing
  CC      kernel/kexec_core.o - due to target missing
  CC      fs/btrfs/delayed-inode.o - due to target missing
  CC [M]  arch/x86/kvm/mmu/page_track.o - due to target missing
  CC [M]  fs/ext4/indirect.o - due to target missing
  CC      kernel/kexec.o - due to target missing
  CC      fs/btrfs/scrub.o - due to target missing
  CC      kernel/kexec_file.o - due to target missing
  CC [M]  arch/x86/kvm/mmu/spte.o - due to target missing
  CC [M]  fs/ext4/inline.o - due to target missing
  CC      kernel/compat.o - due to target missing
  CC [M]  arch/x86/kvm/mmu/tdp_iter.o - due to target missing
  CC [M]  fs/ext4/inode.o - due to target missing
  CC      fs/btrfs/backref.o - due to target missing
  CC      kernel/utsname.o - due to target missing
  CC [M]  arch/x86/kvm/mmu/tdp_mmu.o - due to target missing
  CC      kernel/user_namespace.o - due to target missing
  CC      fs/btrfs/ulist.o - due to target missing
  CC      kernel/pid_namespace.o - due to target missing
  CC [M]  arch/x86/kvm/vmx/vmx.o - due to target missing
  CC      fs/btrfs/qgroup.o - due to target missing
  UPD     kernel/config_data
  CC      kernel/stop_machine.o - due to target missing
  CC [M]  fs/ext4/ioctl.o - due to target missing
  CC      kernel/seccomp.o - due to target missing
  CC [M]  fs/ext4/mballoc.o - due to target missing
  CC      fs/btrfs/send.o - due to target missing
  CC      kernel/relay.o - due to target missing
  CC      kernel/utsname_sysctl.o - due to target missing
  CC [M]  arch/x86/kvm/kvm-asm-offsets.s - due to target missing
  CC      kernel/delayacct.o - due to target missing
  CC [M]  fs/ext4/migrate.o - due to target missing
  CC      kernel/taskstats.o - due to target missing
  CC [M]  arch/x86/kvm/vmx/pmu_intel.o - due to target missing
  CC      fs/btrfs/dev-replace.o - due to target missing
  CC [M]  fs/ext4/mmp.o - due to target missing
  CC      kernel/tsacct.o - due to target missing
  CC [M]  arch/x86/kvm/vmx/vmcs12.o - due to target missing
  CC      kernel/irq_work.o - due to target missing
  CC [M]  fs/ext4/move_extent.o - due to target missing
  CC      fs/btrfs/raid56.o - due to target missing
  CC [M]  arch/x86/kvm/vmx/evmcs.o - due to target missing
  CC      kernel/static_call.o - due to target missing
  CC [M]  fs/ext4/namei.o - due to target missing
  CC [M]  arch/x86/kvm/vmx/nested.o - due to target missing
  CC      kernel/static_call_inline.o - due to target missing
  CC      fs/btrfs/uuid-tree.o - due to target missing
  CC      kernel/user-return-notifier.o - due to target missing
  CC      fs/btrfs/props.o - due to target missing
  CC      kernel/crash_dump.o - due to target missing
  CC [M]  fs/ext4/page-io.o - due to target missing
  CC      fs/btrfs/free-space-tree.o - due to target missing
  CC      kernel/jump_label.o - due to target missing
  CC [M]  fs/ext4/readpage.o - due to target missing
  CC      kernel/context_tracking.o - due to target missing
  CC      fs/btrfs/tree-checker.o - due to target missing
  CC [M]  arch/x86/kvm/vmx/posted_intr.o - due to target missing
  CC [M]  fs/ext4/resize.o - due to target missing
  CC      kernel/iomem.o - due to target missing
  LD [M]  arch/x86/kvm/kvm.o - due to target missing
  UPD     arch/x86/kvm/kvm-asm-offsets.h
  AS [M]  arch/x86/kvm/vmx/vmenter.o - due to target missing
  LD [M]  arch/x86/kvm/kvm-intel.o - due to target missing
  AR      arch/x86/built-in.a - due to target missing
  CC [M]  fs/jbd2/transaction.o - due to target missing
  CC      fs/btrfs/space-info.o - due to target missing
  CC      kernel/rseq.o - due to target missing
  CC [M]  fs/ext4/super.o - due to target missing
  GZIP    kernel/config_data.gz - due to target missing
  CC      kernel/configs.o - due to target missing
  CC      fs/btrfs/block-rsv.o - due to target missing
  CC [M]  fs/jbd2/commit.o - due to target missing
  AR      kernel/built-in.a - due to target missing
  CC      fs/btrfs/delalloc-space.o - due to target missing
  CC [M]  fs/squashfs/block.o - due to target missing
  CC      fs/btrfs/block-group.o - due to target missing
  CC [M]  fs/jbd2/recovery.o - due to target missing
  CC [M]  fs/squashfs/cache.o - due to target missing
  CC [M]  fs/ext4/symlink.o - due to target missing
  CC [M]  fs/squashfs/dir.o - due to target missing
  CC [M]  fs/jbd2/checkpoint.o - due to target missing
  CC [M]  fs/squashfs/export.o - due to target missing
  CC [M]  fs/ext4/sysfs.o - due to target missing
  CC      fs/btrfs/discard.o - due to target missing
  CC [M]  fs/squashfs/file.o - due to target missing
  CC [M]  fs/jbd2/revoke.o - due to target missing
  CC [M]  fs/ext4/xattr.o - due to target missing
  CC [M]  fs/jbd2/journal.o - due to target missing
  CC [M]  fs/squashfs/fragment.o - due to target missing
  CC      fs/btrfs/reflink.o - due to target missing
  CC [M]  fs/squashfs/id.o - due to target missing
  CC [M]  fs/squashfs/inode.o - due to target missing
  CC      fs/btrfs/subpage.o - due to target missing
  CC [M]  fs/ext4/xattr_hurd.o - due to target missing
  CC [M]  fs/squashfs/namei.o - due to target missing
  LD [M]  fs/jbd2/jbd2.o - due to target missing
  CC      security/keys/gc.o - due to target missing
  CC [M]  fs/squashfs/super.o - due to target missing
  CC [M]  fs/ext4/xattr_trusted.o - due to target missing
  CC      fs/btrfs/tree-mod-log.o - due to target missing
  CC      security/keys/key.o - due to target missing
  CC [M]  fs/ext4/xattr_user.o - due to target missing
  CC [M]  fs/squashfs/symlink.o - due to target missing
  CC [M]  fs/ext4/fast_commit.o - due to target missing
  CC [M]  fs/squashfs/decompressor.o - due to target missing
  CC      fs/btrfs/extent-io-tree.o - due to target missing
  CC      security/keys/keyring.o - due to target missing
  CC [M]  fs/squashfs/page_actor.o - due to target missing
  CC [M]  fs/squashfs/file_cache.o - due to target missing
  CC      fs/btrfs/acl.o - due to target missing
  CC [M]  fs/ext4/orphan.o - due to target missing
  CC [M]  fs/squashfs/decompressor_single.o - due to target missing
  CC      security/keys/keyctl.o - due to target missing
  AR      fs/btrfs/built-in.a - due to target missing
  CC      crypto/asymmetric_keys/asymmetric_type.o - due to target missing
  CC [M]  fs/ext4/acl.o - due to target missing
  CC [M]  fs/squashfs/xattr.o - due to target missing
  CC [M]  fs/squashfs/xattr_id.o - due to target missing
  CC [M]  fs/ext4/xattr_security.o - due to target missing
  CC      security/keys/permission.o - due to target missing
  CC      crypto/asymmetric_keys/restrict.o - due to target missing
  CC [M]  fs/squashfs/lz4_wrapper.o - due to target missing
  CC      crypto/asymmetric_keys/signature.o - due to target missing
  LD [M]  fs/ext4/ext4.o - due to target missing
  CC      security/commoncap.o - due to target missing
  CC [M]  fs/squashfs/lzo_wrapper.o - due to target missing
  CC      security/keys/process_keys.o - due to target missing
  CC      crypto/asymmetric_keys/public_key.o - due to target missing
  CC [M]  fs/squashfs/xz_wrapper.o - due to target missing
  CC      crypto/api.o - due to target missing
  CC [M]  fs/squashfs/zlib_wrapper.o - due to target missing
  CC      security/keys/request_key.o - due to target missing
  ASN.1   crypto/asymmetric_keys/x509.asn1.[ch] - due to target missing
Extracted 206 tokens
Extracted 14 types
Extracted 13 actions
Pass 1
Pass 2
  ASN.1   crypto/asymmetric_keys/x509_akid.asn1.[ch] - due to target missing
Extracted 136 tokens
Extracted 8 types
Extracted 5 actions
Pass 1
Pass 2
  CC      crypto/asymmetric_keys/x509_loader.o - due to target missing
  CC      block/partitions/core.o - due to target missing
  CC      crypto/asymmetric_keys/x509_public_key.o - due to target missing
  CC [M]  fs/squashfs/zstd_wrapper.o - due to target missing
  ASN.1   crypto/asymmetric_keys/pkcs7.asn1.[ch] - due to target missing
Extracted 404 tokens
Extracted 29 types
Extracted 17 actions
Pass 1
Pass 2
  CC      crypto/asymmetric_keys/pkcs7_trust.o - due to target missing
  LD [M]  fs/squashfs/squashfs.o - due to target missing
  CC [M]  fs/fat/cache.o - due to target missing
  CC      security/keys/request_key_auth.o - due to target missing
  CC      crypto/asymmetric_keys/pkcs7_verify.o - due to target missing
  CC      block/partitions/msdos.o - due to target missing
  CC [M]  fs/fat/dir.o - due to target missing
  CC      security/keys/user_defined.o - due to target missing
  CC      crypto/asymmetric_keys/x509.asn1.o - due to target missing
  CC      crypto/asymmetric_keys/x509_akid.asn1.o - due to target missing
  CC      crypto/asymmetric_keys/x509_cert_parser.o - due to target missing
  CC      block/partitions/efi.o - due to target missing
  CC      security/keys/compat.o - due to target missing
  CC      crypto/asymmetric_keys/pkcs7.asn1.o - due to target missing
  CC      crypto/asymmetric_keys/pkcs7_parser.o - due to target missing
  AR      block/partitions/built-in.a - due to target missing
  CC      block/bdev.o - due to target missing
  CC      security/keys/proc.o - due to target missing
  CC [M]  fs/fat/fatent.o - due to target missing
  AR      crypto/asymmetric_keys/built-in.a - due to target missing
  CC      crypto/cipher.o - due to target missing
  CC      security/keys/sysctl.o - due to target missing
  CC      block/fops.o - due to target missing
  CC      crypto/compress.o - due to target missing
  CC      security/keys/keyctl_pkey.o - due to target missing
  CC [M]  fs/fat/file.o - due to target missing
  CC      crypto/algapi.o - due to target missing
  AR      security/keys/built-in.a - due to target missing
  CC      security/min_addr.o - due to target missing
  CC      block/bio.o - due to target missing
  CC      security/security.o - due to target missing
  CC [M]  fs/fat/inode.o - due to target missing
  CC      crypto/scatterwalk.o - due to target missing
  CC      block/elevator.o - due to target missing
  CC      crypto/proc.o - due to target missing
  CC [M]  fs/fat/misc.o - due to target missing
  CC      crypto/aead.o - due to target missing
  CC      security/lsm_audit.o - due to target missing
  CC      block/blk-core.o - due to target missing
  CC [M]  fs/fat/nfs.o - due to target missing
  CC      crypto/geniv.o - due to target missing
  CC      security/device_cgroup.o - due to target missing
  CC [M]  fs/fat/namei_vfat.o - due to target missing
  CC      block/blk-sysfs.o - due to target missing
  CC      crypto/skcipher.o - due to target missing
  LD [M]  fs/fat/fat.o - due to target missing
  LD [M]  fs/fat/vfat.o - due to target missing
  CC [M]  fs/exfat/inode.o - due to target missing
  CC      block/blk-flush.o - due to target missing
  AR      security/built-in.a - due to target missing
  CC [M]  fs/exfat/namei.o - due to target missing
  CC [M]  fs/isofs/namei.o - due to target missing
  CC [M]  fs/exfat/dir.o - due to target missing
  CC      block/blk-settings.o - due to target missing
  CC      crypto/seqiv.o - due to target missing
  CC [M]  fs/isofs/inode.o - due to target missing
  CC      crypto/echainiv.o - due to target missing
  CC [M]  fs/exfat/super.o - due to target missing
  CC [M]  fs/isofs/dir.o - due to target missing
  CC      block/blk-ioc.o - due to target missing
  CC      crypto/ahash.o - due to target missing
  CC [M]  fs/isofs/util.o - due to target missing
  CC [M]  fs/exfat/fatent.o - due to target missing
  CC      block/blk-map.o - due to target missing
  CC [M]  fs/isofs/rock.o - due to target missing
  CC      crypto/shash.o - due to target missing
  CC [M]  fs/exfat/cache.o - due to target missing
  CC [M]  fs/isofs/export.o - due to target missing
  CC [M]  fs/exfat/nls.o - due to target missing
  CC      block/blk-merge.o - due to target missing
  CC [M]  fs/isofs/joliet.o - due to target missing
  CC      crypto/akcipher.o - due to target missing
  CC [M]  fs/exfat/misc.o - due to target missing
  CC [M]  fs/isofs/compress.o - due to target missing
  CC [M]  fs/exfat/file.o - due to target missing
  CC      crypto/kpp.o - due to target missing
  CC      block/blk-timeout.o - due to target missing
  LD [M]  fs/isofs/isofs.o - due to target missing
  CC      io_uring/io_uring.o - due to target missing
  CC [M]  fs/exfat/balloc.o - due to target missing
  ASN.1   crypto/rsapubkey.asn1.[ch] - due to target missing
Extracted 16 tokens
Extracted 1 types
Extracted 2 actions
Pass 1
Pass 2
  ASN.1   crypto/rsaprivkey.asn1.[ch] - due to target missing
Extracted 55 tokens
Extracted 1 types
Extracted 8 actions
Pass 1
Pass 2
  CC      crypto/rsa.o - due to target missing
  CC      block/blk-lib.o - due to target missing
  LD [M]  fs/exfat/exfat.o - due to target missing
  CC [M]  fs/hfsplus/super.o - due to target missing
  CC      crypto/rsa_helper.o - due to target missing
  CC      crypto/rsa-pkcs1pad.o - due to target missing
  CC [M]  fs/hfsplus/options.o - due to target missing
  CC      block/blk-mq.o - due to target missing
  ASN.1   crypto/ecdsasignature.asn1.[ch] - due to target missing
Extracted 16 tokens
Extracted 1 types
Extracted 2 actions
Pass 1
Pass 2
  CC      crypto/acompress.o - due to target missing
  CC [M]  fs/hfsplus/inode.o - due to target missing
  CC      io_uring/xattr.o - due to target missing
  CC      io_uring/nop.o - due to target missing
  CC [M]  fs/hfsplus/ioctl.o - due to target missing
  CC      crypto/scompress.o - due to target missing
  CC      io_uring/fs.o - due to target missing
  CC [M]  fs/hfsplus/extents.o - due to target missing
  CC      io_uring/splice.o - due to target missing
  CC [M]  fs/hfsplus/catalog.o - due to target missing
  CC      crypto/algboss.o - due to target missing
  CC      io_uring/sync.o - due to target missing
  CC      block/blk-mq-tag.o - due to target missing
  CC [M]  fs/hfsplus/dir.o - due to target missing
  CC      crypto/testmgr.o - due to target missing
  CC      io_uring/advise.o - due to target missing
  CC [M]  fs/hfsplus/btree.o - due to target missing
  CC      io_uring/filetable.o - due to target missing
  CC      block/blk-stat.o - due to target missing
  CC [M]  fs/hfsplus/bnode.o - due to target missing
  CC      io_uring/openclose.o - due to target missing
  CC      block/blk-mq-sysfs.o - due to target missing
  CC      crypto/cmac.o - due to target missing
  CC [M]  fs/hfsplus/brec.o - due to target missing
  CC      io_uring/uring_cmd.o - due to target missing
  CC      block/blk-mq-cpumap.o - due to target missing
  CC      crypto/hmac.o - due to target missing
  CC [M]  fs/hfsplus/bfind.o - due to target missing
  CC      crypto/crypto_null.o - due to target missing
  CC      block/blk-mq-sched.o - due to target missing
  CC [M]  fs/hfsplus/tables.o - due to target missing
  CC      io_uring/epoll.o - due to target missing
  CC      crypto/md5.o - due to target missing
  CC [M]  fs/hfsplus/unicode.o - due to target missing
  CC      io_uring/statx.o - due to target missing
  CC      crypto/sha1_generic.o - due to target missing
  CC      block/ioctl.o - due to target missing
  CC [M]  fs/hfsplus/wrapper.o - due to target missing
  CC      io_uring/net.o - due to target missing
  CC      crypto/sha256_generic.o - due to target missing
  CC [M]  fs/hfsplus/bitmap.o - due to target missing
  CC      block/genhd.o - due to target missing
  CC [M]  fs/hfsplus/part_tbl.o - due to target missing
  CC      crypto/sha512_generic.o - due to target missing
  CC      io_uring/msg_ring.o - due to target missing
  CC [M]  fs/hfsplus/attributes.o - due to target missing
  CC      io_uring/timeout.o - due to target missing
  CC      crypto/blake2b_generic.o - due to target missing
  CC      block/ioprio.o - due to target missing
  CC [M]  fs/hfsplus/xattr.o - due to target missing
  CC      io_uring/sqpoll.o - due to target missing
  CC [M]  fs/hfsplus/xattr_user.o - due to target missing
  CC      crypto/gf128mul.o - due to target missing
  CC      block/badblocks.o - due to target missing
  CC [M]  fs/hfsplus/xattr_security.o - due to target missing
  CC      io_uring/fdinfo.o - due to target missing
  CC      crypto/ecb.o - due to target missing
  CC      block/blk-rq-qos.o - due to target missing
  CC [M]  fs/hfsplus/xattr_trusted.o - due to target missing
  CC      crypto/cbc.o - due to target missing
  CC      io_uring/tctx.o - due to target missing
  LD [M]  fs/hfsplus/hfsplus.o - due to target missing
  CC [M]  fs/nfs/filelayout/filelayout.o - due to target missing
  CC      block/disk-events.o - due to target missing
  CC      crypto/xts.o - due to target missing
  CC      io_uring/poll.o - due to target missing
  CC      crypto/ctr.o - due to target missing
  CC      block/blk-ia-ranges.o - due to target missing
  CC [M]  fs/nfs/filelayout/filelayoutdev.o - due to target missing
  CC      crypto/gcm.o - due to target missing
  CC      io_uring/cancel.o - due to target missing
  CC      block/bsg.o - due to target missing
  LD [M]  fs/nfs/filelayout/nfs_layout_nfsv41_files.o - due to target missing
  CC [M]  fs/nfs/blocklayout/blocklayout.o - due to target missing
  CC      crypto/ccm.o - due to target missing
  CC      io_uring/kbuf.o - due to target missing
  CC      block/blk-cgroup.o - due to target missing
  CC      crypto/chacha20poly1305.o - due to target missing
  CC      io_uring/rsrc.o - due to target missing
  CC [M]  fs/nfs/blocklayout/dev.o - due to target missing
  CC      crypto/cryptd.o - due to target missing
  CC      io_uring/rw.o - due to target missing
  CC [M]  fs/nfs/blocklayout/extent_tree.o - due to target missing
  CC      block/blk-ioprio.o - due to target missing
  CC      crypto/aes_generic.o - due to target missing
  CC      block/mq-deadline.o - due to target missing
  CC [M]  fs/nfs/blocklayout/rpc_pipefs.o - due to target missing
  CC      io_uring/opdef.o - due to target missing
  CC      crypto/chacha_generic.o - due to target missing
  CC      block/kyber-iosched.o - due to target missing
  CC      crypto/poly1305_generic.o - due to target missing
  LD [M]  fs/nfs/blocklayout/blocklayoutdriver.o - due to target missing
  CC [M]  fs/nfs/flexfilelayout/flexfilelayout.o - due to target missing
  CC      io_uring/notif.o - due to target missing
  CC      crypto/crc32c_generic.o - due to target missing
  CC      block/blk-mq-pci.o - due to target missing
  CC      crypto/crc32_generic.o - due to target missing
  CC      io_uring/io-wq.o - due to target missing
  CC      crypto/authenc.o - due to target missing
  CC      block/blk-mq-virtio.o - due to target missing
  CC [M]  fs/nfs/flexfilelayout/flexfilelayoutdev.o - due to target missing
  AR      io_uring/built-in.a - due to target missing
  CC      crypto/authencesn.o - due to target missing
  CC [M]  fs/lockd/clntlock.o - due to target missing
  CC      block/blk-pm.o - due to target missing
  CC      crypto/xxhash_generic.o - due to target missing
  LD [M]  fs/nfs/flexfilelayout/nfs_layout_flexfiles.o - due to target missing
  CC [M]  fs/nfs/client.o - due to target missing
  CC      crypto/rng.o - due to target missing
  CC      block/holder.o - due to target missing
  CC [M]  fs/lockd/clntproc.o - due to target missing
  CC      crypto/drbg.o - due to target missing
  AR      block/built-in.a - due to target missing
  CC [M]  fs/nfs/dir.o - due to target missing
  CC [M]  fs/smb/common/cifs_arc4.o - due to target missing
  CC      crypto/jitterentropy.o - due to target missing
  CC      crypto/jitterentropy-kcapi.o - due to target missing
  CC [M]  fs/lockd/clntxdr.o - due to target missing
  CC [M]  fs/smb/common/cifs_md4.o - due to target missing
  CC      crypto/ghash-generic.o - due to target missing
  CC      crypto/zstd.o - due to target missing
  CC [M]  fs/smb/client/trace.o - due to target missing
  CC [M]  fs/lockd/host.o - due to target missing
  CC      crypto/ecc.o - due to target missing
  CC [M]  fs/smb/client/cifsfs.o - due to target missing
  CC [M]  fs/nfs/file.o - due to target missing
  CC [M]  fs/lockd/svc.o - due to target missing
  CC [M]  fs/smb/client/cifs_debug.o - due to target missing
  CC      crypto/curve25519-generic.o - due to target missing
  CC [M]  fs/nfs/getroot.o - due to target missing
  CC [M]  fs/lockd/svclock.o - due to target missing
  CC      crypto/ecdh.o - due to target missing
  CC [M]  fs/smb/client/connect.o - due to target missing
  CC [M]  fs/nfs/inode.o - due to target missing
  CC      crypto/ecdh_helper.o - due to target missing
  CC [M]  fs/lockd/svcshare.o - due to target missing
  CC      crypto/xor.o - due to target missing
  CC      crypto/hash_info.o - due to target missing
  CC [M]  fs/lockd/svcproc.o - due to target missing
  CC      crypto/simd.o - due to target missing
  CC [M]  fs/smb/client/dir.o - due to target missing
  CC [M]  crypto/sha3_generic.o - due to target missing
  CC [M]  fs/lockd/svcsubs.o - due to target missing
  CC [M]  fs/nfs/super.o - due to target missing
  CC [M]  fs/smb/client/file.o - due to target missing
  CC [M]  crypto/lzo.o - due to target missing
  CC [M]  crypto/lzo-rle.o - due to target missing
  CC [M]  fs/lockd/mon.o - due to target missing
  CC [M]  crypto/lz4.o - due to target missing
  CC      crypto/rsapubkey.asn1.o - due to target missing
  CC [M]  fs/nfs/io.o - due to target missing
  CC      crypto/rsaprivkey.asn1.o - due to target missing
  CC      crypto/ecdsa.o - due to target missing
  CC [M]  fs/lockd/xdr.o - due to target missing
  CC      crypto/ecdsasignature.asn1.o - due to target missing
  AR      crypto/built-in.a - due to target missing
  CC [M]  fs/nfs/direct.o - due to target missing
  CC [M]  fs/ntfs3/attrib.o - due to target missing
  CC [M]  fs/smb/client/inode.o - due to target missing
  CC [M]  fs/lockd/clnt4xdr.o - due to target missing
  CC [M]  fs/lockd/xdr4.o - due to target missing
  CC [M]  fs/ntfs3/attrlist.o - due to target missing
  CC [M]  fs/smb/client/link.o - due to target missing
  CC [M]  fs/nfs/pagelist.o - due to target missing
  CC [M]  fs/ntfs3/bitfunc.o - due to target missing
  CC [M]  fs/lockd/svc4proc.o - due to target missing
  CC [M]  fs/smb/client/misc.o - due to target missing
  CC [M]  fs/ntfs3/bitmap.o - due to target missing
  CC [M]  fs/lockd/procfs.o - due to target missing
  CC [M]  fs/nfs/read.o - due to target missing
  LD [M]  fs/lockd/lockd.o - due to target missing
  CC [M]  fs/smb/client/netmisc.o - due to target missing
  CC [M]  fs/ntfs3/dir.o - due to target missing
  CC      lib/math/div64.o - due to target missing
  CC      lib/math/gcd.o - due to target missing
  CC      lib/math/lcm.o - due to target missing
  CC      lib/math/int_pow.o - due to target missing
  CC      lib/math/int_sqrt.o - due to target missing
  CC      lib/math/reciprocal_div.o - due to target missing
  CC [M]  fs/ntfs3/fsntfs.o - due to target missing
  CC      lib/math/rational.o - due to target missing
  CC [M]  fs/smb/client/smbencrypt.o - due to target missing
  AR      lib/math/built-in.a - due to target missing
  CC      lib/crypto/memneq.o - due to target missing
  CC [M]  fs/nfs/symlink.o - due to target missing
  CC [M]  fs/smb/client/transport.o - due to target missing
  CC      lib/crypto/utils.o - due to target missing
  CC [M]  fs/ntfs3/frecord.o - due to target missing
  CC [M]  fs/nfs/unlink.o - due to target missing
  CC      lib/crypto/chacha.o - due to target missing
  CC      lib/crypto/libchacha.o - due to target missing
  CC [M]  fs/smb/client/cached_dir.o - due to target missing
  CC [M]  fs/nfs/write.o - due to target missing
  CC      lib/crypto/aes.o - due to target missing
  CC [M]  fs/ntfs3/file.o - due to target missing
  CC [M]  fs/smb/client/cifs_unicode.o - due to target missing
  CC      lib/crypto/blake2s.o - due to target missing
  CC [M]  fs/ntfs3/fslog.o - due to target missing
  CC      lib/crypto/blake2s-generic.o - due to target missing
  CC [M]  fs/smb/client/nterr.o - due to target missing
  CC [M]  fs/smb/client/cifsencrypt.o - due to target missing
  CC [M]  fs/nfs/namespace.o - due to target missing
  CC      lib/crypto/blake2s-selftest.o - due to target missing
  CC      lib/crypto/curve25519-hacl64.o - due to target missing
  CC [M]  fs/smb/client/readdir.o - due to target missing
  CC [M]  fs/ntfs3/inode.o - due to target missing
  CC [M]  fs/nfs/mount_clnt.o - due to target missing
  CC [M]  fs/smb/client/ioctl.o - due to target missing
  CC      lib/crypto/curve25519-generic.o - due to target missing
  CC [M]  fs/nfs/nfstrace.o - due to target missing
  CC      lib/crypto/curve25519.o - due to target missing
  CC [M]  fs/ntfs3/index.o - due to target missing
  CC [M]  fs/smb/client/sess.o - due to target missing
  CC      lib/crypto/curve25519-selftest.o - due to target missing
  CC [M]  fs/nfs/export.o - due to target missing
  CC      lib/crypto/poly1305-donna64.o - due to target missing
  CC      lib/crypto/poly1305.o - due to target missing
  CC [M]  fs/smb/client/export.o - due to target missing
  CC [M]  fs/ntfs3/lznt.o - due to target missing
  CC [M]  fs/nfs/sysfs.o - due to target missing
  CC      lib/crypto/sha1.o - due to target missing
  CC [M]  fs/smb/client/unc.o - due to target missing
  CC [M]  fs/ntfs3/namei.o - due to target missing
  CC      lib/crypto/sha256.o - due to target missing
  CC [M]  fs/nfs/fs_context.o - due to target missing
  CC [M]  fs/ntfs3/record.o - due to target missing
  CC [M]  fs/smb/client/winucase.o - due to target missing
  CC [M]  fs/smb/client/smb2ops.o - due to target missing
  CC [M]  lib/crypto/arc4.o - due to target missing
  CC [M]  fs/ntfs3/run.o - due to target missing
  AR      lib/crypto/built-in.a - due to target missing
  LD [M]  lib/crypto/libarc4.o - due to target missing
  CC      lib/zlib_inflate/inffast.o - due to target missing
  CC      lib/zlib_inflate/inflate.o - due to target missing
  CC [M]  fs/nfs/sysctl.o - due to target missing
  CC      lib/zlib_inflate/infutil.o - due to target missing
  CC [M]  fs/ntfs3/super.o - due to target missing
  CC      lib/zlib_inflate/inftrees.o - due to target missing
  CC      lib/zlib_inflate/inflate_syms.o - due to target missing
  CC [M]  fs/nfs/nfs3super.o - due to target missing
  CC [M]  fs/ntfs3/upcase.o - due to target missing
  AR      lib/zlib_inflate/built-in.a - due to target missing
  CC      lib/zlib_deflate/deflate.o - due to target missing
  CC [M]  fs/smb/client/smb2maperror.o - due to target missing
  CC [M]  fs/nfs/nfs3client.o - due to target missing
  CC [M]  fs/ntfs3/xattr.o - due to target missing
  CC      lib/zlib_deflate/deftree.o - due to target missing
  CC [M]  fs/smb/client/smb2transport.o - due to target missing
  CC      lib/zlib_deflate/deflate_syms.o - due to target missing
  CC [M]  fs/ntfs3/lib/decompress_common.o - due to target missing
  CC [M]  fs/nfs/nfs3proc.o - due to target missing
  CC [M]  fs/ntfs3/lib/lzx_decompress.o - due to target missing
  AR      lib/zlib_deflate/built-in.a - due to target missing
  CC      lib/lzo/lzo1x_compress.o - due to target missing
  CC [M]  fs/smb/client/smb2misc.o - due to target missing
  CC [M]  fs/ntfs3/lib/xpress_decompress.o - due to target missing
  CC      lib/lzo/lzo1x_compress_safe.o - due to target missing
  LD [M]  fs/ntfs3/ntfs3.o - due to target missing
  CC [M]  fs/ufs/balloc.o - due to target missing
  CC [M]  fs/nfs/nfs3xdr.o - due to target missing
  CC [M]  fs/smb/client/smb2pdu.o - due to target missing
  CC      lib/lzo/lzo1x_decompress_safe.o - due to target missing
  CC [M]  fs/ufs/cylinder.o - due to target missing
  AR      lib/lzo/built-in.a - due to target missing
  CC      lib/lz4/lz4_decompress.o - due to target missing
  CC [M]  fs/nfs/nfs3acl.o - due to target missing
  CC [M]  fs/ufs/dir.o - due to target missing
  CC [M]  fs/nfs/nfs4proc.o - due to target missing
  CC [M]  lib/lz4/lz4_compress.o - due to target missing
  CC [M]  fs/smb/client/smb2inode.o - due to target missing
  CC [M]  fs/ufs/file.o - due to target missing
  CC [M]  fs/ufs/ialloc.o - due to target missing
  CC [M]  fs/smb/client/smb2file.o - due to target missing
  CC [M]  fs/ufs/inode.o - due to target missing
  AR      lib/lz4/built-in.a - due to target missing
  CC      lib/zstd/zstd_compress_module.o - due to target missing
  CC [M]  fs/smb/client/cifsacl.o - due to target missing
  CC      lib/zstd/compress/fse_compress.o - due to target missing
  CC [M]  fs/ufs/namei.o - due to target missing
  CC      lib/zstd/compress/hist.o - due to target missing
  CC      lib/zstd/compress/huf_compress.o - due to target missing
  CC [M]  fs/ufs/super.o - due to target missing
  CC      lib/zstd/compress/zstd_compress.o - due to target missing
  CC [M]  fs/smb/client/fs_context.o - due to target missing
  CC [M]  fs/ufs/util.o - due to target missing
  CC [M]  fs/smb/client/dns_resolve.o - due to target missing
  CC [M]  fs/nfs/nfs4xdr.o - due to target missing
  LD [M]  fs/ufs/ufs.o - due to target missing
  AS      arch/x86/lib/clear_page_64.o - due to target missing
  CC      arch/x86/lib/cmdline.o - due to target missing
  CC      lib/zstd/compress/zstd_compress_literals.o - due to target missing
  AS      arch/x86/lib/cmpxchg16b_emu.o - due to target missing
  CC      lib/zstd/compress/zstd_compress_sequences.o - due to target missing
  CC      arch/x86/lib/copy_mc.o - due to target missing
  ASN.1   fs/smb/client/cifs_spnego_negtokeninit.asn1.[ch] - due to target missing
Extracted 108 tokens
Extracted 6 types
Extracted 2 actions
Pass 1
Pass 2
  CC [M]  fs/smb/client/xattr.o - due to target missing
  CC      lib/zstd/compress/zstd_compress_superblock.o - due to target missing
  AS      arch/x86/lib/copy_mc_64.o - due to target missing
  AS      arch/x86/lib/copy_page_64.o - due to target missing
  CC      lib/zstd/compress/zstd_double_fast.o - due to target missing
  AS      arch/x86/lib/copy_user_64.o - due to target missing
  CC [M]  fs/smb/client/cifs_spnego_negtokeninit.asn1.o - due to target missing
  CC      arch/x86/lib/cpu.o - due to target missing
  CC [M]  fs/smb/client/asn1.o - due to target missing
  AS      arch/x86/lib/csum-copy_64.o - due to target missing
  CC      arch/x86/lib/csum-partial_64.o - due to target missing
  LD [M]  fs/smb/client/cifs.o - due to target missing
  CC [M]  fs/nfs/nfs4state.o - due to target missing
  CC      arch/x86/lib/csum-wrappers_64.o - due to target missing
  CC      arch/x86/lib/delay.o - due to target missing
  CC      lib/zstd/compress/zstd_fast.o - due to target missing
  AS      arch/x86/lib/getuser.o - due to target missing
  GEN     arch/x86/lib/inat-tables.c - due to target missing
  CC      arch/x86/lib/insn-eval.o - due to target missing
  AR      drivers/irqchip/built-in.a - due to target missing
  AR      drivers/bus/mhi/host/built-in.a - due to target missing
  AR      drivers/bus/mhi/ep/built-in.a - due to target missing
  AR      drivers/bus/mhi/built-in.a - due to target missing
  AR      drivers/bus/built-in.a - due to target missing
  AR      drivers/pinctrl/actions/built-in.a - due to target missing
  AR      drivers/pinctrl/bcm/built-in.a - due to target missing
  AR      drivers/pinctrl/cirrus/built-in.a - due to target missing
  AR      drivers/pinctrl/freescale/built-in.a - due to target missing
  AR      drivers/pinctrl/intel/built-in.a - due to target missing
  CC [M]  drivers/pinctrl/intel/pinctrl-lynxpoint.o - due to target missing
  CC      arch/x86/lib/insn.o - due to target missing
  CC [M]  fs/nfs/nfs4renewd.o - due to target missing
  CC      lib/zstd/compress/zstd_lazy.o - due to target missing
  CC      arch/x86/lib/kaslr.o - due to target missing
  AR      drivers/pinctrl/mediatek/built-in.a - due to target missing
  AR      drivers/pinctrl/mvebu/built-in.a - due to target missing
  AS      arch/x86/lib/memcpy_64.o - due to target missing
  AR      drivers/pinctrl/nomadik/built-in.a - due to target missing
  AR      drivers/pinctrl/nuvoton/built-in.a - due to target missing
  AR      drivers/pinctrl/sprd/built-in.a - due to target missing
  AR      drivers/pinctrl/sunplus/built-in.a - due to target missing
  AR      drivers/pinctrl/ti/built-in.a - due to target missing
  CC      drivers/pinctrl/core.o - due to target missing
  AS      arch/x86/lib/memmove_64.o - due to target missing
  AS      arch/x86/lib/memset_64.o - due to target missing
  CC [M]  fs/nfs/nfs4super.o - due to target missing
  CC      arch/x86/lib/misc.o - due to target missing
  CC      arch/x86/lib/pc-conf-reg.o - due to target missing
  AS      arch/x86/lib/putuser.o - due to target missing
  AS      arch/x86/lib/retpoline.o - due to target missing
  CC      drivers/pinctrl/pinctrl-utils.o - due to target missing
  CC [M]  fs/nfs/nfs4file.o - due to target missing
  CC      arch/x86/lib/usercopy.o - due to target missing
  CC      drivers/pinctrl/pinmux.o - due to target missing
  CC      arch/x86/lib/usercopy_64.o - due to target missing
  CC [M]  fs/nfs/delegation.o - due to target missing
  CC      drivers/pinctrl/pinconf.o - due to target missing
  CC      arch/x86/lib/msr-smp.o - due to target missing
  CC      drivers/pinctrl/pinconf-generic.o - due to target missing
  CC      arch/x86/lib/cache-smp.o - due to target missing
  CC      arch/x86/lib/msr.o - due to target missing
  AR      drivers/pinctrl/built-in.a - due to target missing
  CC      drivers/gpio/gpiolib.o - due to target missing
  CC [M]  fs/nfs/nfs4idmap.o - due to target missing
  AS      arch/x86/lib/msr-reg.o - due to target missing
  CC      arch/x86/lib/msr-reg-export.o - due to target missing
  CC      lib/zstd/compress/zstd_ldm.o - due to target missing
  AS      arch/x86/lib/hweight.o - due to target missing
  CC      arch/x86/lib/iomem.o - due to target missing
  CC      lib/zstd/compress/zstd_opt.o - due to target missing
  AS      arch/x86/lib/iomap_copy_64.o - due to target missing
  CC      arch/x86/lib/inat.o - due to target missing
  AR      arch/x86/lib/built-in.a - due to target missing
  AR      arch/x86/lib/lib.a - due to target missing
  CC      lib/xz/xz_dec_syms.o - due to target missing
  CC [M]  fs/nfs/callback.o - due to target missing
  CC      lib/zstd/zstd_decompress_module.o - due to target missing
  CC      drivers/gpio/gpiolib-devres.o - due to target missing
  CC      lib/xz/xz_dec_stream.o - due to target missing
  CC      lib/zstd/decompress/huf_decompress.o - due to target missing
  CC [M]  fs/nfs/callback_xdr.o - due to target missing
  CC      lib/xz/xz_dec_lzma2.o - due to target missing
  CC      drivers/gpio/gpiolib-legacy.o - due to target missing
  CC      lib/xz/xz_dec_bcj.o - due to target missing
  CC      lib/zstd/decompress/zstd_ddict.o - due to target missing
  CC      lib/zstd/decompress/zstd_decompress.o - due to target missing
  CC      drivers/gpio/gpiolib-cdev.o - due to target missing
  CC [M]  fs/nfs/callback_proc.o - due to target missing
  AR      lib/xz/built-in.a - due to target missing
  CC [M]  fs/fuse/dev.o - due to target missing
  CC      lib/zstd/decompress/zstd_decompress_block.o - due to target missing
  CC [M]  fs/nfs/nfs4namespace.o - due to target missing
  CC      drivers/gpio/gpiolib-acpi.o - due to target missing
  CC      lib/zstd/common/debug.o - due to target missing
  CC      lib/zstd/common/entropy_common.o - due to target missing
  CC [M]  fs/fuse/dir.o - due to target missing
  CC [M]  fs/nfs/nfs4getroot.o - due to target missing
  CC      lib/zstd/common/error_private.o - due to target missing
  CC      lib/zstd/common/fse_decompress.o - due to target missing
  AR      drivers/gpio/built-in.a - due to target missing
  AR      drivers/pwm/built-in.a - due to target missing
  CC      drivers/pci/msi/pcidev_msi.o - due to target missing
  CC      lib/zstd/common/zstd_common.o - due to target missing
  CC [M]  fs/nfs/nfs4client.o - due to target missing
  CC      drivers/pci/msi/msi.o - due to target missing
  CC [M]  fs/fuse/file.o - due to target missing
  AR      lib/zstd/built-in.a - due to target missing
  CC      lib/raid6/algos.o - due to target missing
  CC      lib/raid6/recov.o - due to target missing
  CC      drivers/pci/msi/irqdomain.o - due to target missing
  CC [M]  fs/nfs/nfs4session.o - due to target missing
  HOSTCC  lib/raid6/mktables - due to target missing
  UNROLL  lib/raid6/int1.c - due to target missing
  UNROLL  lib/raid6/int2.c - due to target missing
  UNROLL  lib/raid6/int4.c - due to target missing
  UNROLL  lib/raid6/int8.c - due to target missing
  UNROLL  lib/raid6/int16.c - due to target missing
  UNROLL  lib/raid6/int32.c - due to target missing
  CC      lib/raid6/recov_ssse3.o - due to target missing
  AR      drivers/pci/msi/built-in.a - due to target missing
  CC      drivers/pci/pcie/portdrv_core.o - due to target missing
  CC [M]  fs/fuse/inode.o - due to target missing
  CC      lib/raid6/recov_avx2.o - due to target missing
  CC      lib/raid6/mmx.o - due to target missing
  CC      lib/raid6/sse1.o - due to target missing
  CC      drivers/pci/pcie/portdrv_pci.o - due to target missing
  CC      lib/raid6/sse2.o - due to target missing
  CC [M]  fs/nfs/dns_resolve.o - due to target missing
  CC      drivers/pci/pcie/rcec.o - due to target missing
  CC [M]  fs/fuse/control.o - due to target missing
  CC      lib/raid6/avx2.o - due to target missing
  CC [M]  fs/nfs/nfs4trace.o - due to target missing
  CC      drivers/pci/pcie/aspm.o - due to target missing
  CC [M]  fs/fuse/xattr.o - due to target missing
  CC      lib/raid6/avx512.o - due to target missing
  CC [M]  fs/nfs/nfs4sysctl.o - due to target missing
  CC [M]  fs/fuse/acl.o - due to target missing
  CC      lib/raid6/recov_avx512.o - due to target missing
  CC [M]  fs/fuse/readdir.o - due to target missing
  CC [M]  fs/nfs/pnfs.o - due to target missing
  TABLE   lib/raid6/tables.c - due to target missing
  CC      drivers/pci/pcie/pme.o - due to target missing
  CC      lib/raid6/int1.o - due to target missing
  CC      lib/raid6/int2.o - due to target missing
  AR      drivers/pci/pcie/built-in.a - due to target missing
  AR      drivers/pci/controller/dwc/built-in.a - due to target missing
  CC [M]  fs/fuse/ioctl.o - due to target missing
  AR      drivers/pci/controller/mobiveil/built-in.a - due to target missing
  AR      drivers/pci/controller/built-in.a - due to target missing
  AR      drivers/pci/switch/built-in.a - due to target missing
  CC      drivers/pci/access.o - due to target missing
  CC      lib/raid6/int4.o - due to target missing
  CC      lib/raid6/int8.o - due to target missing
  CC [M]  fs/fuse/cuse.o - due to target missing
  CC      drivers/pci/bus.o - due to target missing
  CC [M]  fs/fuse/virtio_fs.o - due to target missing
  CC      lib/raid6/int16.o - due to target missing
  CC [M]  fs/nfs/pnfs_dev.o - due to target missing
  CC      drivers/pci/probe.o - due to target missing
  CC      lib/raid6/int32.o - due to target missing
  LD [M]  fs/fuse/fuse.o - due to target missing
  CC      lib/raid6/tables.o - due to target missing
  LD [M]  fs/fuse/virtiofs.o - due to target missing
  CC [M]  sound/core/seq/seq.o - due to target missing
  CC [M]  sound/core/seq/seq_lock.o - due to target missing
  CC [M]  fs/nfs/pnfs_nfs.o - due to target missing
  AR      lib/raid6/built-in.a - due to target missing
  CC      lib/mpi/generic_mpih-lshift.o - due to target missing
  CC [M]  sound/core/seq/seq_clientmgr.o - due to target missing
  CC      drivers/pci/host-bridge.o - due to target missing
  CC      lib/mpi/generic_mpih-mul1.o - due to target missing
  CC      drivers/pci/remove.o - due to target missing
  CC      lib/mpi/generic_mpih-mul2.o - due to target missing
  CC [M]  sound/core/seq/seq_memory.o - due to target missing
  CC [M]  fs/nfs/nfs42proc.o - due to target missing
  CC      lib/mpi/generic_mpih-mul3.o - due to target missing
  CC      drivers/pci/pci.o - due to target missing
  CC      lib/mpi/generic_mpih-rshift.o - due to target missing
  CC      lib/mpi/generic_mpih-sub1.o - due to target missing
  CC [M]  sound/core/seq/seq_queue.o - due to target missing
  CC      lib/mpi/generic_mpih-add1.o - due to target missing
  CC [M]  sound/core/seq/seq_fifo.o - due to target missing
  CC [M]  fs/nfs/nfs42xattr.o - due to target missing
  CC      lib/mpi/ec.o - due to target missing
  CC [M]  sound/core/seq/seq_prioq.o - due to target missing
  CC [M]  sound/core/seq/seq_timer.o - due to target missing
  LD [M]  fs/nfs/nfs.o - due to target missing
  LD [M]  fs/nfs/nfsv3.o - due to target missing
  LD [M]  fs/nfs/nfsv4.o - due to target missing
  CC [M]  fs/overlayfs/super.o - due to target missing
  CC      lib/mpi/mpicoder.o - due to target missing
  CC [M]  sound/core/seq/seq_system.o - due to target missing
  CC      drivers/pci/pci-driver.o - due to target missing
  CC [M]  sound/core/seq/seq_ports.o - due to target missing
  CC [M]  fs/overlayfs/namei.o - due to target missing
  CC      lib/mpi/mpi-add.o - due to target missing
  CC [M]  sound/core/seq/seq_info.o - due to target missing
  CC      drivers/pci/search.o - due to target missing
  LD [M]  sound/core/seq/snd-seq.o - due to target missing
  CC [M]  fs/overlayfs/util.o - due to target missing
  CC [M]  sound/core/sound.o - due to target missing
  CC      lib/mpi/mpi-bit.o - due to target missing
  CC      drivers/pci/pci-sysfs.o - due to target missing
  CC [M]  sound/core/init.o - due to target missing
  CC [M]  fs/overlayfs/inode.o - due to target missing
  CC      lib/mpi/mpi-cmp.o - due to target missing
  CC      drivers/pci/rom.o - due to target missing
  CC [M]  fs/overlayfs/file.o - due to target missing
  CC      lib/mpi/mpi-sub-ui.o - due to target missing
  CC [M]  sound/core/memory.o - due to target missing
  CC [M]  fs/overlayfs/dir.o - due to target missing
  CC [M]  sound/core/control.o - due to target missing
  CC      drivers/pci/setup-res.o - due to target missing
  CC      lib/mpi/mpi-div.o - due to target missing
  CC      lib/mpi/mpi-inv.o - due to target missing
  CC [M]  fs/overlayfs/readdir.o - due to target missing
  CC      drivers/pci/irq.o - due to target missing
  CC      lib/mpi/mpi-mod.o - due to target missing
  CC [M]  fs/overlayfs/copy_up.o - due to target missing
  CC [M]  sound/core/misc.o - due to target missing
  CC      drivers/pci/vpd.o - due to target missing
  CC      lib/mpi/mpi-mul.o - due to target missing
  CC [M]  fs/overlayfs/export.o - due to target missing
  CC [M]  sound/core/device.o - due to target missing
  CC      lib/mpi/mpih-cmp.o - due to target missing
  CC      drivers/pci/setup-bus.o - due to target missing
  LD [M]  fs/overlayfs/overlay.o - due to target missing
  CC [M]  fs/udf/balloc.o - due to target missing
  CC [M]  sound/core/info.o - due to target missing
  CC      lib/mpi/mpih-div.o - due to target missing
  CC [M]  fs/udf/dir.o - due to target missing
  CC      lib/mpi/mpih-mul.o - due to target missing
  CC [M]  sound/core/isadma.o - due to target missing
  CC [M]  fs/udf/file.o - due to target missing
  CC      drivers/pci/vc.o - due to target missing
  CC      lib/mpi/mpi-pow.o - due to target missing
  CC [M]  sound/core/vmaster.o - due to target missing
  CC [M]  fs/udf/ialloc.o - due to target missing
  CC      drivers/pci/mmap.o - due to target missing
  CC      lib/mpi/mpiutil.o - due to target missing
  CC [M]  sound/core/ctljack.o - due to target missing
  CC [M]  fs/udf/inode.o - due to target missing
  CC      drivers/pci/setup-irq.o - due to target missing
  CC [M]  sound/core/jack.o - due to target missing
  CC      drivers/pci/proc.o - due to target missing
  AR      lib/mpi/built-in.a - due to target missing
  CC      lib/fonts/fonts.o - due to target missing
  CC [M]  sound/core/hwdep.o - due to target missing
  CC      drivers/pci/slot.o - due to target missing
  CC      lib/fonts/font_8x8.o - due to target missing
  CC [M]  fs/udf/lowlevel.o - due to target missing
  CC      lib/fonts/font_8x16.o - due to target missing
  CC [M]  fs/udf/namei.o - due to target missing
  AR      lib/fonts/built-in.a - due to target missing
  CC      lib/argv_split.o - due to target missing
  CC [M]  sound/core/timer.o - due to target missing
  CC      drivers/pci/pci-acpi.o - due to target missing
  CC      lib/bug.o - due to target missing
  CC [M]  fs/udf/partition.o - due to target missing
  CC      lib/buildid.o - due to target missing
  CC [M]  fs/udf/super.o - due to target missing
  CC      drivers/pci/quirks.o - due to target missing
  CC      lib/clz_tab.o - due to target missing
  CC      lib/cmdline.o - due to target missing
  CC [M]  sound/core/hrtimer.o - due to target missing
  CC      lib/cpumask.o - due to target missing
  CC [M]  sound/core/pcm.o - due to target missing
  CC [M]  fs/udf/truncate.o - due to target missing
  CC      lib/ctype.o - due to target missing
  CC      lib/dec_and_lock.o - due to target missing
  CC      lib/decompress.o - due to target missing
  CC [M]  sound/core/pcm_native.o - due to target missing
  CC [M]  fs/udf/symlink.o - due to target missing
  CC      lib/decompress_bunzip2.o - due to target missing
  CC      drivers/pci/ats.o - due to target missing
  CC      lib/decompress_inflate.o - due to target missing
  CC [M]  fs/udf/directory.o - due to target missing
  CC      lib/decompress_unlz4.o - due to target missing
  CC [M]  fs/udf/misc.o - due to target missing
  CC      drivers/pci/pci-label.o - due to target missing
  CC      lib/decompress_unlzma.o - due to target missing
  CC [M]  fs/udf/udftime.o - due to target missing
  CC      drivers/pci/vgaarb.o - due to target missing
  CC      lib/decompress_unlzo.o - due to target missing
  CC [M]  sound/core/pcm_lib.o - due to target missing
  CC [M]  fs/udf/unicode.o - due to target missing
  CC      lib/decompress_unxz.o - due to target missing
  CC      lib/decompress_unzstd.o - due to target missing
  LD [M]  fs/udf/udf.o - due to target missing
  CC [M]  fs/xfs/xfs_trace.o - due to target missing
  AR      drivers/pci/built-in.a - due to target missing
  CC      drivers/video/console/dummycon.o - due to target missing
  CC      lib/dump_stack.o - due to target missing
  CC [M]  fs/xfs/libxfs/xfs_ag.o - due to target missing
  CC [M]  sound/core/pcm_misc.o - due to target missing
  CC      drivers/video/console/vgacon.o - due to target missing
  CC      lib/earlycpio.o - due to target missing
  CC      lib/extable.o - due to target missing
  CC      lib/flex_proportions.o - due to target missing
  CC [M]  fs/xfs/libxfs/xfs_alloc.o - due to target missing
  CC [M]  sound/core/pcm_memory.o - due to target missing
  CC      lib/idr.o - due to target missing
  AR      drivers/video/console/built-in.a - due to target missing
  CC      drivers/video/logo/logo.o - due to target missing
  CC      lib/irq_regs.o - due to target missing
  CC [M]  sound/core/memalloc.o - due to target missing
  HOSTCC  drivers/video/logo/pnmtologo - due to target missing
  CC      lib/is_single_threaded.o - due to target missing
  LOGO    drivers/video/logo/logo_linux_clut224.c - due to target missing
  CC      drivers/video/logo/logo_linux_clut224.o - due to target missing
  CC [M]  fs/xfs/libxfs/xfs_alloc_btree.o - due to target missing
  AR      drivers/video/logo/built-in.a - due to target missing
  CC      drivers/video/backlight/backlight.o - due to target missing
  CC      lib/klist.o - due to target missing
  CC      lib/kobject.o - due to target missing
  CC [M]  sound/core/pcm_timer.o - due to target missing
  CC [M]  fs/xfs/libxfs/xfs_attr.o - due to target missing
  AR      drivers/video/backlight/built-in.a - due to target missing
  CC      drivers/video/fbdev/core/fb_cmdline.o - due to target missing
  CC [M]  sound/core/seq_device.o - due to target missing
  CC      lib/kobject_uevent.o - due to target missing
  CC [M]  fs/xfs/libxfs/xfs_attr_leaf.o - due to target missing
  LD [M]  sound/core/snd.o - due to target missing
  LD [M]  sound/core/snd-hwdep.o - due to target missing
  LD [M]  sound/core/snd-timer.o - due to target missing
  LD [M]  sound/core/snd-hrtimer.o - due to target missing
  LD [M]  sound/core/snd-pcm.o - due to target missing
  LD [M]  sound/core/snd-seq-device.o - due to target missing
  CC      drivers/video/fbdev/core/fb_notify.o - due to target missing
  CC [M]  sound/pci/hda/hda_bind.o - due to target missing
  CC      lib/logic_pio.o - due to target missing
  CC      drivers/video/fbdev/core/fbmem.o - due to target missing
  CC [M]  fs/xfs/libxfs/xfs_attr_remote.o - due to target missing
  CC      lib/maple_tree.o - due to target missing
  CC [M]  sound/pci/hda/hda_codec.o - due to target missing
  CC [M]  fs/xfs/libxfs/xfs_bit.o - due to target missing
  CC [M]  fs/xfs/libxfs/xfs_bmap.o - due to target missing
  CC      drivers/video/fbdev/core/fbmon.o - due to target missing
  CC [M]  sound/pci/hda/hda_jack.o - due to target missing
  CC      drivers/video/fbdev/core/fbcmap.o - due to target missing
  CC [M]  sound/pci/hda/hda_auto_parser.o - due to target missing
  CC      drivers/video/fbdev/core/fbsysfs.o - due to target missing
  CC      lib/memcat_p.o - due to target missing
  CC [M]  fs/xfs/libxfs/xfs_bmap_btree.o - due to target missing
  CC      lib/nmi_backtrace.o - due to target missing
  CC [M]  sound/pci/hda/hda_sysfs.o - due to target missing
  CC      drivers/video/fbdev/core/modedb.o - due to target missing
  CC [M]  fs/xfs/libxfs/xfs_btree.o - due to target missing
  CC      lib/plist.o - due to target missing
  CC      lib/radix-tree.o - due to target missing
  CC [M]  sound/pci/hda/hda_controller.o - due to target missing
  CC      drivers/video/fbdev/core/fbcvt.o - due to target missing
  CC      lib/ratelimit.o - due to target missing
  CC [M]  sound/pci/hda/hda_proc.o - due to target missing
  CC      lib/rbtree.o - due to target missing
  CC      drivers/video/fbdev/core/fb_defio.o - due to target missing
  CC [M]  fs/xfs/libxfs/xfs_btree_staging.o - due to target missing
  CC      lib/seq_buf.o - due to target missing
  CC [M]  sound/pci/hda/hda_hwdep.o - due to target missing
  CC      drivers/video/fbdev/core/fbcon.o - due to target missing
  CC      lib/show_mem.o - due to target missing
  CC [M]  fs/xfs/libxfs/xfs_da_btree.o - due to target missing
  CC [M]  sound/pci/hda/hda_generic.o - due to target missing
  CC      lib/siphash.o - due to target missing
  TEST    lib/test_fortify/read_overflow-memchr.log - due to target missing
  TEST    lib/test_fortify/read_overflow-memchr_inv.log - due to target missing
  CC [M]  fs/xfs/libxfs/xfs_defer.o - due to target missing
  TEST    lib/test_fortify/read_overflow-memcmp.log - due to target missing
  TEST    lib/test_fortify/read_overflow-memscan.log - due to target missing
  TEST    lib/test_fortify/read_overflow2-memcmp.log - due to target missing
  CC      drivers/video/fbdev/core/bitblit.o - due to target missing
  CC [M]  fs/xfs/libxfs/xfs_dir2.o - due to target missing
  TEST    lib/test_fortify/read_overflow2-memcpy.log - due to target missing
  TEST    lib/test_fortify/read_overflow2-memmove.log - due to target missing
  TEST    lib/test_fortify/read_overflow2_field-memcpy.log - due to target missing
  CC      drivers/video/fbdev/core/softcursor.o - due to target missing
  TEST    lib/test_fortify/read_overflow2_field-memmove.log - due to target missing
  CC [M]  fs/xfs/libxfs/xfs_dir2_block.o - due to target missing
  TEST    lib/test_fortify/write_overflow-memcpy.log - due to target missing
  CC [M]  sound/pci/hda/patch_via.o - due to target missing
  CC      drivers/video/fbdev/core/cfbfillrect.o - due to target missing
  TEST    lib/test_fortify/write_overflow-memmove.log - due to target missing
  TEST    lib/test_fortify/write_overflow-memset.log - due to target missing
  TEST    lib/test_fortify/write_overflow-strcpy-lit.log - due to target missing
  CC [M]  sound/pci/hda/patch_hdmi.o - due to target missing
  CC [M]  fs/xfs/libxfs/xfs_dir2_data.o - due to target missing
  TEST    lib/test_fortify/write_overflow-strcpy.log - due to target missing
  TEST    lib/test_fortify/write_overflow-strlcpy-src.log - due to target missing
  CC      drivers/video/fbdev/core/cfbcopyarea.o - due to target missing
  TEST    lib/test_fortify/write_overflow-strlcpy.log - due to target missing
  TEST    lib/test_fortify/write_overflow-strncpy-src.log - due to target missing
  CC [M]  fs/xfs/libxfs/xfs_dir2_leaf.o - due to target missing
  TEST    lib/test_fortify/write_overflow-strncpy.log - due to target missing
  TEST    lib/test_fortify/write_overflow-strscpy.log - due to target missing
  CC      drivers/video/fbdev/core/cfbimgblt.o - due to target missing
  CC [M]  sound/pci/hda/hda_eld.o - due to target missing
  TEST    lib/test_fortify/write_overflow_field-memcpy.log - due to target missing
  TEST    lib/test_fortify/write_overflow_field-memmove.log - due to target missing
  CC [M]  fs/xfs/libxfs/xfs_dir2_node.o - due to target missing
  TEST    lib/test_fortify/write_overflow_field-memset.log - due to target missing
  CC [M]  sound/pci/hda/hda_intel.o - due to target missing
  CC      lib/timerqueue.o - due to target missing
  CC      drivers/video/fbdev/core/sysfillrect.o - due to target missing
  CC      lib/vsprintf.o - due to target missing
  CC [M]  fs/xfs/libxfs/xfs_dir2_sf.o - due to target missing
  LD [M]  sound/pci/hda/snd-hda-codec.o - due to target missing
  LD [M]  sound/pci/hda/snd-hda-codec-generic.o - due to target missing
  LD [M]  sound/pci/hda/snd-hda-codec-via.o - due to target missing
  LD [M]  sound/pci/hda/snd-hda-codec-hdmi.o - due to target missing
  LD [M]  sound/pci/hda/snd-hda-intel.o - due to target missing
  CC      drivers/video/fbdev/core/syscopyarea.o - due to target missing
  CC [M]  sound/hda/hda_bus_type.o - due to target missing
  CC [M]  fs/xfs/libxfs/xfs_dquot_buf.o - due to target missing
  CC [M]  sound/hda/hdac_bus.o - due to target missing
  CC      drivers/video/fbdev/core/sysimgblt.o - due to target missing
  CC [M]  fs/xfs/libxfs/xfs_ialloc.o - due to target missing
  CC      lib/win_minmax.o - due to target missing
  CC [M]  sound/hda/hdac_device.o - due to target missing
  CC      lib/xarray.o - due to target missing
  CC      drivers/video/fbdev/core/fb_sys_fops.o - due to target missing
  CC [M]  fs/xfs/libxfs/xfs_ialloc_btree.o - due to target missing
  CC [M]  sound/hda/hdac_sysfs.o - due to target missing
  AR      drivers/video/fbdev/core/built-in.a - due to target missing
  CC [M]  fs/xfs/libxfs/xfs_iext_tree.o - due to target missing
  AR      drivers/video/fbdev/omap/built-in.a - due to target missing
  AR      drivers/video/fbdev/omap2/omapfb/dss/built-in.a - due to target missing
  AR      drivers/video/fbdev/omap2/omapfb/displays/built-in.a - due to target missing
  AR      drivers/video/fbdev/omap2/omapfb/built-in.a - due to target missing
  AR      drivers/video/fbdev/omap2/built-in.a - due to target missing
  CC      drivers/video/fbdev/efifb.o - due to target missing
  CC      lib/lockref.o - due to target missing
  CC [M]  sound/hda/hdac_regmap.o - due to target missing
  CC      lib/bcd.o - due to target missing
  CC      lib/sort.o - due to target missing
  CC      lib/parser.o - due to target missing
  AR      drivers/video/fbdev/built-in.a - due to target missing
  CC      drivers/video/aperture.o - due to target missing
  CC [M]  fs/xfs/libxfs/xfs_inode_fork.o - due to target missing
  CC [M]  sound/hda/hdac_controller.o - due to target missing
  CC      lib/debug_locks.o - due to target missing
  CC      lib/random32.o - due to target missing
  CC [M]  fs/xfs/libxfs/xfs_inode_buf.o - due to target missing
  CC      drivers/video/hdmi.o - due to target missing
  CC      lib/bust_spinlocks.o - due to target missing
  CC [M]  sound/hda/hdac_stream.o - due to target missing
  CC      lib/kasprintf.o - due to target missing
  CC [M]  fs/xfs/libxfs/xfs_log_rlimit.o - due to target missing
  AR      drivers/video/built-in.a - due to target missing
  CC      drivers/idle/intel_idle.o - due to target missing
  CC      lib/bitmap.o - due to target missing
  CC [M]  sound/hda/array.o - due to target missing
  CC [M]  fs/xfs/libxfs/xfs_ag_resv.o - due to target missing
  AR      drivers/idle/built-in.a - due to target missing
  AR      drivers/char/ipmi/built-in.a - due to target missing
  CC      drivers/acpi/acpica/dsargs.o - due to target missing
  CC [M]  sound/hda/hdmi_chmap.o - due to target missing
  CC      drivers/acpi/acpica/dscontrol.o - due to target missing
  CC [M]  fs/xfs/libxfs/xfs_rmap.o - due to target missing
  CC      lib/scatterlist.o - due to target missing
  CC      drivers/acpi/acpica/dsdebug.o - due to target missing
  CC      drivers/acpi/acpica/dsfield.o - due to target missing
  CC [M]  sound/hda/trace.o - due to target missing
  CC      drivers/acpi/acpica/dsinit.o - due to target missing
  CC      drivers/acpi/acpica/dsmethod.o - due to target missing
  CC [M]  fs/xfs/libxfs/xfs_rmap_btree.o - due to target missing
  CC      lib/list_sort.o - due to target missing
  CC [M]  sound/hda/hdac_component.o - due to target missing
  CC      lib/uuid.o - due to target missing
  CC      drivers/acpi/acpica/dsmthdat.o - due to target missing
  CC      lib/iov_iter.o - due to target missing
  CC      drivers/acpi/acpica/dsobject.o - due to target missing
  CC [M]  fs/xfs/libxfs/xfs_refcount.o - due to target missing
  CC [M]  sound/hda/hdac_i915.o - due to target missing
  CC      drivers/acpi/acpica/dsopcode.o - due to target missing
  CC      drivers/acpi/acpica/dspkginit.o - due to target missing
  CC [M]  fs/xfs/libxfs/xfs_refcount_btree.o - due to target missing
  CC [M]  sound/hda/intel-dsp-config.o - due to target missing
  CC      drivers/acpi/acpica/dsutils.o - due to target missing
  CC      drivers/acpi/acpica/dswexec.o - due to target missing
  CC      lib/clz_ctz.o - due to target missing
  CC [M]  fs/xfs/libxfs/xfs_sb.o - due to target missing
  CC      lib/bsearch.o - due to target missing
  CC      drivers/acpi/acpica/dswload.o - due to target missing
  CC [M]  sound/hda/intel-nhlt.o - due to target missing
  CC      drivers/acpi/acpica/dswload2.o - due to target missing
  CC      lib/find_bit.o - due to target missing
  CC [M]  fs/xfs/libxfs/xfs_symlink_remote.o - due to target missing
  CC      drivers/acpi/acpica/dswscope.o - due to target missing
  CC [M]  sound/hda/intel-sdw-acpi.o - due to target missing
  CC      lib/llist.o - due to target missing
  CC      drivers/acpi/acpica/dswstate.o - due to target missing
  CC      lib/memweight.o - due to target missing
  CC [M]  fs/xfs/libxfs/xfs_trans_inode.o - due to target missing
  CC      lib/kfifo.o - due to target missing
  CC      drivers/acpi/acpica/evevent.o - due to target missing
  LD [M]  sound/hda/snd-hda-core.o - due to target missing
  LD [M]  sound/hda/snd-intel-dspcfg.o - due to target missing
  LD [M]  sound/hda/snd-intel-sdw-acpi.o - due to target missing
  CC [M]  sound/virtio/virtio_card.o - due to target missing
  CC      drivers/acpi/acpica/evgpe.o - due to target missing
  CC [M]  fs/xfs/libxfs/xfs_trans_resv.o - due to target missing
  CC [M]  sound/virtio/virtio_chmap.o - due to target missing
  CC      drivers/acpi/acpica/evgpeblk.o - due to target missing
  CC      lib/percpu-refcount.o - due to target missing
  CC      drivers/acpi/acpica/evgpeinit.o - due to target missing
  CC [M]  sound/virtio/virtio_ctl_msg.o - due to target missing
  CC [M]  fs/xfs/libxfs/xfs_types.o - due to target missing
  CC      drivers/acpi/acpica/evgpeutil.o - due to target missing
  CC      lib/rhashtable.o - due to target missing
  CC [M]  sound/virtio/virtio_jack.o - due to target missing
  CC [M]  fs/xfs/libxfs/xfs_rtbitmap.o - due to target missing
  CC      drivers/acpi/acpica/evglock.o - due to target missing
  CC      drivers/acpi/acpica/evhandler.o - due to target missing
  CC [M]  sound/virtio/virtio_pcm.o - due to target missing
  CC      drivers/acpi/acpica/evmisc.o - due to target missing
  CC [M]  fs/xfs/xfs_aops.o - due to target missing
  CC [M]  sound/virtio/virtio_pcm_msg.o - due to target missing
  CC      lib/base64.o - due to target missing
  CC      drivers/acpi/acpica/evregion.o - due to target missing
  CC      lib/once.o - due to target missing
  CC      drivers/acpi/acpica/evrgnini.o - due to target missing
  CC [M]  fs/xfs/xfs_attr_inactive.o - due to target missing
  CC [M]  sound/virtio/virtio_pcm_ops.o - due to target missing
  CC      lib/refcount.o - due to target missing
  CC      drivers/acpi/acpica/evsci.o - due to target missing
  CC      lib/usercopy.o - due to target missing
  LD [M]  sound/virtio/virtio_snd.o - due to target missing
  AR      sound/built-in.a - due to target missing
  CC      drivers/acpi/acpica/evxface.o - due to target missing
  CC [M]  sound/sound_core.o - due to target missing
  CC [M]  fs/xfs/xfs_attr_list.o - due to target missing
  CC      lib/errseq.o - due to target missing
  CC      lib/bucket_locks.o - due to target missing
  LD [M]  sound/soundcore.o - due to target missing
  AR      drivers/acpi/pmic/built-in.a - due to target missing
  CC      lib/generic-radix-tree.o - due to target missing
  CC      drivers/acpi/acpica/evxfevnt.o - due to target missing
  CC [M]  fs/xfs/xfs_bmap_util.o - due to target missing
  CC [M]  fs/f2fs/dir.o - due to target missing
  CC      lib/string_helpers.o - due to target missing
  CC      drivers/acpi/acpica/evxfgpe.o - due to target missing
  CC      drivers/acpi/acpica/evxfregn.o - due to target missing
  CC [M]  fs/xfs/xfs_bio_io.o - due to target missing
  CC      lib/hexdump.o - due to target missing
  CC [M]  fs/f2fs/file.o - due to target missing
  CC      drivers/acpi/acpica/exconcat.o - due to target missing
  CC [M]  fs/xfs/xfs_buf.o - due to target missing
  CC      lib/kstrtox.o - due to target missing
  CC      drivers/acpi/acpica/exconfig.o - due to target missing
  CC      lib/iomap.o - due to target missing
  CC      drivers/acpi/acpica/exconvrt.o - due to target missing
  CC      drivers/acpi/acpica/excreate.o - due to target missing
  CC [M]  fs/xfs/xfs_dir2_readdir.o - due to target missing
  CC      lib/pci_iomap.o - due to target missing
  CC      drivers/acpi/acpica/exdebug.o - due to target missing
  CC      drivers/acpi/acpica/exdump.o - due to target missing
  CC [M]  fs/xfs/xfs_discard.o - due to target missing
  CC      drivers/acpi/acpica/exfield.o - due to target missing
  CC      lib/iomap_copy.o - due to target missing
  CC      drivers/acpi/acpica/exfldio.o - due to target missing
  CC      lib/devres.o - due to target missing
  CC [M]  fs/f2fs/inode.o - due to target missing
  CC [M]  fs/xfs/xfs_error.o - due to target missing
  CC      drivers/acpi/acpica/exmisc.o - due to target missing
  CC      drivers/acpi/acpica/exmutex.o - due to target missing
  CC [M]  fs/xfs/xfs_export.o - due to target missing
  CC      lib/check_signature.o - due to target missing
  CC      drivers/acpi/acpica/exnames.o - due to target missing
  CC [M]  fs/f2fs/namei.o - due to target missing
  CC      lib/interval_tree.o - due to target missing
  CC [M]  fs/xfs/xfs_extent_busy.o - due to target missing
  CC      drivers/acpi/acpica/exoparg1.o - due to target missing
  CC      lib/assoc_array.o - due to target missing
  CC      drivers/acpi/acpica/exoparg2.o - due to target missing
  CC [M]  fs/xfs/xfs_file.o - due to target missing
  CC      drivers/acpi/acpica/exoparg3.o - due to target missing
  CC      lib/bitrev.o - due to target missing
  CC [M]  fs/f2fs/hash.o - due to target missing
  CC      drivers/acpi/acpica/exoparg6.o - due to target missing
  CC      lib/crc-ccitt.o - due to target missing
  CC      drivers/acpi/acpica/exprep.o - due to target missing
  CC [M]  fs/f2fs/super.o - due to target missing
  CC [M]  fs/xfs/xfs_filestream.o - due to target missing
  CC      drivers/acpi/acpica/exregion.o - due to target missing
  CC      lib/crc16.o - due to target missing
  CC      drivers/acpi/acpica/exresnte.o - due to target missing
  HOSTCC  lib/gen_crc32table - due to target missing
  CC [M]  fs/xfs/xfs_fsmap.o - due to target missing
  CC      lib/libcrc32c.o - due to target missing
  CC      drivers/acpi/acpica/exresolv.o - due to target missing
  CC      drivers/acpi/acpica/exresop.o - due to target missing
  CC      lib/xxhash.o - due to target missing
  CC [M]  fs/f2fs/inline.o - due to target missing
  CC [M]  fs/xfs/xfs_fsops.o - due to target missing
  CC      drivers/acpi/acpica/exserial.o - due to target missing
  CC      drivers/acpi/acpica/exstore.o - due to target missing
  CC      lib/genalloc.o - due to target missing
  CC      drivers/acpi/acpica/exstoren.o - due to target missing
  CC [M]  fs/xfs/xfs_globals.o - due to target missing
  CC      drivers/acpi/acpica/exstorob.o - due to target missing
  CC [M]  fs/f2fs/checkpoint.o - due to target missing
  CC      lib/percpu_counter.o - due to target missing
  CC [M]  fs/xfs/xfs_health.o - due to target missing
  CC      drivers/acpi/acpica/exsystem.o - due to target missing
  CC      drivers/acpi/acpica/extrace.o - due to target missing
  CC      lib/syscall.o - due to target missing
  CC [M]  fs/xfs/xfs_icache.o - due to target missing
  CC      drivers/acpi/acpica/exutils.o - due to target missing
  CC      lib/errname.o - due to target missing
  CC      lib/nlattr.o - due to target missing
  CC      drivers/acpi/acpica/hwacpi.o - due to target missing
  CC [M]  fs/f2fs/gc.o - due to target missing
  CC      drivers/acpi/acpica/hwesleep.o - due to target missing
  CC      drivers/acpi/acpica/hwgpe.o - due to target missing
  CC [M]  fs/xfs/xfs_ioctl.o - due to target missing
  CC      drivers/acpi/acpica/hwregs.o - due to target missing
  CC      lib/cpu_rmap.o - due to target missing
  CC      drivers/acpi/acpica/hwsleep.o - due to target missing
  CC      lib/dynamic_queue_limits.o - due to target missing
  CC      drivers/acpi/acpica/hwvalid.o - due to target missing
  CC [M]  fs/f2fs/data.o - due to target missing
  CC [M]  fs/xfs/xfs_iomap.o - due to target missing
  CC      lib/glob.o - due to target missing
  CC      drivers/acpi/acpica/hwxface.o - due to target missing
  CC      lib/strncpy_from_user.o - due to target missing
  CC      drivers/acpi/acpica/hwxfsleep.o - due to target missing
  CC [M]  fs/xfs/xfs_iops.o - due to target missing
  CC      drivers/acpi/acpica/hwpci.o - due to target missing
  CC      lib/strnlen_user.o - due to target missing
  CC      drivers/acpi/acpica/nsaccess.o - due to target missing
  CC      lib/net_utils.o - due to target missing
  CC [M]  fs/xfs/xfs_inode.o - due to target missing
  CC      drivers/acpi/acpica/nsalloc.o - due to target missing
  CC      drivers/acpi/acpica/nsarguments.o - due to target missing
  CC [M]  fs/f2fs/node.o - due to target missing
  CC      drivers/acpi/acpica/nsconvert.o - due to target missing
  CC      lib/sg_pool.o - due to target missing
  CC      drivers/acpi/acpica/nsdump.o - due to target missing
  CC      drivers/acpi/acpica/nseval.o - due to target missing
  CC [M]  fs/xfs/xfs_itable.o - due to target missing
  CC      lib/stackdepot.o - due to target missing
  CC      drivers/acpi/acpica/nsinit.o - due to target missing
  CC      drivers/acpi/acpica/nsload.o - due to target missing
  CC [M]  fs/xfs/xfs_iwalk.o - due to target missing
  CC      lib/asn1_decoder.o - due to target missing
  CC      drivers/acpi/acpica/nsnames.o - due to target missing
  CC      drivers/acpi/acpica/nsobject.o - due to target missing
  CC [M]  fs/f2fs/segment.o - due to target missing
  CC [M]  fs/xfs/xfs_message.o - due to target missing
  GEN     lib/oid_registry_data.c - due to target missing
  CC      lib/ucs2_string.o - due to target missing
  CC      drivers/acpi/acpica/nsparse.o - due to target missing
  CC      drivers/acpi/acpica/nspredef.o - due to target missing
  CC [M]  fs/xfs/xfs_mount.o - due to target missing
  CC      lib/sbitmap.o - due to target missing
  CC      drivers/acpi/acpica/nsprepkg.o - due to target missing
  CC      drivers/acpi/acpica/nsrepair.o - due to target missing
  CC [M]  fs/xfs/xfs_mru_cache.o - due to target missing
  CC      lib/group_cpus.o - due to target missing
  CC      drivers/acpi/acpica/nsrepair2.o - due to target missing
  CC [M]  lib/crc-itu-t.o - due to target missing
  CC      drivers/acpi/acpica/nssearch.o - due to target missing
  CC [M]  fs/xfs/xfs_pwork.o - due to target missing
  CC      drivers/acpi/acpica/nsutils.o - due to target missing
  GEN     lib/test_fortify.log - due to target missing
  GEN     lib/crc32table.h - due to target missing
  CC      lib/oid_registry.o - due to target missing
  CC [M]  fs/xfs/xfs_reflink.o - due to target missing
  CC      drivers/acpi/acpica/nswalk.o - due to target missing
  CC [M]  fs/f2fs/recovery.o - due to target missing
  CC      lib/string.o - due to target missing
  CC      drivers/acpi/acpica/nsxfeval.o - due to target missing
  CC [M]  fs/xfs/xfs_stats.o - due to target missing
  CC      lib/crc32.o - due to target missing
  CC      drivers/acpi/acpica/nsxfname.o - due to target missing
  CC [M]  fs/f2fs/shrinker.o - due to target missing
  CC [M]  fs/xfs/xfs_super.o - due to target missing
  CC      drivers/acpi/acpica/nsxfobj.o - due to target missing
  AR      lib/lib.a - due to target missing
  AR      lib/built-in.a - due to target missing
  CC      drivers/pnp/pnpacpi/core.o - due to target missing
  CC [M]  fs/f2fs/extent_cache.o - due to target missing
  CC      drivers/acpi/acpica/psargs.o - due to target missing
  CC      drivers/pnp/pnpacpi/rsparser.o - due to target missing
  CC      drivers/acpi/acpica/psloop.o - due to target missing
  CC [M]  fs/xfs/xfs_symlink.o - due to target missing
  CC      drivers/acpi/acpica/psobject.o - due to target missing
  CC [M]  fs/f2fs/sysfs.o - due to target missing
  AR      drivers/pnp/pnpacpi/built-in.a - due to target missing
  CC      drivers/pnp/core.o - due to target missing
  CC      drivers/acpi/acpica/psopcode.o - due to target missing
  CC [M]  fs/xfs/xfs_sysfs.o - due to target missing
  CC      drivers/acpi/acpica/psopinfo.o - due to target missing
  CC [M]  fs/f2fs/debug.o - due to target missing
  CC      drivers/acpi/acpica/psparse.o - due to target missing
  CC      drivers/pnp/card.o - due to target missing
  CC [M]  fs/xfs/xfs_trans.o - due to target missing
  CC      drivers/acpi/acpica/psscope.o - due to target missing
  CC      drivers/acpi/acpica/pstree.o - due to target missing
  CC [M]  fs/f2fs/xattr.o - due to target missing
  CC      drivers/pnp/driver.o - due to target missing
  CC      drivers/acpi/acpica/psutils.o - due to target missing
  CC [M]  fs/xfs/xfs_xattr.o - due to target missing
  CC      drivers/acpi/acpica/pswalk.o - due to target missing
  CC      drivers/pnp/resource.o - due to target missing
  CC [M]  fs/xfs/kmem.o - due to target missing
  CC      drivers/acpi/acpica/psxface.o - due to target missing
  CC [M]  fs/f2fs/acl.o - due to target missing
  CC      drivers/acpi/acpica/rsaddr.o - due to target missing
  CC [M]  fs/xfs/xfs_log.o - due to target missing
  CC      drivers/acpi/acpica/rscalc.o - due to target missing
  CC [M]  fs/f2fs/compress.o - due to target missing
  CC      drivers/pnp/manager.o - due to target missing
  CC      drivers/acpi/acpica/rscreate.o - due to target missing
  CC      drivers/acpi/acpica/rsdumpinfo.o - due to target missing
  CC      drivers/pnp/support.o - due to target missing
  CC [M]  fs/xfs/xfs_log_cil.o - due to target missing
  CC      drivers/acpi/acpica/rsinfo.o - due to target missing
  LD [M]  fs/f2fs/f2fs.o - due to target missing
  CC      drivers/acpi/acpica/rsio.o - due to target missing
  CC [M]  fs/efivarfs/inode.o - due to target missing
  CC      drivers/pnp/interface.o - due to target missing
  CC      drivers/acpi/acpica/rsirq.o - due to target missing
  CC [M]  fs/efivarfs/file.o - due to target missing
  CC      drivers/pnp/quirks.o - due to target missing
  CC      drivers/acpi/acpica/rslist.o - due to target missing
  CC [M]  fs/xfs/xfs_bmap_item.o - due to target missing
  CC [M]  fs/efivarfs/super.o - due to target missing
  CC      drivers/acpi/acpica/rsmemory.o - due to target missing
  CC      drivers/pnp/system.o - due to target missing
  CC      drivers/acpi/acpica/rsmisc.o - due to target missing
  CC [M]  fs/xfs/xfs_buf_item.o - due to target missing
  CC [M]  fs/efivarfs/vars.o - due to target missing
  AR      drivers/pnp/built-in.a - due to target missing
  CC      drivers/acpi/dptf/int340x_thermal.o - due to target missing
  CC      drivers/acpi/acpica/rsserial.o - due to target missing
  AR      drivers/acpi/dptf/built-in.a - due to target missing
  CC      net/core/sock.o - due to target missing
  CC      drivers/acpi/acpica/rsutils.o - due to target missing
  LD [M]  fs/efivarfs/efivarfs.o - due to target missing
  CC      net/core/request_sock.o - due to target missing
  CC [M]  fs/xfs/xfs_buf_item_recover.o - due to target missing
  CC      drivers/acpi/acpica/rsxface.o - due to target missing
  AR      drivers/amba/built-in.a - due to target missing
  AR      virt/lib/built-in.a - due to target missing
  CC [M]  virt/lib/irqbypass.o - due to target missing
  CC      drivers/acpi/acpica/tbdata.o - due to target missing
  CC [M]  fs/xfs/xfs_dquot_item_recover.o - due to target missing
  AR      virt/built-in.a - due to target missing
  CC      net/ethernet/eth.o - due to target missing
  CC      drivers/acpi/acpica/tbfadt.o - due to target missing
  CC [M]  fs/xfs/xfs_extfree_item.o - due to target missing
  CC      drivers/acpi/acpica/tbfind.o - due to target missing
  CC      drivers/acpi/acpica/tbinstal.o - due to target missing
  CC [M]  fs/xfs/xfs_attr_item.o - due to target missing
  CC      drivers/acpi/acpica/tbprint.o - due to target missing
  CC      net/core/skbuff.o - due to target missing
  CC      drivers/acpi/acpica/tbutils.o - due to target missing
  AR      net/ethernet/built-in.a - due to target missing
  CC      net/core/datagram.o - due to target missing
  CC      drivers/acpi/acpica/tbxface.o - due to target missing
  CC [M]  fs/xfs/xfs_icreate_item.o - due to target missing
  CC      drivers/acpi/acpica/tbxfload.o - due to target missing
  CC [M]  fs/xfs/xfs_inode_item.o - due to target missing
  CC      drivers/acpi/acpica/tbxfroot.o - due to target missing
  CC [M]  fs/erofs/super.o - due to target missing
  CC      drivers/acpi/acpica/utaddress.o - due to target missing
  CC [M]  fs/xfs/xfs_inode_item_recover.o - due to target missing
  CC      drivers/acpi/acpica/utalloc.o - due to target missing
  CC [M]  fs/erofs/inode.o - due to target missing
  CC      drivers/acpi/acpica/utascii.o - due to target missing
  CC      drivers/acpi/acpica/utbuffer.o - due to target missing
  CC [M]  fs/xfs/xfs_iunlink_item.o - due to target missing
  CC [M]  fs/erofs/data.o - due to target missing
  CC      drivers/acpi/acpica/utcopy.o - due to target missing
  CC [M]  fs/xfs/xfs_refcount_item.o - due to target missing
  CC      drivers/acpi/acpica/utexcep.o - due to target missing
  CC [M]  fs/erofs/namei.o - due to target missing
  CC      net/core/stream.o - due to target missing
  CC      drivers/acpi/acpica/utdebug.o - due to target missing
  CC [M]  fs/erofs/dir.o - due to target missing
  CC [M]  fs/xfs/xfs_rmap_item.o - due to target missing
  CC      drivers/acpi/acpica/utdecode.o - due to target missing
  CC [M]  fs/erofs/utils.o - due to target missing
  CC      drivers/acpi/acpica/utdelete.o - due to target missing
  CC [M]  fs/xfs/xfs_log_recover.o - due to target missing
  CC      net/core/scm.o - due to target missing
  CC      drivers/acpi/acpica/uterror.o - due to target missing
  CC [M]  fs/erofs/pcpubuf.o - due to target missing
  CC      drivers/acpi/acpica/uteval.o - due to target missing
  CC      drivers/acpi/acpica/utglobal.o - due to target missing
  CC [M]  fs/erofs/sysfs.o - due to target missing
  CC [M]  fs/xfs/xfs_trans_ail.o - due to target missing
  CC      drivers/acpi/acpica/uthex.o - due to target missing
  CC [M]  fs/erofs/xattr.o - due to target missing
  CC      net/core/gen_stats.o - due to target missing
  CC      drivers/acpi/acpica/utids.o - due to target missing
  CC      drivers/acpi/acpica/utinit.o - due to target missing
  CC [M]  fs/xfs/xfs_trans_buf.o - due to target missing
  CC [M]  fs/erofs/decompressor.o - due to target missing
  CC      drivers/acpi/acpica/utlock.o - due to target missing
  CC      net/core/gen_estimator.o - due to target missing
  CC      drivers/acpi/acpica/utmath.o - due to target missing
  CC [M]  fs/xfs/xfs_dquot.o - due to target missing
  CC [M]  fs/erofs/zmap.o - due to target missing
  CC      drivers/acpi/acpica/utmisc.o - due to target missing
  CC      drivers/acpi/acpica/utmutex.o - due to target missing
  CC [M]  fs/erofs/zdata.o - due to target missing
  CC      drivers/acpi/acpica/utnonansi.o - due to target missing
  CC [M]  fs/xfs/xfs_dquot_item.o - due to target missing
  CC      net/core/net_namespace.o - due to target missing
  CC      drivers/acpi/acpica/utobject.o - due to target missing
  CC [M]  fs/xfs/xfs_trans_dquot.o - due to target missing
  CC      drivers/acpi/acpica/utosi.o - due to target missing
  CC [M]  fs/erofs/decompressor_lzma.o - due to target missing
  CC      drivers/acpi/acpica/utownerid.o - due to target missing
  CC      drivers/acpi/acpica/utpredef.o - due to target missing
  CC [M]  fs/xfs/xfs_qm_syscalls.o - due to target missing
  LD [M]  fs/erofs/erofs.o - due to target missing
  AR      drivers/clk/actions/built-in.a - due to target missing
  AR      drivers/clk/analogbits/built-in.a - due to target missing
  AR      drivers/clk/bcm/built-in.a - due to target missing
  CC      net/core/secure_seq.o - due to target missing
  AR      drivers/clk/imgtec/built-in.a - due to target missing
  AR      drivers/clk/imx/built-in.a - due to target missing
  AR      drivers/clk/ingenic/built-in.a - due to target missing
  AR      drivers/clk/mediatek/built-in.a - due to target missing
  AR      drivers/clk/microchip/built-in.a - due to target missing
  AR      drivers/clk/mstar/built-in.a - due to target missing
  AR      drivers/clk/mvebu/built-in.a - due to target missing
  CC      drivers/acpi/acpica/utresdecode.o - due to target missing
  AR      drivers/clk/ralink/built-in.a - due to target missing
  AR      drivers/clk/renesas/built-in.a - due to target missing
  AR      drivers/clk/socfpga/built-in.a - due to target missing
  AR      drivers/clk/sprd/built-in.a - due to target missing
  AR      drivers/clk/sunxi-ng/built-in.a - due to target missing
  AR      drivers/clk/ti/built-in.a - due to target missing
  AR      drivers/clk/versatile/built-in.a - due to target missing
  CC      drivers/clk/x86/clk-lpss-atom.o - due to target missing
  CC      drivers/acpi/acpica/utresrc.o - due to target missing
  CC [M]  fs/xfs/xfs_qm_bhv.o - due to target missing
  CC      drivers/clk/x86/clk-pmc-atom.o - due to target missing
  CC      drivers/acpi/acpica/utstate.o - due to target missing
  AR      drivers/clk/x86/built-in.a - due to target missing
  AR      drivers/clk/xilinx/built-in.a - due to target missing
  CC      drivers/clk/clk-devres.o - due to target missing
  CC      drivers/acpi/acpica/utstring.o - due to target missing
  CC [M]  fs/xfs/xfs_qm.o - due to target missing
  CC      net/core/flow_dissector.o - due to target missing
  CC      drivers/acpi/acpica/utstrsuppt.o - due to target missing
  CC      drivers/clk/clk-bulk.o - due to target missing
  CC      drivers/acpi/acpica/utstrtoul64.o - due to target missing
  CC      drivers/acpi/acpica/utxface.o - due to target missing
  CC [M]  fs/xfs/xfs_quotaops.o - due to target missing
  CC      drivers/clk/clkdev.o - due to target missing
  CC      drivers/acpi/acpica/utxfinit.o - due to target missing
  CC [M]  fs/xfs/xfs_rtalloc.o - due to target missing
  CC      drivers/clk/clk.o - due to target missing
  CC      drivers/acpi/acpica/utxferror.o - due to target missing
  CC      drivers/acpi/acpica/utxfmutex.o - due to target missing
  CC      net/core/sysctl_net_core.o - due to target missing
  CC [M]  fs/xfs/xfs_acl.o - due to target missing
  AR      drivers/acpi/acpica/built-in.a - due to target missing
  CC      drivers/acpi/tables.o - due to target missing
  CC [M]  fs/xfs/xfs_sysctl.o - due to target missing
  CC      drivers/clk/clk-divider.o - due to target missing
  CC      drivers/acpi/blacklist.o - due to target missing
  CC [M]  fs/xfs/xfs_ioctl32.o - due to target missing
  CC      net/core/dev.o - due to target missing
  CC      drivers/acpi/osi.o - due to target missing
  CC      drivers/clk/clk-fixed-factor.o - due to target missing
  CC [M]  fs/xfs/scrub/trace.o - due to target missing
  CC      drivers/acpi/osl.o - due to target missing
  CC      drivers/clk/clk-fixed-rate.o - due to target missing
  CC [M]  fs/xfs/scrub/agheader.o - due to target missing
  CC      drivers/clk/clk-gate.o - due to target missing
  CC      drivers/acpi/utils.o - due to target missing
  CC [M]  fs/xfs/scrub/alloc.o - due to target missing
  CC      drivers/clk/clk-multiplier.o - due to target missing
  CC [M]  fs/xfs/scrub/attr.o - due to target missing
  CC      drivers/acpi/reboot.o - due to target missing
  CC      drivers/clk/clk-mux.o - due to target missing
  CC      drivers/acpi/nvs.o - due to target missing
  CC [M]  fs/xfs/scrub/bmap.o - due to target missing
  CC      drivers/clk/clk-composite.o - due to target missing
  CC      drivers/acpi/wakeup.o - due to target missing
  CC [M]  fs/xfs/scrub/btree.o - due to target missing
  CC      drivers/clk/clk-fractional-divider.o - due to target missing
  CC      drivers/acpi/sleep.o - due to target missing
  CC      drivers/clk/clk-gpio.o - due to target missing
  CC [M]  fs/xfs/scrub/common.o - due to target missing
  AR      drivers/clk/built-in.a - due to target missing
  CC      arch/x86/pci/i386.o - due to target missing
  CC [M]  fs/xfs/scrub/dabtree.o - due to target missing
  CC      drivers/acpi/device_sysfs.o - due to target missing
  CC      net/core/dev_addr_lists.o - due to target missing
  CC      arch/x86/pci/init.o - due to target missing
  CC [M]  fs/xfs/scrub/dir.o - due to target missing
  CC      drivers/acpi/device_pm.o - due to target missing
  CC      arch/x86/pci/mmconfig_64.o - due to target missing
  CC      net/core/dst.o - due to target missing
  CC [M]  fs/xfs/scrub/fscounters.o - due to target missing
  CC      arch/x86/pci/direct.o - due to target missing
  CC      drivers/acpi/proc.o - due to target missing
  CC      arch/x86/pci/mmconfig-shared.o - due to target missing
  CC [M]  fs/xfs/scrub/health.o - due to target missing
  CC      drivers/acpi/bus.o - due to target missing
  CC [M]  fs/xfs/scrub/ialloc.o - due to target missing
  CC      arch/x86/pci/fixup.o - due to target missing
  CC      net/core/netevent.o - due to target missing
  CC [M]  fs/xfs/scrub/inode.o - due to target missing
  CC      arch/x86/pci/acpi.o - due to target missing
  CC      drivers/acpi/glue.o - due to target missing
  CC      net/core/neighbour.o - due to target missing
  CC      arch/x86/pci/legacy.o - due to target missing
  CC [M]  fs/xfs/scrub/parent.o - due to target missing
  CC [M]  fs/xfs/scrub/refcount.o - due to target missing
  CC      arch/x86/pci/irq.o - due to target missing
  CC      drivers/acpi/scan.o - due to target missing
  CC [M]  fs/xfs/scrub/rmap.o - due to target missing
  CC      arch/x86/pci/common.o - due to target missing
  CC [M]  fs/xfs/scrub/scrub.o - due to target missing
  CC      drivers/acpi/resource.o - due to target missing
  CC      arch/x86/pci/early.o - due to target missing
  CC [M]  fs/xfs/scrub/symlink.o - due to target missing
  CC      net/core/rtnetlink.o - due to target missing
  CC      arch/x86/pci/bus_numa.o - due to target missing
  CC      drivers/acpi/acpi_processor.o - due to target missing
  CC [M]  fs/xfs/scrub/rtbitmap.o - due to target missing
  CC      arch/x86/pci/amd_bus.o - due to target missing
  CC [M]  fs/xfs/scrub/quota.o - due to target missing
  AR      arch/x86/pci/built-in.a - due to target missing
  AR      net/802/built-in.a - due to target missing
  CC      drivers/dma/dw/core.o - due to target missing
  CC      drivers/acpi/processor_core.o - due to target missing
  CC [M]  fs/xfs/scrub/agheader_repair.o - due to target missing
  CC      drivers/acpi/processor_pdc.o - due to target missing
  CC      drivers/dma/dw/dw.o - due to target missing
  CC [M]  fs/xfs/scrub/bitmap.o - due to target missing
  CC      drivers/acpi/ec.o - due to target missing
  CC [M]  fs/xfs/scrub/repair.o - due to target missing
  CC      drivers/dma/dw/idma32.o - due to target missing
  CC      net/core/utils.o - due to target missing
  LD [M]  fs/xfs/xfs.o - due to target missing
  CC      fs/open.o - due to target missing
  CC      drivers/acpi/pci_root.o - due to target missing
  CC      drivers/dma/dw/acpi.o - due to target missing
  CC      net/core/link_watch.o - due to target missing
  CC      drivers/dma/dw/pci.o - due to target missing
  CC      drivers/acpi/pci_link.o - due to target missing
  CC      fs/read_write.o - due to target missing
  AR      drivers/dma/dw/built-in.a - due to target missing
  AR      drivers/dma/idxd/built-in.a - due to target missing
  AR      drivers/dma/mediatek/built-in.a - due to target missing
  AR      drivers/dma/qcom/built-in.a - due to target missing
  AR      drivers/dma/ti/built-in.a - due to target missing
  AR      drivers/dma/xilinx/built-in.a - due to target missing
  CC      drivers/dma/dmaengine.o - due to target missing
  CC      drivers/acpi/pci_irq.o - due to target missing
  CC      net/core/filter.o - due to target missing
  CC      drivers/acpi/acpi_lpss.o - due to target missing
  CC      drivers/dma/acpi-dma.o - due to target missing
  CC      drivers/acpi/acpi_apd.o - due to target missing
  CC      fs/file_table.o - due to target missing
  CC      drivers/acpi/acpi_platform.o - due to target missing
  AR      drivers/dma/built-in.a - due to target missing
  CC      arch/x86/power/cpu.o - due to target missing
  CC      fs/super.o - due to target missing
  CC      drivers/acpi/acpi_pnp.o - due to target missing
  CC      arch/x86/power/hibernate_64.o - due to target missing
  AS      arch/x86/power/hibernate_asm_64.o - due to target missing
  CC      drivers/acpi/power.o - due to target missing
  CC      arch/x86/power/hibernate.o - due to target missing
  CC      fs/char_dev.o - due to target missing
  AR      arch/x86/power/built-in.a - due to target missing
  CC      net/core/sock_diag.o - due to target missing
  CC      drivers/acpi/event.o - due to target missing
  CC      fs/stat.o - due to target missing
  CC      drivers/acpi/evged.o - due to target missing
  CC      drivers/acpi/sysfs.o - due to target missing
  CC      net/sched/sch_generic.o - due to target missing
  CC      drivers/acpi/property.o - due to target missing
  CC      fs/exec.o - due to target missing
  CC      net/core/dev_ioctl.o - due to target missing
  CC      drivers/acpi/acpi_cmos_rtc.o - due to target missing
  CC      net/sched/sch_mq.o - due to target missing
  CC      net/core/tso.o - due to target missing
  CC      drivers/acpi/x86/apple.o - due to target missing
  CC      fs/pipe.o - due to target missing
  CC      drivers/acpi/x86/utils.o - due to target missing
  CC      net/sched/sch_frag.o - due to target missing
  CC      drivers/acpi/x86/s2idle.o - due to target missing
  CC      net/core/sock_reuseport.o - due to target missing
  CC      fs/namei.o - due to target missing
  CC      net/sched/sch_api.o - due to target missing
  CC      drivers/acpi/debugfs.o - due to target missing
  CC      net/core/fib_notifier.o - due to target missing
  CC      drivers/acpi/acpi_lpat.o - due to target missing
  CC      drivers/acpi/acpi_lpit.o - due to target missing
  CC      net/core/xdp.o - due to target missing
  CC      net/sched/sch_blackhole.o - due to target missing
  CC      fs/fcntl.o - due to target missing
  CC      drivers/acpi/prmt.o - due to target missing
  CC      net/sched/cls_api.o - due to target missing
  CC      drivers/acpi/ac.o - due to target missing
  CC      fs/ioctl.o - due to target missing
  CC      net/core/flow_offload.o - due to target missing
  CC      drivers/acpi/button.o - due to target missing
  CC      drivers/acpi/fan_core.o - due to target missing
  CC      fs/readdir.o - due to target missing
  CC      drivers/acpi/fan_attr.o - due to target missing
  CC      net/core/gro.o - due to target missing
  CC      drivers/acpi/acpi_video.o - due to target missing
  CC      net/sched/act_api.o - due to target missing
  CC      fs/select.o - due to target missing
  CC      net/core/net-sysfs.o - due to target missing
  CC      drivers/acpi/video_detect.o - due to target missing
  CC      net/sched/sch_fifo.o - due to target missing
  CC      fs/dcache.o - due to target missing
  CC      drivers/acpi/processor_driver.o - due to target missing
  CC      drivers/acpi/processor_thermal.o - due to target missing
  CC      net/sched/ematch.o - due to target missing
  CC      net/core/net-procfs.o - due to target missing
  CC      drivers/acpi/processor_idle.o - due to target missing
  CC      net/core/fib_rules.o - due to target missing
  CC      fs/inode.o - due to target missing
  CC [M]  net/sched/sch_ingress.o - due to target missing
  CC      drivers/acpi/processor_throttling.o - due to target missing
  CC      drivers/acpi/processor_perflib.o - due to target missing
  CC [M]  net/sched/sch_tbf.o - due to target missing
  CC      fs/attr.o - due to target missing
  CC      net/core/selftests.o - due to target missing
  CC [M]  net/sched/sch_fq_codel.o - due to target missing
  CC      drivers/acpi/container.o - due to target missing
  CC      drivers/acpi/thermal.o - due to target missing
  CC      fs/bad_inode.o - due to target missing
  CC [M]  net/sched/sch_cake.o - due to target missing
  CC      drivers/acpi/acpi_memhotplug.o - due to target missing
  CC      fs/file.o - due to target missing
  CC      net/core/netclassid_cgroup.o - due to target missing
  CC      drivers/acpi/ioapic.o - due to target missing
  CC      drivers/acpi/battery.o - due to target missing
  CC      net/core/dst_cache.o - due to target missing
  CC      fs/filesystems.o - due to target missing
  CC [M]  net/sched/sch_fq.o - due to target missing
  CC      drivers/acpi/bgrt.o - due to target missing
  CC      drivers/acpi/cppc_acpi.o - due to target missing
  CC      net/core/gro_cells.o - due to target missing
  CC      fs/namespace.o - due to target missing
  CC [M]  net/sched/cls_cgroup.o - due to target missing
  AR      drivers/acpi/built-in.a - due to target missing
  AR      drivers/soc/apple/built-in.a - due to target missing
  AR      drivers/soc/aspeed/built-in.a - due to target missing
  AR      drivers/soc/bcm/bcm63xx/built-in.a - due to target missing
  AR      drivers/soc/bcm/built-in.a - due to target missing
  AR      drivers/soc/fsl/built-in.a - due to target missing
  AR      drivers/soc/fujitsu/built-in.a - due to target missing
  AR      drivers/soc/imx/built-in.a - due to target missing
  AR      drivers/soc/ixp4xx/built-in.a - due to target missing
  AR      drivers/soc/mediatek/built-in.a - due to target missing
  AR      drivers/soc/microchip/built-in.a - due to target missing
  AR      drivers/soc/pxa/built-in.a - due to target missing
  AR      drivers/soc/amlogic/built-in.a - due to target missing
  AR      drivers/soc/qcom/built-in.a - due to target missing
  AR      drivers/soc/renesas/built-in.a - due to target missing
  AR      drivers/soc/rockchip/built-in.a - due to target missing
  CC      net/core/failover.o - due to target missing
  AR      drivers/soc/sunxi/built-in.a - due to target missing
  AR      drivers/soc/ti/built-in.a - due to target missing
  AR      drivers/soc/xilinx/built-in.a - due to target missing
  AR      drivers/soc/built-in.a - due to target missing
  CC      drivers/virtio/virtio_anchor.o - due to target missing
  AR      net/sched/built-in.a - due to target missing
  CC      arch/x86/video/fbdev.o - due to target missing
  CC [M]  drivers/virtio/virtio.o - due to target missing
  AR      arch/x86/video/built-in.a - due to target missing
  AR      net/core/built-in.a - due to target missing
  CC [M]  drivers/virtio/virtio_ring.o - due to target missing
  CC      net/netlink/af_netlink.o - due to target missing
  CC      fs/seq_file.o - due to target missing
  CC      drivers/tty/vt/vt_ioctl.o - due to target missing
  CC      fs/xattr.o - due to target missing
  CC [M]  drivers/virtio/virtio_pci_modern_dev.o - due to target missing
  CC      drivers/tty/vt/vc_screen.o - due to target missing
  CC [M]  drivers/virtio/virtio_pci_legacy_dev.o - due to target missing
  CC      net/netlink/genetlink.o - due to target missing
  CC      drivers/tty/vt/selection.o - due to target missing
  CC      fs/libfs.o - due to target missing
  CC [M]  drivers/virtio/virtio_pci_modern.o - due to target missing
  CC      drivers/tty/vt/keyboard.o - due to target missing
  CC [M]  drivers/virtio/virtio_pci_common.o - due to target missing
  CC      fs/fs-writeback.o - due to target missing
  CC      net/netlink/policy.o - due to target missing
  CC [M]  drivers/virtio/virtio_pci_legacy.o - due to target missing
  AR      net/netlink/built-in.a - due to target missing
  AR      net/bpf/built-in.a - due to target missing
  CC      drivers/tty/vt/consolemap.o - due to target missing
  CC      net/ethtool/ioctl.o - due to target missing
  CC [M]  drivers/virtio/virtio_input.o - due to target missing
  CC      fs/pnode.o - due to target missing
  CC [M]  drivers/virtio/virtio_dma_buf.o - due to target missing
  HOSTCC  drivers/tty/vt/conmakehash - due to target missing
  CC      drivers/tty/vt/vt.o - due to target missing
  CC      fs/splice.o - due to target missing
  LD [M]  drivers/virtio/virtio_pci.o - due to target missing
  AR      drivers/virtio/built-in.a - due to target missing
  CC      net/ethtool/common.o - due to target missing
  CC      drivers/tty/hvc/hvc_console.o - due to target missing
  CC      fs/sync.o - due to target missing
  CC      net/ethtool/netlink.o - due to target missing
  AR      drivers/tty/hvc/built-in.a - due to target missing
  CC      fs/utimes.o - due to target missing
  COPY    drivers/tty/vt/defkeymap.c - due to target missing
  CONMK   drivers/tty/vt/consolemap_deftbl.c - due to target missing
  CC      drivers/tty/vt/defkeymap.o - due to target missing
  CC      net/netfilter/core.o - due to target missing
  CC      drivers/tty/vt/consolemap_deftbl.o - due to target missing
  AR      drivers/tty/vt/built-in.a - due to target missing
  CC      drivers/tty/serial/8250/8250_core.o - due to target missing
  CC      fs/d_path.o - due to target missing
  CC      net/ethtool/bitset.o - due to target missing
  CC      drivers/tty/serial/8250/8250_pnp.o - due to target missing
  CC      fs/stack.o - due to target missing
  CC      net/ethtool/strset.o - due to target missing
  CC      net/netfilter/nf_log.o - due to target missing
  CC      drivers/tty/serial/8250/8250_port.o - due to target missing
  CC      fs/fs_struct.o - due to target missing
  CC      net/ethtool/linkinfo.o - due to target missing
  CC      fs/statfs.o - due to target missing
  CC      net/netfilter/nf_queue.o - due to target missing
  CC      net/ethtool/linkmodes.o - due to target missing
  CC      drivers/tty/serial/8250/8250_dma.o - due to target missing
  CC      net/ethtool/linkstate.o - due to target missing
  CC      fs/fs_pin.o - due to target missing
  CC      fs/nsfs.o - due to target missing
  CC      net/netfilter/nf_sockopt.o - due to target missing
  CC      drivers/tty/serial/8250/8250_dwlib.o - due to target missing
  CC      net/ethtool/debug.o - due to target missing
  CC      fs/fs_types.o - due to target missing
  CC      net/ethtool/wol.o - due to target missing
  CC      drivers/tty/serial/8250/8250_pci.o - due to target missing
  CC      net/netfilter/utils.o - due to target missing
  CC      fs/fs_context.o - due to target missing
  CC      net/ethtool/features.o - due to target missing
  CC      fs/fs_parser.o - due to target missing
  CC      drivers/tty/serial/8250/8250_early.o - due to target missing
  CC      net/ethtool/privflags.o - due to target missing
  CC [M]  net/netfilter/nfnetlink.o - due to target missing
  CC      drivers/tty/serial/8250/8250_lpss.o - due to target missing
  CC      fs/fsopen.o - due to target missing
  CC      net/ethtool/rings.o - due to target missing
  AR      drivers/tty/serial/8250/built-in.a - due to target missing
  CC      drivers/tty/serial/serial_core.o - due to target missing
  CC      fs/init.o - due to target missing
  CC      net/ethtool/channels.o - due to target missing
  CC [M]  net/netfilter/nfnetlink_log.o - due to target missing
  CC      fs/kernel_read_file.o - due to target missing
  CC      net/ethtool/coalesce.o - due to target missing
  CC [M]  net/netfilter/nf_conntrack_core.o - due to target missing
  CC      fs/remap_range.o - due to target missing
  CC      drivers/tty/serial/earlycon.o - due to target missing
  CC      net/ethtool/pause.o - due to target missing
  CC      drivers/tty/serial/serial_mctrl_gpio.o - due to target missing
  CC      fs/buffer.o - due to target missing
  CC      net/ethtool/eee.o - due to target missing
  AR      drivers/tty/serial/built-in.a - due to target missing
  AR      drivers/tty/ipwireless/built-in.a - due to target missing
  CC      drivers/tty/tty_io.o - due to target missing
  CC      net/ethtool/tsinfo.o - due to target missing
  CC [M]  net/netfilter/nf_conntrack_standalone.o - due to target missing
  CC      net/ethtool/cabletest.o - due to target missing
  CC      fs/direct-io.o - due to target missing
  CC      drivers/tty/n_tty.o - due to target missing
  CC [M]  net/netfilter/nf_conntrack_expect.o - due to target missing
  CC      net/ethtool/tunnels.o - due to target missing
  CC      fs/mpage.o - due to target missing
  CC      net/ethtool/fec.o - due to target missing
  CC      drivers/tty/tty_ioctl.o - due to target missing
  CC [M]  net/netfilter/nf_conntrack_helper.o - due to target missing
  CC      fs/proc_namespace.o - due to target missing
  CC      net/ethtool/eeprom.o - due to target missing
  CC      fs/eventpoll.o - due to target missing
  CC      drivers/tty/tty_ldisc.o - due to target missing
  CC      net/ethtool/stats.o - due to target missing
  CC [M]  net/netfilter/nf_conntrack_proto.o - due to target missing
  CC      drivers/tty/tty_buffer.o - due to target missing
  CC      net/ethtool/phc_vclocks.o - due to target missing
  CC      fs/anon_inodes.o - due to target missing
  CC      net/ethtool/module.o - due to target missing
  CC      drivers/tty/tty_port.o - due to target missing
  CC      fs/signalfd.o - due to target missing
  CC [M]  net/netfilter/nf_conntrack_proto_generic.o - due to target missing
  CC      fs/timerfd.o - due to target missing
  CC      net/ethtool/pse-pd.o - due to target missing
  CC      drivers/tty/tty_mutex.o - due to target missing
  CC [M]  net/netfilter/nf_conntrack_proto_tcp.o - due to target missing
  CC      fs/eventfd.o - due to target missing
  AR      net/ethtool/built-in.a - due to target missing
  CC      drivers/char/hw_random/core.o - due to target missing
  CC      drivers/tty/tty_ldsem.o - due to target missing
  CC      drivers/tty/tty_baudrate.o - due to target missing
  CC      fs/aio.o - due to target missing
  CC      drivers/char/hw_random/intel-rng.o - due to target missing
  CC [M]  net/netfilter/nf_conntrack_proto_udp.o - due to target missing
  CC [M]  drivers/char/hw_random/virtio-rng.o - due to target missing
  CC      drivers/tty/tty_jobctrl.o - due to target missing
  CC [M]  net/netfilter/nf_conntrack_proto_icmp.o - due to target missing
  AR      drivers/char/hw_random/built-in.a - due to target missing
  CC      drivers/char/agp/intel-gtt.o - due to target missing
  CC      drivers/tty/n_null.o - due to target missing
  CC      fs/locks.o - due to target missing
  CC [M]  net/netfilter/nf_conntrack_extend.o - due to target missing
  AR      drivers/char/agp/built-in.a - due to target missing
  CC      drivers/char/mem.o - due to target missing
  CC      drivers/tty/pty.o - due to target missing
  CC      drivers/char/random.o - due to target missing
  CC      drivers/tty/sysrq.o - due to target missing
  CC [M]  net/netfilter/nf_conntrack_acct.o - due to target missing
  CC      fs/binfmt_misc.o - due to target missing
  CC [M]  net/netfilter/nf_conntrack_seqadj.o - due to target missing
  AR      drivers/tty/built-in.a - due to target missing
  AR      net/ipv4/netfilter/built-in.a - due to target missing
  CC [M]  net/ipv4/netfilter/nf_defrag_ipv4.o - due to target missing
  CC      fs/binfmt_script.o - due to target missing
  CC      drivers/char/misc.o - due to target missing
  CC      fs/binfmt_elf.o - due to target missing
  CC      drivers/char/hpet.o - due to target missing
  CC [M]  net/ipv4/netfilter/nf_tproxy_ipv4.o - due to target missing
  CC      fs/compat_binfmt_elf.o - due to target missing
  CC [M]  net/netfilter/nf_conntrack_proto_icmpv6.o - due to target missing
  CC [M]  drivers/char/virtio_console.o - due to target missing
  CC [M]  net/netfilter/nf_conntrack_netlink.o - due to target missing
  CC      fs/posix_acl.o - due to target missing
  CC [M]  net/ipv4/netfilter/nf_reject_ipv4.o - due to target missing
  CC [M]  drivers/char/nvram.o - due to target missing
  CC      fs/coredump.o - due to target missing
  AR      drivers/char/built-in.a - due to target missing
  AR      drivers/iommu/amd/built-in.a - due to target missing
  CC      drivers/iommu/intel/dmar.o - due to target missing
  CC [M]  net/netfilter/nf_conntrack_ftp.o - due to target missing
  CC [M]  net/ipv4/netfilter/nft_reject_ipv4.o - due to target missing
  CC      fs/drop_caches.o - due to target missing
  CC [M]  net/ipv4/netfilter/nft_fib_ipv4.o - due to target missing
  CC      drivers/iommu/intel/iommu.o - due to target missing
  CC      fs/sysctls.o - due to target missing
  CC [M]  net/netfilter/nf_log_syslog.o - due to target missing
  CC      fs/fhandle.o - due to target missing
  CC [M]  fs/mbcache.o - due to target missing
  CC [M]  net/ipv4/netfilter/ip_tables.o - due to target missing
  CC [M]  net/netfilter/nf_nat_core.o - due to target missing
  AR      fs/built-in.a - due to target missing
  AR      drivers/iommu/arm/arm-smmu/built-in.a - due to target missing
  AR      drivers/iommu/arm/arm-smmu-v3/built-in.a - due to target missing
  AR      drivers/iommu/arm/built-in.a - due to target missing
  CC      drivers/iommu/intel/pasid.o - due to target missing
  CC      net/unix/af_unix.o - due to target missing
  CC      drivers/iommu/intel/trace.o - due to target missing
  CC [M]  net/ipv4/netfilter/iptable_filter.o - due to target missing
  CC      drivers/iommu/intel/cap_audit.o - due to target missing
  CC [M]  net/netfilter/nf_nat_proto.o - due to target missing
  CC [M]  net/ipv4/netfilter/iptable_nat.o - due to target missing
  CC      drivers/iommu/intel/irq_remapping.o - due to target missing
  CC [M]  net/ipv4/netfilter/ipt_REJECT.o - due to target missing
  AR      drivers/iommu/intel/built-in.a - due to target missing
  CC      drivers/iommu/iommu.o - due to target missing
  CC      net/unix/garbage.o - due to target missing
  CC [M]  net/netfilter/nf_nat_helper.o - due to target missing
  CC      net/ipv4/route.o - due to target missing
  CC      net/unix/sysctl_net_unix.o - due to target missing
  AR      net/unix/built-in.a - due to target missing
  AR      drivers/gpu/host1x/built-in.a - due to target missing
  CC [M]  net/netfilter/nf_nat_redirect.o - due to target missing
  AR      drivers/gpu/drm/arm/built-in.a - due to target missing
  CC      drivers/iommu/iommu-traces.o - due to target missing
  CC      drivers/gpu/drm/display/drm_display_helper_mod.o - due to target missing
  CC      drivers/iommu/iommu-sysfs.o - due to target missing
  CC      drivers/gpu/drm/display/drm_dp_dual_mode_helper.o - due to target missing
  CC      drivers/iommu/dma-iommu.o - due to target missing
  CC      net/ipv4/inetpeer.o - due to target missing
  CC      drivers/gpu/drm/display/drm_dp_helper.o - due to target missing
  CC [M]  net/netfilter/nf_nat_masquerade.o - due to target missing
  CC      drivers/iommu/ioasid.o - due to target missing
  CC      net/ipv4/protocol.o - due to target missing
  CC      drivers/iommu/iova.o - due to target missing
  CC [M]  net/netfilter/nf_nat_ftp.o - due to target missing
  CC      drivers/gpu/drm/display/drm_dp_mst_topology.o - due to target missing
  CC      net/ipv4/ip_input.o - due to target missing
  CC [M]  net/netfilter/nf_tables_core.o - due to target missing
  CC      drivers/iommu/irq_remapping.o - due to target missing
  AR      drivers/iommu/built-in.a - due to target missing
  CC      net/ipv6/netfilter/nf_reject_ipv6.o - due to target missing
  CC [M]  net/netfilter/nf_tables_api.o - due to target missing
  CC      net/ipv4/ip_fragment.o - due to target missing
  CC      drivers/gpu/drm/display/drm_dsc_helper.o - due to target missing
  CC [M]  net/ipv6/netfilter/ip6_tables.o - due to target missing
  CC      net/ipv4/ip_forward.o - due to target missing
  CC      drivers/gpu/drm/display/drm_hdcp_helper.o - due to target missing
  CC      net/ipv4/ip_options.o - due to target missing
  CC      drivers/gpu/drm/display/drm_hdmi_helper.o - due to target missing
  CC [M]  net/ipv6/netfilter/ip6table_filter.o - due to target missing
  CC      drivers/gpu/drm/display/drm_scdc_helper.o - due to target missing
  CC [M]  net/ipv6/netfilter/nf_defrag_ipv6_hooks.o - due to target missing
  CC      net/ipv4/ip_output.o - due to target missing
  AR      drivers/gpu/drm/display/built-in.a - due to target missing
  CC      drivers/gpu/drm/ttm/ttm_tt.o - due to target missing
  CC [M]  net/ipv6/netfilter/nf_conntrack_reasm.o - due to target missing
  CC [M]  net/netfilter/nft_chain_filter.o - due to target missing
  CC      drivers/gpu/drm/ttm/ttm_bo.o - due to target missing
  CC      net/ipv4/ip_sockglue.o - due to target missing
  CC [M]  net/netfilter/nf_tables_trace.o - due to target missing
  CC      drivers/gpu/drm/ttm/ttm_bo_util.o - due to target missing
  CC [M]  net/ipv6/netfilter/nf_tproxy_ipv6.o - due to target missing
  CC      drivers/gpu/drm/ttm/ttm_bo_vm.o - due to target missing
  CC [M]  net/netfilter/nft_immediate.o - due to target missing
  CC      net/ipv4/inet_hashtables.o - due to target missing
  CC [M]  net/netfilter/nft_cmp.o - due to target missing
  CC [M]  net/ipv6/netfilter/nft_reject_ipv6.o - due to target missing
  CC      drivers/gpu/drm/ttm/ttm_module.o - due to target missing
  CC      drivers/gpu/drm/ttm/ttm_execbuf_util.o - due to target missing
  CC [M]  net/ipv6/netfilter/nft_fib_ipv6.o - due to target missing
  CC [M]  net/netfilter/nft_range.o - due to target missing
  CC      drivers/gpu/drm/ttm/ttm_range_manager.o - due to target missing
  CC [M]  net/netfilter/nft_bitwise.o - due to target missing
  CC      net/ipv4/inet_timewait_sock.o - due to target missing
  CC      drivers/gpu/drm/ttm/ttm_resource.o - due to target missing
  CC [M]  net/ipv6/netfilter/ip6t_REJECT.o - due to target missing
  CC [M]  net/netfilter/nft_byteorder.o - due to target missing
  CC      drivers/gpu/drm/ttm/ttm_pool.o - due to target missing
  CC      net/ipv4/inet_connection_sock.o - due to target missing
  LD [M]  net/ipv6/netfilter/nf_defrag_ipv6.o - due to target missing
  AR      net/ipv6/netfilter/built-in.a - due to target missing
  CC      net/ipv6/af_inet6.o - due to target missing
  CC [M]  net/netfilter/nft_payload.o - due to target missing
  CC      drivers/gpu/drm/ttm/ttm_device.o - due to target missing
  CC [M]  net/netfilter/nft_lookup.o - due to target missing
  CC      net/ipv6/anycast.o - due to target missing
  CC      drivers/gpu/drm/ttm/ttm_sys_manager.o - due to target missing
  CC      net/ipv4/tcp.o - due to target missing
  AR      drivers/gpu/drm/ttm/built-in.a - due to target missing
  CC      drivers/gpu/drm/i915/i915_driver.o - due to target missing
  CC [M]  net/netfilter/nft_dynset.o - due to target missing
  CC      net/ipv6/ip6_output.o - due to target missing
  CC      drivers/gpu/drm/i915/i915_drm_client.o - due to target missing
  CC [M]  net/netfilter/nft_meta.o - due to target missing
  CC      drivers/gpu/drm/i915/i915_config.o - due to target missing
  CC      drivers/gpu/drm/i915/i915_getparam.o - due to target missing
  CC [M]  net/netfilter/nft_rt.o - due to target missing
  CC      net/ipv6/ip6_input.o - due to target missing
  CC      net/ipv4/tcp_input.o - due to target missing
  CC      drivers/gpu/drm/i915/i915_ioctl.o - due to target missing
  CC [M]  net/netfilter/nft_exthdr.o - due to target missing
  CC      drivers/gpu/drm/i915/i915_irq.o - due to target missing
  CC [M]  net/netfilter/nft_last.o - due to target missing
  CC      net/ipv6/addrconf.o - due to target missing
  CC [M]  net/netfilter/nft_counter.o - due to target missing
  CC      drivers/gpu/drm/i915/i915_mitigations.o - due to target missing
  CC [M]  net/netfilter/nft_chain_route.o - due to target missing
  CC      drivers/gpu/drm/i915/i915_module.o - due to target missing
  CC      net/ipv4/tcp_output.o - due to target missing
  CC [M]  net/netfilter/nf_tables_offload.o - due to target missing
  CC      drivers/gpu/drm/i915/i915_params.o - due to target missing
  CC      drivers/gpu/drm/i915/i915_pci.o - due to target missing
  CC [M]  net/netfilter/nft_set_hash.o - due to target missing
  CC      net/ipv6/addrlabel.o - due to target missing
  CC      drivers/gpu/drm/i915/i915_scatterlist.o - due to target missing
  CC      drivers/gpu/drm/i915/i915_suspend.o - due to target missing
  CC [M]  net/netfilter/nft_set_bitmap.o - due to target missing
  CC      net/ipv4/tcp_timer.o - due to target missing
  CC      net/ipv6/route.o - due to target missing
  CC      drivers/gpu/drm/i915/i915_switcheroo.o - due to target missing
  CC [M]  net/netfilter/nft_set_rbtree.o - due to target missing
  CC      drivers/gpu/drm/i915/i915_sysfs.o - due to target missing
  CC [M]  net/netfilter/nft_set_pipapo.o - due to target missing
  CC      net/ipv4/tcp_ipv4.o - due to target missing
  CC      drivers/gpu/drm/i915/i915_utils.o - due to target missing
  CC      drivers/gpu/drm/i915/intel_device_info.o - due to target missing
  CC [M]  net/netfilter/nft_set_pipapo_avx2.o - due to target missing
  CC      drivers/gpu/drm/i915/intel_dram.o - due to target missing
  CC      net/ipv6/ip6_fib.o - due to target missing
  CC      net/ipv4/tcp_minisocks.o - due to target missing
  CC      drivers/gpu/drm/i915/intel_memory_region.o - due to target missing
  CC [M]  net/netfilter/nft_ct.o - due to target missing
  CC      drivers/gpu/drm/i915/intel_pch.o - due to target missing
  CC [M]  net/netfilter/nft_limit.o - due to target missing
  CC      drivers/gpu/drm/i915/intel_pcode.o - due to target missing
  CC      net/ipv6/ipv6_sockglue.o - due to target missing
  CC      net/ipv4/tcp_cong.o - due to target missing
  CC [M]  net/netfilter/nft_nat.o - due to target missing
  CC      drivers/gpu/drm/i915/intel_pm.o - due to target missing
  CC [M]  net/netfilter/nft_reject.o - due to target missing
  CC      net/ipv4/tcp_metrics.o - due to target missing
  CC      net/ipv6/ndisc.o - due to target missing
  CC [M]  net/netfilter/nft_reject_inet.o - due to target missing
  CC      net/ipv4/tcp_fastopen.o - due to target missing
  CC      drivers/gpu/drm/i915/intel_region_ttm.o - due to target missing
  CC [M]  net/netfilter/nft_log.o - due to target missing
  CC      drivers/gpu/drm/i915/intel_runtime_pm.o - due to target missing
  CC [M]  net/netfilter/nft_masq.o - due to target missing
  CC      net/ipv6/udp.o - due to target missing
  CC      net/ipv4/tcp_rate.o - due to target missing
  CC      drivers/gpu/drm/i915/intel_sbi.o - due to target missing
  CC [M]  net/netfilter/nft_redir.o - due to target missing
  CC      drivers/gpu/drm/i915/intel_step.o - due to target missing
  CC [M]  net/netfilter/nft_fib.o - due to target missing
  CC      net/ipv4/tcp_recovery.o - due to target missing
  CC      drivers/gpu/drm/i915/intel_uncore.o - due to target missing
  CC      net/ipv6/udplite.o - due to target missing
  CC      net/ipv4/tcp_ulp.o - due to target missing
  CC [M]  net/netfilter/nft_tproxy.o - due to target missing
  CC      net/ipv6/raw.o - due to target missing
  CC      drivers/gpu/drm/i915/intel_wakeref.o - due to target missing
  CC      drivers/gpu/drm/i915/vlv_sideband.o - due to target missing
  CC [M]  net/netfilter/nft_chain_nat.o - due to target missing
  CC      net/ipv4/tcp_offload.o - due to target missing
  CC      drivers/gpu/drm/i915/vlv_suspend.o - due to target missing
  CC [M]  net/netfilter/x_tables.o - due to target missing
  CC      drivers/gpu/drm/i915/i915_memcpy.o - due to target missing
  CC      net/ipv6/icmp.o - due to target missing
  CC      drivers/gpu/drm/i915/i915_mm.o - due to target missing
  CC      net/ipv4/datagram.o - due to target missing
  CC      drivers/gpu/drm/i915/i915_sw_fence.o - due to target missing
  CC      drivers/gpu/drm/i915/i915_sw_fence_work.o - due to target missing
  CC      net/ipv6/mcast.o - due to target missing
  CC      drivers/gpu/drm/i915/i915_syncmap.o - due to target missing
  CC [M]  net/netfilter/xt_tcpudp.o - due to target missing
  CC      drivers/gpu/drm/i915/i915_user_extensions.o - due to target missing
  CC      net/ipv4/raw.o - due to target missing
  CC      drivers/gpu/drm/i915/i915_ioc32.o - due to target missing
  CC [M]  net/netfilter/xt_nat.o - due to target missing
  CC      drivers/gpu/drm/i915/i915_debugfs.o - due to target missing
  CC [M]  net/netfilter/xt_MASQUERADE.o - due to target missing
  CC      net/ipv4/udp.o - due to target missing
  CC      drivers/gpu/drm/i915/i915_debugfs_params.o - due to target missing
  CC      net/ipv6/reassembly.o - due to target missing
  CC [M]  net/netfilter/xt_TCPMSS.o - due to target missing
  CC      drivers/gpu/drm/i915/display/intel_display_debugfs.o - due to target missing
  CC      net/ipv6/tcp_ipv6.o - due to target missing
  CC [M]  net/netfilter/xt_addrtype.o - due to target missing
  CC      drivers/gpu/drm/i915/display/intel_pipe_crc.o - due to target missing
  CC [M]  net/netfilter/xt_conntrack.o - due to target missing
  CC      net/ipv4/udplite.o - due to target missing
  CC      drivers/gpu/drm/i915/i915_pmu.o - due to target missing
  CC [M]  net/netfilter/xt_state.o - due to target missing
  CC      net/ipv6/ping.o - due to target missing
  CC      net/ipv4/udp_offload.o - due to target missing
  CC      drivers/gpu/drm/i915/gt/gen2_engine_cs.o - due to target missing
  LD [M]  net/netfilter/nf_conntrack.o - due to target missing
  LD [M]  net/netfilter/nf_nat.o - due to target missing
  LD [M]  net/netfilter/nf_tables.o - due to target missing
  AR      net/netfilter/built-in.a - due to target missing
  CC      drivers/gpu/drm/i915/gt/gen6_engine_cs.o - due to target missing
  CC      net/ipv6/exthdrs.o - due to target missing
  AR      drivers/gpu/vga/built-in.a - due to target missing
  CC      drivers/base/power/sysfs.o - due to target missing
  CC      drivers/gpu/drm/i915/gt/gen6_ppgtt.o - due to target missing
  CC      drivers/base/power/generic_ops.o - due to target missing
  CC      net/ipv4/arp.o - due to target missing
  CC      drivers/gpu/drm/i915/gt/gen7_renderclear.o - due to target missing
  CC      drivers/base/power/common.o - due to target missing
  CC      drivers/gpu/drm/i915/gt/gen8_engine_cs.o - due to target missing
  CC      net/ipv6/datagram.o - due to target missing
  CC      drivers/base/power/qos.o - due to target missing
  CC      drivers/gpu/drm/i915/gt/gen8_ppgtt.o - due to target missing
  CC      net/ipv4/icmp.o - due to target missing
  CC      drivers/base/power/runtime.o - due to target missing
  CC      drivers/gpu/drm/i915/gt/intel_breadcrumbs.o - due to target missing
  CC      net/ipv6/ip6_flowlabel.o - due to target missing
  CC      drivers/base/power/wakeirq.o - due to target missing
  CC      drivers/gpu/drm/i915/gt/intel_context.o - due to target missing
  CC      net/ipv4/devinet.o - due to target missing
  CC      drivers/base/power/main.o - due to target missing
  CC      net/ipv6/inet6_connection_sock.o - due to target missing
  CC      drivers/gpu/drm/i915/gt/intel_context_sseu.o - due to target missing
  CC      drivers/gpu/drm/i915/gt/intel_engine_cs.o - due to target missing
  CC      drivers/base/power/wakeup.o - due to target missing
  CC      net/ipv6/udp_offload.o - due to target missing
  CC      net/ipv4/af_inet.o - due to target missing
  CC      drivers/base/power/wakeup_stats.o - due to target missing
  CC      drivers/gpu/drm/i915/gt/intel_engine_heartbeat.o - due to target missing
  CC      net/ipv6/seg6.o - due to target missing
  CC      drivers/base/power/clock_ops.o - due to target missing
  CC      drivers/gpu/drm/i915/gt/intel_engine_pm.o - due to target missing
  CC      net/ipv6/fib6_notifier.o - due to target missing
  AR      drivers/base/power/built-in.a - due to target missing
  CC      drivers/base/firmware_loader/builtin/main.o - due to target missing
  CC      drivers/gpu/drm/i915/gt/intel_engine_user.o - due to target missing
  CC      net/ipv4/igmp.o - due to target missing
  CC      net/ipv6/rpl.o - due to target missing
  AR      drivers/base/firmware_loader/builtin/built-in.a - due to target missing
  CC      drivers/base/firmware_loader/main.o - due to target missing
  CC      drivers/gpu/drm/i915/gt/intel_execlists_submission.o - due to target missing
  CC      net/ipv6/ioam6.o - due to target missing
  AR      drivers/base/firmware_loader/built-in.a - due to target missing
  CC      drivers/base/regmap/regmap.o - due to target missing
  CC      net/ipv6/sysctl_net_ipv6.o - due to target missing
  CC      drivers/gpu/drm/i915/gt/intel_ggtt.o - due to target missing
  CC      net/ipv4/fib_frontend.o - due to target missing
  CC      net/ipv6/netfilter.o - due to target missing
  CC      drivers/base/regmap/regcache.o - due to target missing
  CC      drivers/gpu/drm/i915/gt/intel_ggtt_fencing.o - due to target missing
  CC      drivers/base/regmap/regcache-rbtree.o - due to target missing
  CC      drivers/gpu/drm/i915/gt/intel_gt.o - due to target missing
  CC      net/ipv6/fib6_rules.o - due to target missing
  CC      drivers/base/regmap/regcache-flat.o - due to target missing
  CC      net/ipv4/fib_semantics.o - due to target missing
  CC      drivers/base/regmap/regmap-debugfs.o - due to target missing
  CC      drivers/gpu/drm/i915/gt/intel_gt_buffer_pool.o - due to target missing
  AR      drivers/base/regmap/built-in.a - due to target missing
  AR      drivers/base/test/built-in.a - due to target missing
  CC      drivers/base/component.o - due to target missing
  CC      net/ipv6/proc.o - due to target missing
  CC      drivers/gpu/drm/i915/gt/intel_gt_clock_utils.o - due to target missing
  CC      drivers/base/core.o - due to target missing
  CC      net/ipv4/fib_trie.o - due to target missing
  CC      net/ipv6/syncookies.o - due to target missing
  CC      drivers/gpu/drm/i915/gt/intel_gt_debugfs.o - due to target missing
  CC      drivers/gpu/drm/i915/gt/intel_gt_engines_debugfs.o - due to target missing
  CC      drivers/gpu/drm/i915/gt/intel_gt_irq.o - due to target missing
  CC      net/ipv6/addrconf_core.o - due to target missing
  CC      drivers/base/bus.o - due to target missing
  CC      net/ipv4/fib_notifier.o - due to target missing
  CC      drivers/gpu/drm/i915/gt/intel_gt_mcr.o - due to target missing
  CC      net/ipv6/exthdrs_core.o - due to target missing
  CC      net/ipv4/inet_fragment.o - due to target missing
  CC      drivers/base/dd.o - due to target missing
  CC      drivers/gpu/drm/i915/gt/intel_gt_pm.o - due to target missing
  CC      drivers/gpu/drm/i915/gt/intel_gt_pm_debugfs.o - due to target missing
  CC      drivers/base/syscore.o - due to target missing
  CC      net/ipv6/ip6_checksum.o - due to target missing
  CC      drivers/gpu/drm/i915/gt/intel_gt_pm_irq.o - due to target missing
  CC      net/ipv4/ping.o - due to target missing
  CC      drivers/base/driver.o - due to target missing
  CC      drivers/gpu/drm/i915/gt/intel_gt_requests.o - due to target missing
  CC      net/ipv6/ip6_icmp.o - due to target missing
  CC      drivers/base/class.o - due to target missing
  CC      drivers/gpu/drm/i915/gt/intel_gt_sysfs.o - due to target missing
  CC      net/ipv4/ip_tunnel_core.o - due to target missing
  CC      drivers/base/platform.o - due to target missing
  CC      net/ipv6/output_core.o - due to target missing
  CC      drivers/gpu/drm/i915/gt/intel_gt_sysfs_pm.o - due to target missing
  CC      drivers/gpu/drm/i915/gt/intel_gtt.o - due to target missing
  CC      drivers/base/cpu.o - due to target missing
  CC      net/ipv4/gre_offload.o - due to target missing
  CC      net/ipv6/protocol.o - due to target missing
  CC      drivers/gpu/drm/i915/gt/intel_llc.o - due to target missing
  CC      drivers/base/firmware.o - due to target missing
  CC      net/ipv4/metrics.o - due to target missing
  CC      net/ipv6/ip6_offload.o - due to target missing
  CC      drivers/gpu/drm/i915/gt/intel_lrc.o - due to target missing
  CC      drivers/base/init.o - due to target missing
  CC      drivers/base/map.o - due to target missing
  CC      drivers/base/devres.o - due to target missing
  CC      net/ipv6/tcpv6_offload.o - due to target missing
  CC      drivers/gpu/drm/i915/gt/intel_migrate.o - due to target missing
  CC      net/ipv4/netlink.o - due to target missing
  CC      drivers/base/attribute_container.o - due to target missing
  CC      net/ipv6/exthdrs_offload.o - due to target missing
  CC      drivers/gpu/drm/i915/gt/intel_mocs.o - due to target missing
  CC      net/ipv4/nexthop.o - due to target missing
  CC      drivers/base/transport_class.o - due to target missing
  CC      net/ipv6/inet6_hashtables.o - due to target missing
  CC      drivers/gpu/drm/i915/gt/intel_ppgtt.o - due to target missing
  CC      drivers/base/topology.o - due to target missing
  CC      drivers/gpu/drm/i915/gt/intel_rc6.o - due to target missing
  CC      drivers/base/container.o - due to target missing
  CC      drivers/base/property.o - due to target missing
  CC      net/ipv6/mcast_snoop.o - due to target missing
  CC      drivers/gpu/drm/i915/gt/intel_region_lmem.o - due to target missing
  CC      net/ipv4/udp_tunnel_stub.o - due to target missing
  CC      drivers/gpu/drm/i915/gt/intel_renderstate.o - due to target missing
  CC      drivers/base/cacheinfo.o - due to target missing
  CC [M]  net/ipv6/tunnel6.o - due to target missing
  CC      drivers/base/swnode.o - due to target missing
  CC      drivers/gpu/drm/i915/gt/intel_reset.o - due to target missing
  CC      net/ipv4/sysctl_net_ipv4.o - due to target missing
  CC [M]  net/ipv6/sit.o - due to target missing
  CC      drivers/base/auxiliary.o - due to target missing
  CC      net/ipv4/proc.o - due to target missing
  CC      drivers/gpu/drm/i915/gt/intel_ring.o - due to target missing
  CC      drivers/base/devtmpfs.o - due to target missing
  CC      drivers/gpu/drm/i915/gt/intel_ring_submission.o - due to target missing
  CC      net/ipv4/fib_rules.o - due to target missing
  CC      drivers/base/module.o - due to target missing
  CC [M]  net/ipv6/ip6_tunnel.o - due to target missing
  CC      drivers/base/pinctrl.o - due to target missing
  CC      drivers/gpu/drm/i915/gt/intel_rps.o - due to target missing
  CC      drivers/base/devcoredump.o - due to target missing
  CC      net/ipv4/syncookies.o - due to target missing
  CC      drivers/base/platform-msi.o - due to target missing
  CC      drivers/base/physical_location.o - due to target missing
  AR      net/ipv6/built-in.a - due to target missing
  AR      drivers/gpu/drm/rcar-du/built-in.a - due to target missing
  CC [M]  drivers/block/zram/zcomp.o - due to target missing
  CC      drivers/gpu/drm/i915/gt/intel_sa_media.o - due to target missing
  AR      drivers/base/built-in.a - due to target missing
  CC      net/packet/af_packet.o - due to target missing
  CC [M]  drivers/block/zram/zram_drv.o - due to target missing
  CC      net/ipv4/ipconfig.o - due to target missing
  CC      drivers/gpu/drm/i915/gt/intel_sseu.o - due to target missing
  LD [M]  drivers/block/zram/zram.o - due to target missing
  CC      drivers/block/loop.o - due to target missing
  CC      drivers/gpu/drm/i915/gt/intel_sseu_debugfs.o - due to target missing
  CC      net/ipv4/netfilter.o - due to target missing
  CC [M]  drivers/block/brd.o - due to target missing
  CC      drivers/gpu/drm/i915/gt/intel_timeline.o - due to target missing
  CC      net/ipv4/tcp_bbr.o - due to target missing
  CC [M]  drivers/block/virtio_blk.o - due to target missing
  AR      net/packet/built-in.a - due to target missing
  AR      drivers/misc/eeprom/built-in.a - due to target missing
  AR      drivers/misc/cb710/built-in.a - due to target missing
  AR      drivers/misc/ti-st/built-in.a - due to target missing
  AR      drivers/misc/lis3lv02d/built-in.a - due to target missing
  AR      drivers/misc/cardreader/built-in.a - due to target missing
  CC [M]  drivers/misc/cardreader/rtsx_pcr.o - due to target missing
  CC      drivers/gpu/drm/i915/gt/intel_workarounds.o - due to target missing
  AR      drivers/block/built-in.a - due to target missing
  AR      drivers/gpu/drm/omapdrm/built-in.a - due to target missing
  CC      net/ipv4/tcp_cubic.o - due to target missing
  CC      drivers/gpu/drm/i915/gt/shmem_utils.o - due to target missing
  CC [M]  drivers/misc/cardreader/rts5209.o - due to target missing
  CC      net/8021q/vlan_core.o - due to target missing
  CC      drivers/gpu/drm/i915/gt/sysfs_engines.o - due to target missing
  CC [M]  net/ipv4/ip_tunnel.o - due to target missing
  CC [M]  drivers/misc/cardreader/rts5229.o - due to target missing
  CC      drivers/gpu/drm/i915/gt/intel_ggtt_gmch.o - due to target missing
  CC [M]  drivers/misc/cardreader/rtl8411.o - due to target missing
  CC      drivers/gpu/drm/i915/gt/gen6_renderstate.o - due to target missing
  CC [M]  drivers/misc/cardreader/rts5227.o - due to target missing
  CC [M]  net/8021q/vlan.o - due to target missing
  CC      drivers/gpu/drm/i915/gt/gen7_renderstate.o - due to target missing
  CC [M]  drivers/misc/cardreader/rts5249.o - due to target missing
  CC      drivers/gpu/drm/i915/gt/gen8_renderstate.o - due to target missing
  CC [M]  net/ipv4/tunnel4.o - due to target missing
  CC [M]  net/8021q/vlan_dev.o - due to target missing
  CC      drivers/gpu/drm/i915/gt/gen9_renderstate.o - due to target missing
  CC [M]  drivers/misc/cardreader/rts5260.o - due to target missing
  CC      drivers/gpu/drm/i915/gem/i915_gem_busy.o - due to target missing
  CC [M]  drivers/misc/cardreader/rts5261.o - due to target missing
  CC [M]  net/8021q/vlan_netlink.o - due to target missing
  CC      drivers/gpu/drm/i915/gem/i915_gem_clflush.o - due to target missing
  AR      net/ipv4/built-in.a - due to target missing
  AR      net/wireless/built-in.a - due to target missing
  CC [M]  net/wireless/core.o - due to target missing
  CC [M]  drivers/misc/cardreader/rts5228.o - due to target missing
  CC [M]  net/8021q/vlanproc.o - due to target missing
  CC      drivers/gpu/drm/i915/gem/i915_gem_context.o - due to target missing
  LD [M]  drivers/misc/cardreader/rtsx_pci.o - due to target missing
  AR      drivers/misc/built-in.a - due to target missing
  CC [M]  net/wireless/sysfs.o - due to target missing
  AR      net/8021q/built-in.a - due to target missing
  LD [M]  net/8021q/8021q.o - due to target missing
  AR      drivers/gpu/drm/tilcdc/built-in.a - due to target missing
  AR      drivers/mfd/built-in.a - due to target missing
  CC [M]  drivers/mfd/mfd-core.o - due to target missing
  CC      drivers/gpu/drm/i915/gem/i915_gem_create.o - due to target missing
  CC [M]  net/wireless/radiotap.o - due to target missing
  CC      net/rfkill/core.o - due to target missing
  AR      drivers/gpu/drm/imx/built-in.a - due to target missing
  CC      net/dns_resolver/dns_key.o - due to target missing
  CC      drivers/gpu/drm/i915/gem/i915_gem_dmabuf.o - due to target missing
  CC      net/dns_resolver/dns_query.o - due to target missing
  CC [M]  net/wireless/util.o - due to target missing
  CC      net/rfkill/input.o - due to target missing
  CC      drivers/gpu/drm/i915/gem/i915_gem_domain.o - due to target missing
  AR      net/rfkill/built-in.a - due to target missing
  AR      drivers/gpu/drm/i2c/built-in.a - due to target missing
  AR      drivers/nfc/built-in.a - due to target missing
  CC      drivers/gpu/drm/i915/gem/i915_gem_execbuffer.o - due to target missing
  AR      net/dns_resolver/built-in.a - due to target missing
  CC [M]  net/wireless/reg.o - due to target missing
  AR      drivers/gpu/drm/panel/built-in.a - due to target missing
  CC      drivers/dma-buf/dma-buf.o - due to target missing
  CC      drivers/dma-buf/dma-fence.o - due to target missing
  CC [M]  net/bluetooth/rfcomm/core.o - due to target missing
  CC      drivers/gpu/drm/i915/gem/i915_gem_internal.o - due to target missing
  CC      drivers/gpu/drm/i915/gem/i915_gem_object.o - due to target missing
  CC      drivers/dma-buf/dma-fence-array.o - due to target missing
  CC [M]  net/wireless/scan.o - due to target missing
  CC [M]  net/bluetooth/rfcomm/sock.o - due to target missing
  CC      drivers/dma-buf/dma-fence-chain.o - due to target missing
  CC      drivers/gpu/drm/i915/gem/i915_gem_lmem.o - due to target missing
  CC      drivers/dma-buf/dma-fence-unwrap.o - due to target missing
  CC      drivers/gpu/drm/i915/gem/i915_gem_mman.o - due to target missing
  CC [M]  net/bluetooth/rfcomm/tty.o - due to target missing
  CC      drivers/dma-buf/dma-resv.o - due to target missing
  CC [M]  net/wireless/nl80211.o - due to target missing
  CC      drivers/gpu/drm/i915/gem/i915_gem_pages.o - due to target missing
  LD [M]  net/bluetooth/rfcomm/rfcomm.o - due to target missing
  CC [M]  net/bluetooth/bnep/core.o - due to target missing
  CC      drivers/dma-buf/sync_file.o - due to target missing
  CC      drivers/gpu/drm/i915/gem/i915_gem_phys.o - due to target missing
  AR      drivers/dma-buf/built-in.a - due to target missing
  CC [M]  net/sunrpc/auth_gss/auth_gss.o - due to target missing
  CC [M]  net/bluetooth/bnep/sock.o - due to target missing
  CC      drivers/gpu/drm/i915/gem/i915_gem_pm.o - due to target missing
  CC [M]  net/bluetooth/bnep/netdev.o - due to target missing
  CC      drivers/gpu/drm/i915/gem/i915_gem_region.o - due to target missing
  CC [M]  net/sunrpc/auth_gss/gss_generic_token.o - due to target missing
  LD [M]  net/bluetooth/bnep/bnep.o - due to target missing
  CC [M]  net/bluetooth/hidp/core.o - due to target missing
  CC      drivers/gpu/drm/i915/gem/i915_gem_shmem.o - due to target missing
  CC [M]  net/sunrpc/auth_gss/gss_mech_switch.o - due to target missing
  CC      drivers/gpu/drm/i915/gem/i915_gem_shrinker.o - due to target missing
  CC [M]  net/bluetooth/hidp/sock.o - due to target missing
  CC      drivers/gpu/drm/i915/gem/i915_gem_stolen.o - due to target missing
  CC [M]  net/sunrpc/auth_gss/svcauth_gss.o - due to target missing
  LD [M]  net/bluetooth/hidp/hidp.o - due to target missing
  CC [M]  net/bluetooth/af_bluetooth.o - due to target missing
  CC      drivers/gpu/drm/i915/gem/i915_gem_throttle.o - due to target missing
  CC      drivers/gpu/drm/i915/gem/i915_gem_tiling.o - due to target missing
  CC [M]  net/bluetooth/hci_core.o - due to target missing
  CC [M]  net/sunrpc/auth_gss/gss_rpc_upcall.o - due to target missing
  CC      drivers/gpu/drm/i915/gem/i915_gem_ttm.o - due to target missing
  CC [M]  net/sunrpc/auth_gss/gss_rpc_xdr.o - due to target missing
  CC      drivers/gpu/drm/i915/gem/i915_gem_ttm_move.o - due to target missing
  CC [M]  net/wireless/mlme.o - due to target missing
  CC [M]  net/sunrpc/auth_gss/trace.o - due to target missing
  CC      drivers/gpu/drm/i915/gem/i915_gem_ttm_pm.o - due to target missing
  LD [M]  net/sunrpc/auth_gss/auth_rpcgss.o - due to target missing
  CC [M]  net/sunrpc/clnt.o - due to target missing
  CC [M]  net/bluetooth/hci_conn.o - due to target missing
  CC      drivers/gpu/drm/i915/gem/i915_gem_userptr.o - due to target missing
  CC [M]  net/wireless/ibss.o - due to target missing
  CC      drivers/gpu/drm/i915/gem/i915_gem_wait.o - due to target missing
  CC [M]  net/sunrpc/xprt.o - due to target missing
  CC      drivers/gpu/drm/i915/gem/i915_gemfs.o - due to target missing
  CC [M]  net/wireless/sme.o - due to target missing
  CC [M]  net/bluetooth/hci_event.o - due to target missing
  CC      drivers/gpu/drm/i915/i915_active.o - due to target missing
  CC      drivers/gpu/drm/i915/i915_cmd_parser.o - due to target missing
  CC [M]  net/sunrpc/socklib.o - due to target missing
  CC [M]  net/wireless/chan.o - due to target missing
  CC      drivers/gpu/drm/i915/i915_deps.o - due to target missing
  CC [M]  net/bluetooth/mgmt.o - due to target missing
  CC [M]  net/sunrpc/xprtsock.o - due to target missing
  CC      drivers/gpu/drm/i915/i915_gem_evict.o - due to target missing
  CC [M]  net/wireless/ethtool.o - due to target missing
  CC      drivers/gpu/drm/i915/i915_gem_gtt.o - due to target missing
  CC [M]  net/wireless/mesh.o - due to target missing
  CC [M]  net/sunrpc/sched.o - due to target missing
  CC      drivers/gpu/drm/i915/i915_gem_ww.o - due to target missing
  CC      drivers/gpu/drm/i915/i915_gem.o - due to target missing
  CC [M]  net/wireless/ap.o - due to target missing
  CC [M]  net/wireless/trace.o - due to target missing
  CC [M]  net/sunrpc/auth.o - due to target missing
  CC      drivers/gpu/drm/i915/i915_query.o - due to target missing
  CC [M]  net/wireless/ocb.o - due to target missing
  CC [M]  net/bluetooth/hci_sock.o - due to target missing
  CC      drivers/gpu/drm/i915/i915_request.o - due to target missing
  CC [M]  net/wireless/pmsr.o - due to target missing
  CC [M]  net/sunrpc/auth_null.o - due to target missing
  CC      drivers/gpu/drm/i915/i915_scheduler.o - due to target missing
  CC [M]  net/sunrpc/auth_unix.o - due to target missing
  CC [M]  net/bluetooth/hci_sysfs.o - due to target missing
  GEN     net/wireless/shipped-certs.c
  CC [M]  net/wireless/shipped-certs.o - due to target missing
  CC      drivers/gpu/drm/i915/i915_trace_points.o - due to target missing
  CC [M]  net/sunrpc/svc.o - due to target missing
  CC [M]  net/bluetooth/l2cap_core.o - due to target missing
  LD [M]  net/wireless/cfg80211.o - due to target missing
  CC      drivers/gpu/drm/i915/i915_ttm_buddy_manager.o - due to target missing
  AR      drivers/gpu/drm/bridge/analogix/built-in.a - due to target missing
  AR      drivers/gpu/drm/bridge/cadence/built-in.a - due to target missing
  AR      drivers/gpu/drm/bridge/imx/built-in.a - due to target missing
  AR      drivers/gpu/drm/bridge/synopsys/built-in.a - due to target missing
  AR      drivers/gpu/drm/bridge/built-in.a - due to target missing
  AR      drivers/cxl/core/built-in.a - due to target missing
  AR      drivers/cxl/built-in.a - due to target missing
  CC [M]  net/bluetooth/l2cap_sock.o - due to target missing
  CC      drivers/gpu/drm/i915/i915_vma.o - due to target missing
  CC [M]  net/sunrpc/svcsock.o - due to target missing
  CC      drivers/gpu/drm/i915/i915_vma_resource.o - due to target missing
  CC [M]  net/sunrpc/svcauth.o - due to target missing
  CC      drivers/gpu/drm/i915/intel_wopcm.o - due to target missing
  CC [M]  net/mac80211/main.o - due to target missing
  CC [M]  net/sunrpc/svcauth_unix.o - due to target missing
  CC      drivers/gpu/drm/i915/gt/uc/intel_uc.o - due to target missing
  CC [M]  net/bluetooth/smp.o - due to target missing
  CC      drivers/gpu/drm/i915/gt/uc/intel_uc_debugfs.o - due to target missing
  CC      drivers/gpu/drm/i915/gt/uc/intel_uc_fw.o - due to target missing
  CC [M]  net/sunrpc/addr.o - due to target missing
  CC [M]  net/mac80211/status.o - due to target missing
  CC [M]  net/bluetooth/lib.o - due to target missing
  CC      drivers/gpu/drm/i915/gt/uc/intel_guc.o - due to target missing
  CC [M]  net/sunrpc/rpcb_clnt.o - due to target missing
  CC      drivers/gpu/drm/i915/gt/uc/intel_guc_ads.o - due to target missing
  CC [M]  net/bluetooth/ecdh_helper.o - due to target missing
  CC [M]  net/mac80211/driver-ops.o - due to target missing
  CC [M]  net/bluetooth/hci_request.o - due to target missing
  CC [M]  net/sunrpc/timer.o - due to target missing
  CC      drivers/gpu/drm/i915/gt/uc/intel_guc_capture.o - due to target missing
  CC [M]  net/mac80211/sta_info.o - due to target missing
  CC [M]  net/bluetooth/mgmt_util.o - due to target missing
  CC [M]  net/sunrpc/xdr.o - due to target missing
  CC      drivers/gpu/drm/i915/gt/uc/intel_guc_ct.o - due to target missing
  CC [M]  net/bluetooth/mgmt_config.o - due to target missing
  CC      drivers/gpu/drm/i915/gt/uc/intel_guc_debugfs.o - due to target missing
  CC [M]  net/bluetooth/hci_codec.o - due to target missing
  CC      drivers/gpu/drm/i915/gt/uc/intel_guc_fw.o - due to target missing
  CC [M]  net/mac80211/wep.o - due to target missing
  CC [M]  net/bluetooth/eir.o - due to target missing
  CC      drivers/gpu/drm/i915/gt/uc/intel_guc_hwconfig.o - due to target missing
  CC [M]  net/sunrpc/sunrpc_syms.o - due to target missing
  CC [M]  net/mac80211/aead_api.o - due to target missing
  CC [M]  net/bluetooth/hci_sync.o - due to target missing
  CC      drivers/gpu/drm/i915/gt/uc/intel_guc_log.o - due to target missing
  CC [M]  net/mac80211/wpa.o - due to target missing
  CC [M]  net/sunrpc/cache.o - due to target missing
  CC      drivers/gpu/drm/i915/gt/uc/intel_guc_log_debugfs.o - due to target missing
  CC [M]  net/mac80211/scan.o - due to target missing
  CC      drivers/gpu/drm/i915/gt/uc/intel_guc_rc.o - due to target missing
  CC      drivers/gpu/drm/i915/gt/uc/intel_guc_slpc.o - due to target missing
  CC [M]  net/sunrpc/rpc_pipe.o - due to target missing
  CC      drivers/gpu/drm/i915/gt/uc/intel_guc_submission.o - due to target missing
  CC [M]  net/mac80211/offchannel.o - due to target missing
  CC [M]  net/bluetooth/sco.o - due to target missing
  CC [M]  net/sunrpc/sysfs.o - due to target missing
  CC [M]  net/bluetooth/iso.o - due to target missing
  CC [M]  net/mac80211/ht.o - due to target missing
  CC      drivers/gpu/drm/i915/gt/uc/intel_huc.o - due to target missing
  CC [M]  net/sunrpc/svc_xprt.o - due to target missing
  LD [M]  net/bluetooth/bluetooth.o - due to target missing
  CC      drivers/gpu/drm/i915/gt/uc/intel_huc_debugfs.o - due to target missing
  CC      drivers/gpu/drm/i915/gt/uc/intel_huc_fw.o - due to target missing
  CC [M]  net/mac80211/agg-tx.o - due to target missing
  AR      drivers/macintosh/built-in.a - due to target missing
  AR      drivers/gpu/drm/hisilicon/built-in.a - due to target missing
  CC      net/devres.o - due to target missing
  CC      drivers/gpu/drm/i915/gt/intel_gsc.o - due to target missing
  CC [M]  net/sunrpc/xprtmultipath.o - due to target missing
  CC      drivers/gpu/drm/i915/display/hsw_ips.o - due to target missing
  CC      drivers/scsi/scsi.o - due to target missing
  CC [M]  net/sunrpc/backchannel_rqst.o - due to target missing
  CC      drivers/gpu/drm/i915/display/intel_atomic.o - due to target missing
  CC [M]  net/mac80211/agg-rx.o - due to target missing
  CC      drivers/scsi/hosts.o - due to target missing
  CC      drivers/gpu/drm/i915/display/intel_atomic_plane.o - due to target missing
  CC [M]  net/sunrpc/stats.o - due to target missing
  CC [M]  net/mac80211/vht.o - due to target missing
  CC      drivers/scsi/scsi_ioctl.o - due to target missing
  CC      drivers/gpu/drm/i915/display/intel_audio.o - due to target missing
  CC [M]  net/sunrpc/sysctl.o - due to target missing
  CC      drivers/scsi/scsicam.o - due to target missing
  CC      drivers/gpu/drm/i915/display/intel_bios.o - due to target missing
  CC [M]  net/mac80211/he.o - due to target missing
  LD [M]  net/sunrpc/sunrpc.o - due to target missing
  AR      drivers/gpu/drm/mxsfb/built-in.a - due to target missing
  AR      drivers/nvme/host/built-in.a - due to target missing
  AR      drivers/nvme/target/built-in.a - due to target missing
  AR      drivers/nvme/built-in.a - due to target missing
  CC      drivers/gpu/drm/i915/display/intel_bw.o - due to target missing
  CC      drivers/scsi/scsi_error.o - due to target missing
  CC [M]  net/mac80211/s1g.o - due to target missing
  CC      net/socket.o - due to target missing
  CC      drivers/gpu/drm/i915/display/intel_cdclk.o - due to target missing
  CC [M]  net/mac80211/ibss.o - due to target missing
  CC      drivers/scsi/scsi_lib.o - due to target missing
  CC [M]  net/mac80211/iface.o - due to target missing
  CC      drivers/gpu/drm/i915/display/intel_color.o - due to target missing
  CC      drivers/scsi/scsi_lib_dma.o - due to target missing
  AR      drivers/gpu/drm/tiny/built-in.a - due to target missing
  CC      drivers/ata/libata-core.o - due to target missing
  CC      drivers/scsi/scsi_scan.o - due to target missing
  CC [M]  net/mac80211/link.o - due to target missing
  CC      drivers/gpu/drm/i915/display/intel_combo_phy.o - due to target missing
  GEN     drivers/scsi/scsi_devinfo_tbl.c - due to target missing
  CC      drivers/scsi/scsi_devinfo.o - due to target missing
  CC      drivers/gpu/drm/i915/display/intel_connector.o - due to target missing
  CC [M]  net/mac80211/rate.o - due to target missing
  CC      drivers/scsi/scsi_sysctl.o - due to target missing
  CC      drivers/gpu/drm/i915/display/intel_crtc.o - due to target missing
  CC      drivers/ata/libata-scsi.o - due to target missing
  CC      drivers/scsi/scsi_proc.o - due to target missing
  CC      drivers/gpu/drm/i915/display/intel_crtc_state_dump.o - due to target missing
  CC      drivers/scsi/scsi_trace.o - due to target missing
  CC [M]  net/mac80211/michael.o - due to target missing
  CC      drivers/scsi/scsi_logging.o - due to target missing
  CC [M]  net/mac80211/tkip.o - due to target missing
  CC      drivers/gpu/drm/i915/display/intel_cursor.o - due to target missing
  CC      drivers/ata/libata-eh.o - due to target missing
  CC      drivers/scsi/scsi_pm.o - due to target missing
  CC      drivers/gpu/drm/i915/display/intel_display.o - due to target missing
  CC [M]  net/mac80211/aes_cmac.o - due to target missing
  CC      drivers/scsi/scsi_bsg.o - due to target missing
  CC [M]  net/mac80211/aes_gmac.o - due to target missing
  CC      drivers/scsi/scsi_common.o - due to target missing
  CC      drivers/ata/libata-transport.o - due to target missing
  CC      drivers/scsi/sd.o - due to target missing
  CC [M]  net/mac80211/fils_aead.o - due to target missing
  CC      drivers/ata/libata-trace.o - due to target missing
  CC [M]  net/mac80211/cfg.o - due to target missing
  CC      drivers/ata/libata-sata.o - due to target missing
  CC [M]  drivers/scsi/virtio_scsi.o - due to target missing
  CC [M]  drivers/scsi/sr.o - due to target missing
  CC      drivers/gpu/drm/i915/display/intel_display_power.o - due to target missing
  CC      drivers/ata/libata-acpi.o - due to target missing
  CC [M]  drivers/scsi/sr_ioctl.o - due to target missing
  CC [M]  net/mac80211/ethtool.o - due to target missing
  CC      drivers/ata/libata-pata-timings.o - due to target missing
  CC [M]  drivers/scsi/sr_vendor.o - due to target missing
  CC      drivers/gpu/drm/i915/display/intel_display_power_map.o - due to target missing
  CC [M]  drivers/scsi/sg.o - due to target missing
  CC [M]  net/mac80211/rx.o - due to target missing
  CC      drivers/gpu/drm/i915/display/intel_display_power_well.o - due to target missing
  CC      drivers/ata/ahci.o - due to target missing
  LD [M]  drivers/scsi/sr_mod.o - due to target missing
  CC      drivers/scsi/scsi_sysfs.o - due to target missing
  CC      drivers/ata/libahci.o - due to target missing
  CC      drivers/gpu/drm/i915/display/intel_dmc.o - due to target missing
  AR      drivers/scsi/built-in.a - due to target missing
  CC      net/compat.o - due to target missing
  CC      drivers/gpu/drm/i915/display/intel_dpio_phy.o - due to target missing
  AR      drivers/ata/built-in.a - due to target missing
  AR      drivers/gpu/drm/xlnx/built-in.a - due to target missing
  CC      net/sysctl_net.o - due to target missing
  CC [M]  net/mac80211/spectmgmt.o - due to target missing
  AR      drivers/gpu/drm/gud/built-in.a - due to target missing
  CC      drivers/gpu/drm/i915/display/intel_dpll.o - due to target missing
  CC      drivers/net/phy/mdio-boardinfo.o - due to target missing
  CC [M]  net/mac80211/tx.o - due to target missing
  AR      drivers/net/pse-pd/built-in.a - due to target missing
  AR      drivers/firewire/built-in.a - due to target missing
  CC      drivers/gpu/drm/i915/display/intel_dpll_mgr.o - due to target missing
  CC      drivers/net/phy/mdio_devres.o - due to target missing
  AR      drivers/gpu/drm/solomon/built-in.a - due to target missing
  CC [M]  net/mac80211/key.o - due to target missing
  CC      drivers/net/phy/phy.o - due to target missing
  CC      drivers/gpu/drm/i915/display/intel_dpt.o - due to target missing
  AR      net/built-in.a - due to target missing
  CC      drivers/net/mdio/acpi_mdio.o - due to target missing
  CC      drivers/gpu/drm/i915/display/intel_drrs.o - due to target missing
  CC      drivers/net/phy/phy-c45.o - due to target missing
  CC      drivers/net/mdio/fwnode_mdio.o - due to target missing
  CC [M]  net/mac80211/util.o - due to target missing
  CC      drivers/gpu/drm/i915/display/intel_dsb.o - due to target missing
  CC      drivers/net/phy/phy-core.o - due to target missing
  CC      drivers/gpu/drm/i915/display/intel_fb.o - due to target missing
  AR      drivers/net/mdio/built-in.a - due to target missing
  AR      drivers/cdrom/built-in.a - due to target missing
  CC [M]  drivers/cdrom/cdrom.o - due to target missing
  CC      drivers/net/phy/phy_device.o - due to target missing
  CC      drivers/gpu/drm/i915/display/intel_fb_pin.o - due to target missing
  CC [M]  drivers/gpu/drm/virtio/virtgpu_drv.o - due to target missing
  CC      drivers/gpu/drm/i915/display/intel_fbc.o - due to target missing
  CC [M]  net/mac80211/wme.o - due to target missing
  CC [M]  drivers/gpu/drm/virtio/virtgpu_kms.o - due to target missing
  CC      drivers/net/phy/linkmode.o - due to target missing
  CC [M]  drivers/gpu/drm/virtio/virtgpu_gem.o - due to target missing
  CC [M]  net/mac80211/chan.o - due to target missing
  CC      drivers/net/phy/mdio_bus.o - due to target missing
  CC      drivers/gpu/drm/i915/display/intel_fdi.o - due to target missing
  CC [M]  drivers/gpu/drm/virtio/virtgpu_vram.o - due to target missing
  CC [M]  drivers/gpu/drm/virtio/virtgpu_display.o - due to target missing
  CC      drivers/gpu/drm/i915/display/intel_fifo_underrun.o - due to target missing
  CC      drivers/net/phy/mdio_device.o - due to target missing
  CC [M]  drivers/gpu/drm/virtio/virtgpu_vq.o - due to target missing
  CC [M]  net/mac80211/trace.o - due to target missing
  CC      drivers/gpu/drm/i915/display/intel_frontbuffer.o - due to target missing
  CC      drivers/net/phy/swphy.o - due to target missing
  CC [M]  net/mac80211/mlme.o - due to target missing
  CC [M]  drivers/gpu/drm/virtio/virtgpu_fence.o - due to target missing
  CC      drivers/gpu/drm/i915/display/intel_global_state.o - due to target missing
  CC [M]  drivers/gpu/drm/virtio/virtgpu_object.o - due to target missing
  CC      drivers/net/phy/fixed_phy.o - due to target missing
  CC      drivers/gpu/drm/i915/display/intel_hdcp.o - due to target missing
  CC [M]  drivers/gpu/drm/virtio/virtgpu_debugfs.o - due to target missing
  CC      drivers/net/phy/realtek.o - due to target missing
  CC [M]  drivers/gpu/drm/virtio/virtgpu_plane.o - due to target missing
  AR      drivers/net/phy/built-in.a - due to target missing
  AR      drivers/net/pcs/built-in.a - due to target missing
  AR      drivers/net/ethernet/realtek/built-in.a - due to target missing
  CC [M]  drivers/net/ethernet/realtek/r8169_main.o - due to target missing
  CC [M]  drivers/gpu/drm/virtio/virtgpu_ioctl.o - due to target missing
  CC      drivers/gpu/drm/i915/display/intel_hotplug.o - due to target missing
  CC [M]  drivers/gpu/drm/virtio/virtgpu_prime.o - due to target missing
  CC [M]  net/mac80211/tdls.o - due to target missing
  CC      drivers/gpu/drm/i915/display/intel_lpe_audio.o - due to target missing
  CC [M]  drivers/gpu/drm/virtio/virtgpu_trace_points.o - due to target missing
  CC      drivers/gpu/drm/i915/display/intel_modeset_verify.o - due to target missing
  LD [M]  drivers/gpu/drm/virtio/virtio-gpu.o - due to target missing
  AR      drivers/auxdisplay/built-in.a - due to target missing
  CC [M]  drivers/net/ethernet/realtek/r8169_firmware.o - due to target missing
  CC [M]  drivers/net/wireless/intel/iwlwifi/mvm/fw.o - due to target missing
  CC [M]  drivers/net/ethernet/realtek/r8169_phy_config.o - due to target missing
  CC      drivers/gpu/drm/i915/display/intel_modeset_setup.o - due to target missing
  CC [M]  net/mac80211/ocb.o - due to target missing
  LD [M]  drivers/net/ethernet/realtek/r8169.o - due to target missing
  AR      drivers/net/ethernet/built-in.a - due to target missing
  CC [M]  drivers/net/wireless/intel/iwlwifi/mvm/mac80211.o - due to target missing
  CC      drivers/usb/common/common.o - due to target missing
  CC      drivers/gpu/drm/i915/display/intel_overlay.o - due to target missing
  CC [M]  net/mac80211/airtime.o - due to target missing
  AR      drivers/usb/common/built-in.a - due to target missing
  CC      drivers/usb/core/usb.o - due to target missing
  CC      drivers/gpu/drm/i915/display/intel_pch_display.o - due to target missing
  CC      drivers/usb/core/hub.o - due to target missing
  CC [M]  drivers/net/wireless/intel/iwlwifi/mvm/nvm.o - due to target missing
  CC      drivers/gpu/drm/i915/display/intel_pch_refclk.o - due to target missing
  CC [M]  drivers/net/wireless/intel/iwlwifi/mvm/ops.o - due to target missing
  CC      drivers/gpu/drm/i915/display/intel_plane_initial.o - due to target missing
  CC [M]  net/mac80211/eht.o - due to target missing
  CC      drivers/gpu/drm/i915/display/intel_psr.o - due to target missing
  CC [M]  net/mac80211/led.o - due to target missing
  CC [M]  drivers/net/wireless/intel/iwlwifi/mvm/phy-ctxt.o - due to target missing
  CC      drivers/usb/core/hcd.o - due to target missing
  CC [M]  drivers/net/wireless/intel/iwlwifi/mvm/mac-ctxt.o - due to target missing
  CC [M]  net/mac80211/pm.o - due to target missing
  CC      drivers/gpu/drm/i915/display/intel_quirks.o - due to target missing
  CC      drivers/usb/core/urb.o - due to target missing
  CC [M]  drivers/net/wireless/intel/iwlwifi/mvm/utils.o - due to target missing
  CC      drivers/gpu/drm/i915/display/intel_sprite.o - due to target missing
  CC [M]  net/mac80211/rc80211_minstrel_ht.o - due to target missing
  CC      drivers/usb/core/message.o - due to target missing
  CC [M]  drivers/net/wireless/intel/iwlwifi/mvm/rx.o - due to target missing
  CC      drivers/gpu/drm/i915/display/intel_tc.o - due to target missing
  LD [M]  net/mac80211/mac80211.o - due to target missing
  CC      drivers/gpu/drm/drm_aperture.o - due to target missing
  CC [M]  drivers/net/wireless/intel/iwlwifi/mvm/rxmq.o - due to target missing
  CC      drivers/usb/core/driver.o - due to target missing
  AR      drivers/net/wireless/intel/built-in.a - due to target missing
  CC [M]  drivers/net/usb/cdc_ether.o - due to target missing
  CC      drivers/gpu/drm/i915/display/intel_vga.o - due to target missing
  CC      drivers/gpu/drm/i915/display/i9xx_plane.o - due to target missing
  CC      drivers/usb/core/config.o - due to target missing
  CC [M]  drivers/net/wireless/intel/iwlwifi/mvm/tx.o - due to target missing
  CC [M]  drivers/net/usb/rndis_host.o - due to target missing
  CC      drivers/usb/core/file.o - due to target missing
  CC      drivers/gpu/drm/i915/display/skl_scaler.o - due to target missing
  CC [M]  drivers/net/usb/usbnet.o - due to target missing
  CC      drivers/usb/core/buffer.o - due to target missing
  CC [M]  drivers/net/wireless/intel/iwlwifi/mvm/binding.o - due to target missing
  CC      drivers/gpu/drm/i915/display/skl_universal_plane.o - due to target missing
  CC      drivers/usb/core/sysfs.o - due to target missing
  CC [M]  drivers/net/wireless/intel/iwlwifi/mvm/quota.o - due to target missing
  CC      drivers/usb/core/endpoint.o - due to target missing
  CC [M]  drivers/net/usb/cdc_ncm.o - due to target missing
  CC      drivers/usb/core/devio.o - due to target missing
  CC [M]  drivers/net/wireless/intel/iwlwifi/mvm/sta.o - due to target missing
  CC      drivers/gpu/drm/i915/display/skl_watermark.o - due to target missing
  CC [M]  drivers/net/usb/cdc_mbim.o - due to target missing
  CC      drivers/usb/core/notify.o - due to target missing
  CC [M]  drivers/net/wireless/intel/iwlwifi/mvm/sf.o - due to target missing
  CC [M]  drivers/net/usb/r8153_ecm.o - due to target missing
  CC      drivers/usb/core/generic.o - due to target missing
  CC      drivers/gpu/drm/i915/display/intel_acpi.o - due to target missing
  CC [M]  drivers/net/wireless/intel/iwlwifi/iwl-io.o - due to target missing
  CC [M]  drivers/net/wireless/intel/iwlwifi/mvm/scan.o - due to target missing
  CC      drivers/usb/core/quirks.o - due to target missing
  CC      drivers/gpu/drm/i915/display/intel_opregion.o - due to target missing
  CC      drivers/usb/core/devices.o - due to target missing
  CC      drivers/gpu/drm/i915/display/intel_fbdev.o - due to target missing
  CC      drivers/usb/core/phy.o - due to target missing
  CC      drivers/gpu/drm/drm_auth.o - due to target missing
  CC [M]  drivers/net/wireless/intel/iwlwifi/mvm/time-event.o - due to target missing
  CC      drivers/usb/core/port.o - due to target missing
  CC      drivers/net/loopback.o - due to target missing
  CC      drivers/gpu/drm/i915/display/dvo_ch7017.o - due to target missing
  CC [M]  drivers/net/wireless/intel/iwlwifi/mvm/rs.o - due to target missing
  CC      drivers/usb/core/hcd-pci.o - due to target missing
  CC      drivers/gpu/drm/i915/display/dvo_ch7xxx.o - due to target missing
  CC      drivers/input/serio/serio.o - due to target missing
  CC      drivers/usb/core/usb-acpi.o - due to target missing
  CC      drivers/gpu/drm/i915/display/dvo_ivch.o - due to target missing
  CC      drivers/input/serio/i8042.o - due to target missing
  CC [M]  drivers/net/wireless/intel/iwlwifi/mvm/rs-fw.o - due to target missing
  CC      drivers/gpu/drm/i915/display/dvo_ns2501.o - due to target missing
  AR      drivers/usb/core/built-in.a - due to target missing
  AR      drivers/usb/phy/built-in.a - due to target missing
  CC      drivers/usb/mon/mon_main.o - due to target missing
  CC      drivers/usb/mon/mon_stat.o - due to target missing
  CC [M]  drivers/net/wireless/intel/iwlwifi/mvm/power.o - due to target missing
  CC      drivers/gpu/drm/i915/display/dvo_sil164.o - due to target missing
  CC      drivers/usb/mon/mon_text.o - due to target missing
  CC      drivers/input/serio/serport.o - due to target missing
  CC      drivers/gpu/drm/i915/display/dvo_tfp410.o - due to target missing
  CC      drivers/input/serio/libps2.o - due to target missing
  CC [M]  drivers/net/wireless/intel/iwlwifi/mvm/coex.o - due to target missing
  CC      drivers/usb/mon/mon_bin.o - due to target missing
  CC      drivers/gpu/drm/i915/display/g4x_dp.o - due to target missing
  AR      drivers/input/serio/built-in.a - due to target missing
  CC [M]  drivers/net/wireless/intel/iwlwifi/iwl-drv.o - due to target missing
  AR      drivers/usb/mon/built-in.a - due to target missing
  CC      drivers/usb/host/pci-quirks.o - due to target missing
  CC [M]  drivers/net/wireless/intel/iwlwifi/mvm/tt.o - due to target missing
  CC      drivers/gpu/drm/i915/display/g4x_hdmi.o - due to target missing
  CC [M]  drivers/net/wireless/intel/iwlwifi/mvm/offloading.o - due to target missing
  CC      drivers/usb/host/xhci.o - due to target missing
  CC      drivers/gpu/drm/drm_cache.o - due to target missing
  CC      drivers/gpu/drm/i915/display/icl_dsi.o - due to target missing
  CC [M]  drivers/net/wireless/intel/iwlwifi/mvm/tdls.o - due to target missing
  CC      drivers/net/net_failover.o - due to target missing
  CC [M]  drivers/net/wireless/intel/iwlwifi/mvm/ftm-responder.o - due to target missing
  CC      drivers/usb/host/xhci-mem.o - due to target missing
  CC      drivers/gpu/drm/i915/display/intel_backlight.o - due to target missing
  CC      drivers/input/keyboard/atkbd.o - due to target missing
  CC [M]  drivers/net/wireless/intel/iwlwifi/mvm/ftm-initiator.o - due to target missing
  AR      drivers/input/keyboard/built-in.a - due to target missing
  CC      drivers/input/mouse/psmouse-base.o - due to target missing
  CC      drivers/gpu/drm/i915/display/intel_crt.o - due to target missing
  CC      drivers/usb/host/xhci-ext-caps.o - due to target missing
  CC [M]  drivers/net/wireless/intel/iwlwifi/mvm/rfi.o - due to target missing
  CC      drivers/input/mouse/synaptics.o - due to target missing
  CC      drivers/gpu/drm/i915/display/intel_ddi.o - due to target missing
  CC      drivers/usb/host/xhci-ring.o - due to target missing
  CC [M]  drivers/net/wireless/intel/iwlwifi/mvm/led.o - due to target missing
  CC      drivers/input/mouse/focaltech.o - due to target missing
  CC [M]  drivers/net/wireless/intel/iwlwifi/mvm/d3.o - due to target missing
  CC      drivers/input/mouse/alps.o - due to target missing
  CC      drivers/usb/host/xhci-hub.o - due to target missing
  CC      drivers/gpu/drm/i915/display/intel_ddi_buf_trans.o - due to target missing
  CC      drivers/input/mouse/byd.o - due to target missing
  CC      drivers/input/mouse/elantech.o - due to target missing
  CC      drivers/usb/host/xhci-dbg.o - due to target missing
  LD [M]  drivers/net/wireless/intel/iwlwifi/mvm/iwlmvm.o - due to target missing
  CC [M]  drivers/net/wireless/intel/iwlwifi/iwl-debug.o - due to target missing
  CC      drivers/gpu/drm/i915/display/intel_display_trace.o - due to target missing
  CC      drivers/usb/host/xhci-trace.o - due to target missing
  CC      drivers/input/mouse/logips2pp.o - due to target missing
  CC      drivers/gpu/drm/i915/display/intel_dkl_phy.o - due to target missing
  CC      drivers/usb/host/xhci-debugfs.o - due to target missing
  CC [M]  drivers/net/wireless/intel/iwlwifi/iwl-eeprom-read.o - due to target missing
  CC      drivers/input/mouse/lifebook.o - due to target missing
  CC      drivers/gpu/drm/i915/display/intel_dp.o - due to target missing
  CC      drivers/input/mouse/trackpoint.o - due to target missing
  CC      drivers/usb/host/xhci-pci.o - due to target missing
  CC      drivers/input/mouse/cypress_ps2.o - due to target missing
  CC [M]  drivers/net/wireless/intel/iwlwifi/iwl-eeprom-parse.o - due to target missing
  AR      drivers/usb/host/built-in.a - due to target missing
  CC      drivers/usb/storage/uas.o - due to target missing
  CC      drivers/input/mouse/psmouse-smbus.o - due to target missing
  CC [M]  drivers/net/wireless/intel/iwlwifi/iwl-phy-db.o - due to target missing
  CC      drivers/usb/storage/scsiglue.o - due to target missing
  AR      drivers/input/mouse/built-in.a - due to target missing
  AR      drivers/input/misc/built-in.a - due to target missing
  CC [M]  drivers/input/misc/uinput.o - due to target missing
  CC      drivers/gpu/drm/i915/display/intel_dp_aux.o - due to target missing
  CC [M]  drivers/net/wireless/intel/iwlwifi/iwl-nvm-parse.o - due to target missing
  CC      drivers/input/input.o - due to target missing
  CC      drivers/usb/storage/protocol.o - due to target missing
  CC      drivers/gpu/drm/i915/display/intel_dp_aux_backlight.o - due to target missing
  CC      drivers/usb/storage/transport.o - due to target missing
  CC      drivers/input/input-compat.o - due to target missing
  CC      drivers/gpu/drm/i915/display/intel_dp_hdcp.o - due to target missing
  CC [M]  drivers/net/wireless/intel/iwlwifi/pcie/drv.o - due to target missing
  CC      drivers/input/input-mt.o - due to target missing
  CC      drivers/usb/storage/usb.o - due to target missing
  CC [M]  drivers/net/wireless/intel/iwlwifi/pcie/rx.o - due to target missing
  CC      drivers/gpu/drm/i915/display/intel_dp_link_training.o - due to target missing
  CC      drivers/input/input-poller.o - due to target missing
  CC      drivers/usb/storage/initializers.o - due to target missing
  CC      drivers/gpu/drm/i915/display/intel_dp_mst.o - due to target missing
  CC [M]  drivers/net/wireless/intel/iwlwifi/pcie/tx.o - due to target missing
  CC      drivers/input/ff-core.o - due to target missing
  CC      drivers/usb/storage/sierra_ms.o - due to target missing
  CC      drivers/usb/storage/option_ms.o - due to target missing
  CC      drivers/input/touchscreen.o - due to target missing
  CC      drivers/gpu/drm/i915/display/intel_dsi.o - due to target missing
  CC      drivers/usb/storage/usual-tables.o - due to target missing
  CC [M]  drivers/net/wireless/intel/iwlwifi/pcie/trans.o - due to target missing
  CC      drivers/input/sparse-keymap.o - due to target missing
  AR      drivers/usb/storage/built-in.a - due to target missing
  AR      drivers/usb/misc/built-in.a - due to target missing
  CC [M]  drivers/usb/class/usblp.o - due to target missing
  CC      drivers/gpu/drm/i915/display/intel_dsi_dcs_backlight.o - due to target missing
  CC      drivers/input/vivaldi-fmap.o - due to target missing
  CC [M]  drivers/usb/class/cdc-wdm.o - due to target missing
  CC      drivers/gpu/drm/i915/display/intel_dsi_vbt.o - due to target missing
  CC      drivers/input/input-leds.o - due to target missing
  CC [M]  drivers/net/wireless/intel/iwlwifi/pcie/ctxt-info.o - due to target missing
  CC      drivers/input/evdev.o - due to target missing
  CC      drivers/gpu/drm/i915/display/intel_dvo.o - due to target missing
  AR      drivers/usb/built-in.a - due to target missing
  CC      drivers/gpu/drm/drm_file.o - due to target missing
  CC [M]  drivers/net/wireless/intel/iwlwifi/pcie/ctxt-info-gen3.o - due to target missing
  CC [M]  drivers/input/mousedev.o - due to target missing
  CC      drivers/gpu/drm/i915/display/intel_gmbus.o - due to target missing
  CC [M]  drivers/net/wireless/intel/iwlwifi/pcie/trans-gen2.o - due to target missing
  AR      drivers/input/built-in.a - due to target missing
  CC [M]  drivers/net/mii.o - due to target missing
  CC      drivers/gpu/drm/i915/display/intel_hdmi.o - due to target missing
  CC [M]  drivers/net/wireless/intel/iwlwifi/pcie/tx-gen2.o - due to target missing
  CC [M]  drivers/net/tun.o - due to target missing
  CC      drivers/rtc/lib.o - due to target missing
  CC [M]  drivers/net/wireless/intel/iwlwifi/iwl-dbg-tlv.o - due to target missing
  CC      drivers/gpu/drm/i915/display/intel_lspcon.o - due to target missing
  CC      drivers/rtc/class.o - due to target missing
  CC      drivers/rtc/interface.o - due to target missing
  CC      drivers/gpu/drm/i915/display/intel_lvds.o - due to target missing
  CC [M]  drivers/net/wireless/intel/iwlwifi/iwl-trans.o - due to target missing
  CC      drivers/rtc/nvmem.o - due to target missing
  CC      drivers/gpu/drm/drm_gem.o - due to target missing
  CC      drivers/gpu/drm/i915/display/intel_panel.o - due to target missing
  CC      drivers/rtc/dev.o - due to target missing
  CC [M]  drivers/net/wireless/intel/iwlwifi/queue/tx.o - due to target missing
  CC      drivers/gpu/drm/i915/display/intel_pps.o - due to target missing
  CC      drivers/rtc/proc.o - due to target missing
  CC      drivers/i2c/algos/i2c-algo-bit.o - due to target missing
  CC      drivers/rtc/sysfs.o - due to target missing
  CC      drivers/rtc/rtc-mc146818-lib.o - due to target missing
  AR      drivers/i2c/algos/built-in.a - due to target missing
  CC [M]  drivers/net/wireless/intel/iwlwifi/fw/img.o - due to target missing
  AR      drivers/i2c/busses/built-in.a - due to target missing
  CC [M]  drivers/i2c/busses/i2c-i801.o - due to target missing
  CC      drivers/gpu/drm/i915/display/intel_qp_tables.o - due to target missing
  CC      drivers/gpu/drm/i915/display/intel_sdvo.o - due to target missing
  CC      drivers/rtc/rtc-cmos.o - due to target missing
  AR      drivers/i2c/muxes/built-in.a - due to target missing
  CC      drivers/i2c/i2c-boardinfo.o - due to target missing
  CC [M]  drivers/net/wireless/intel/iwlwifi/fw/notif-wait.o - due to target missing
  AR      drivers/rtc/built-in.a - due to target missing
  AR      drivers/i3c/built-in.a - due to target missing
  CC [M]  drivers/net/virtio_net.o - due to target missing
  CC      drivers/gpu/drm/i915/display/intel_snps_phy.o - due to target missing
  CC      drivers/i2c/i2c-core-base.o - due to target missing
  CC [M]  drivers/net/wireless/intel/iwlwifi/fw/rs.o - due to target missing
  CC [M]  drivers/net/wireless/intel/iwlwifi/fw/dbg.o - due to target missing
  CC      drivers/i2c/i2c-core-smbus.o - due to target missing
  CC      drivers/gpu/drm/drm_ioctl.o - due to target missing
  CC      drivers/gpu/drm/i915/display/intel_tv.o - due to target missing
  CC      drivers/i2c/i2c-core-acpi.o - due to target missing
  AR      drivers/media/i2c/built-in.a - due to target missing
  AR      drivers/media/tuners/built-in.a - due to target missing
  AR      drivers/media/rc/keymaps/built-in.a - due to target missing
  AR      drivers/media/rc/built-in.a - due to target missing
  AR      drivers/media/common/b2c2/built-in.a - due to target missing
  AR      drivers/media/common/siano/built-in.a - due to target missing
  AR      drivers/media/common/v4l2-tpg/built-in.a - due to target missing
  AR      drivers/media/common/videobuf2/built-in.a - due to target missing
  CC [M]  drivers/media/common/videobuf2/videobuf2-core.o - due to target missing
  CC      drivers/gpu/drm/i915/display/intel_vdsc.o - due to target missing
  CC [M]  drivers/net/wireless/intel/iwlwifi/fw/pnvm.o - due to target missing
  CC [M]  drivers/i2c/i2c-smbus.o - due to target missing
  CC      drivers/gpu/drm/i915/display/intel_vrr.o - due to target missing
  CC [M]  drivers/net/wireless/intel/iwlwifi/fw/dump.o - due to target missing
  CC [M]  drivers/i2c/i2c-dev.o - due to target missing
  CC [M]  drivers/media/common/videobuf2/frame_vector.o - due to target missing
  CC      drivers/gpu/drm/i915/display/vlv_dsi.o - due to target missing
  CC [M]  drivers/i2c/i2c-mux.o - due to target missing
  CC [M]  drivers/media/common/videobuf2/videobuf2-memops.o - due to target missing
  CC [M]  drivers/net/wireless/intel/iwlwifi/cfg/7000.o - due to target missing
  CC [M]  drivers/media/common/videobuf2/videobuf2-v4l2.o - due to target missing
  AR      drivers/i2c/built-in.a - due to target missing
  CC      drivers/gpu/drm/i915/display/vlv_dsi_pll.o - due to target missing
  CC      drivers/gpu/drm/drm_drv.o - due to target missing
  CC [M]  drivers/net/wireless/intel/iwlwifi/cfg/8000.o - due to target missing
  CC [M]  drivers/net/wireless/intel/iwlwifi/cfg/9000.o - due to target missing
  CC      drivers/gpu/drm/i915/i915_perf.o - due to target missing
  AR      drivers/media/platform/allegro-dvt/built-in.a - due to target missing
  AR      drivers/media/platform/amlogic/meson-ge2d/built-in.a - due to target missing
  AR      drivers/media/platform/amlogic/built-in.a - due to target missing
  AR      drivers/media/platform/amphion/built-in.a - due to target missing
  AR      drivers/media/platform/aspeed/built-in.a - due to target missing
  AR      drivers/media/platform/atmel/built-in.a - due to target missing
  AR      drivers/media/platform/cadence/built-in.a - due to target missing
  AR      drivers/media/platform/chips-media/built-in.a - due to target missing
  CC [M]  drivers/media/common/videobuf2/videobuf2-vmalloc.o - due to target missing
  AR      drivers/media/platform/intel/built-in.a - due to target missing
  AR      drivers/media/platform/marvell/built-in.a - due to target missing
  AR      drivers/media/platform/mediatek/jpeg/built-in.a - due to target missing
  AR      drivers/media/platform/mediatek/mdp/built-in.a - due to target missing
  AR      drivers/media/platform/mediatek/vcodec/built-in.a - due to target missing
  AR      drivers/media/platform/mediatek/vpu/built-in.a - due to target missing
  AR      drivers/media/platform/mediatek/mdp3/built-in.a - due to target missing
  AR      drivers/media/platform/mediatek/built-in.a - due to target missing
  AR      drivers/media/platform/nvidia/tegra-vde/built-in.a - due to target missing
  AR      drivers/media/platform/nvidia/built-in.a - due to target missing
  AR      drivers/media/platform/nxp/dw100/built-in.a - due to target missing
  AR      drivers/media/platform/nxp/imx-jpeg/built-in.a - due to target missing
  AR      drivers/media/platform/nxp/built-in.a - due to target missing
  CC [M]  drivers/net/wireless/intel/iwlwifi/cfg/22000.o - due to target missing
  AR      drivers/media/platform/qcom/camss/built-in.a - due to target missing
  AR      drivers/media/platform/qcom/venus/built-in.a - due to target missing
  AR      drivers/media/platform/qcom/built-in.a - due to target missing
  AR      drivers/media/platform/renesas/rcar-vin/built-in.a - due to target missing
  AR      drivers/media/platform/renesas/vsp1/built-in.a - due to target missing
  AR      drivers/media/platform/renesas/built-in.a - due to target missing
  AR      drivers/media/platform/rockchip/rga/built-in.a - due to target missing
  AR      drivers/media/platform/rockchip/rkisp1/built-in.a - due to target missing
  AR      drivers/media/platform/rockchip/built-in.a - due to target missing
  AR      drivers/media/platform/samsung/exynos-gsc/built-in.a - due to target missing
  AR      drivers/media/platform/samsung/exynos4-is/built-in.a - due to target missing
  AR      drivers/media/platform/samsung/s3c-camif/built-in.a - due to target missing
  AR      drivers/media/platform/samsung/s5p-g2d/built-in.a - due to target missing
  AR      drivers/media/platform/samsung/s5p-jpeg/built-in.a - due to target missing
  AR      drivers/media/platform/samsung/s5p-mfc/built-in.a - due to target missing
  AR      drivers/media/platform/samsung/built-in.a - due to target missing
  AR      drivers/media/platform/st/sti/bdisp/built-in.a - due to target missing
  AR      drivers/media/platform/st/sti/c8sectpfe/built-in.a - due to target missing
  AR      drivers/media/platform/st/sti/delta/built-in.a - due to target missing
  AR      drivers/media/platform/st/sti/hva/built-in.a - due to target missing
  AR      drivers/media/platform/st/stm32/built-in.a - due to target missing
  AR      drivers/media/platform/st/built-in.a - due to target missing
  AR      drivers/media/platform/sunxi/sun4i-csi/built-in.a - due to target missing
  AR      drivers/media/platform/sunxi/sun6i-csi/built-in.a - due to target missing
  AR      drivers/media/platform/sunxi/sun6i-mipi-csi2/built-in.a - due to target missing
  AR      drivers/media/platform/sunxi/sun8i-a83t-mipi-csi2/built-in.a - due to target missing
  AR      drivers/media/platform/sunxi/sun8i-di/built-in.a - due to target missing
  AR      drivers/media/platform/sunxi/sun8i-rotate/built-in.a - due to target missing
  AR      drivers/media/platform/sunxi/built-in.a - due to target missing
  AR      drivers/media/platform/ti/am437x/built-in.a - due to target missing
  AR      drivers/media/platform/ti/cal/built-in.a - due to target missing
  AR      drivers/media/platform/ti/vpe/built-in.a - due to target missing
  AR      drivers/media/platform/ti/davinci/built-in.a - due to target missing
  AR      drivers/media/platform/ti/omap/built-in.a - due to target missing
  AR      drivers/media/platform/ti/omap3isp/built-in.a - due to target missing
  CC [M]  drivers/net/wireless/intel/iwlwifi/fw/paging.o - due to target missing
  AR      drivers/media/platform/ti/built-in.a - due to target missing
  AR      drivers/media/platform/verisilicon/built-in.a - due to target missing
  AR      drivers/media/platform/via/built-in.a - due to target missing
  LD [M]  drivers/media/common/videobuf2/videobuf2-common.o - due to target missing
  AR      drivers/media/platform/xilinx/built-in.a - due to target missing
  AR      drivers/media/common/built-in.a - due to target missing
  AR      drivers/media/platform/built-in.a - due to target missing
  AR      drivers/ptp/built-in.a - due to target missing
  CC [M]  drivers/net/wireless/intel/iwlwifi/fw/smem.o - due to target missing
  AR      drivers/media/pci/b2c2/built-in.a - due to target missing
  AR      drivers/media/pci/pluto2/built-in.a - due to target missing
  AR      drivers/media/pci/dm1105/built-in.a - due to target missing
  AR      drivers/media/pci/pt1/built-in.a - due to target missing
  AR      drivers/media/pci/pt3/built-in.a - due to target missing
  AR      drivers/media/pci/mantis/built-in.a - due to target missing
  AR      drivers/media/pci/ngene/built-in.a - due to target missing
  AR      drivers/media/pci/ddbridge/built-in.a - due to target missing
  AR      drivers/media/pci/smipcie/built-in.a - due to target missing
  AR      drivers/media/pci/netup_unidvb/built-in.a - due to target missing
  AR      drivers/media/pci/intel/ipu3/built-in.a - due to target missing
  AR      drivers/media/pci/intel/built-in.a - due to target missing
  AR      drivers/media/pci/built-in.a - due to target missing
  AR      drivers/media/usb/b2c2/built-in.a - due to target missing
  AR      drivers/media/usb/dvb-usb/built-in.a - due to target missing
  AR      drivers/media/usb/dvb-usb-v2/built-in.a - due to target missing
  AR      drivers/media/usb/s2255/built-in.a - due to target missing
  AR      drivers/media/usb/siano/built-in.a - due to target missing
  AR      drivers/media/usb/ttusb-budget/built-in.a - due to target missing
  AR      drivers/media/usb/ttusb-dec/built-in.a - due to target missing
  CC [M]  drivers/media/usb/uvc/uvc_driver.o - due to target missing
  CC      drivers/gpu/drm/i915/i915_gpu_error.o - due to target missing
  CC      drivers/power/supply/power_supply_core.o - due to target missing
  CC [M]  drivers/net/wireless/intel/iwlwifi/fw/init.o - due to target missing
  CC [M]  drivers/media/usb/uvc/uvc_queue.o - due to target missing
  CC      drivers/gpu/drm/i915/i915_vgpu.o - due to target missing
  CC      drivers/power/supply/power_supply_sysfs.o - due to target missing
  CC [M]  drivers/media/usb/uvc/uvc_v4l2.o - due to target missing
  CC [M]  drivers/net/wireless/intel/iwlwifi/fw/acpi.o - due to target missing
  AR      drivers/gpu/drm/i915/built-in.a - due to target missing
  CC      drivers/power/supply/power_supply_leds.o - due to target missing
  CC      drivers/gpu/drm/drm_sysfs.o - due to target missing
  CC      drivers/power/supply/power_supply_hwmon.o - due to target missing
  AR      drivers/power/supply/built-in.a - due to target missing
  AR      drivers/power/built-in.a - due to target missing
  CC [M]  drivers/net/wireless/intel/iwlwifi/fw/uefi.o - due to target missing
  CC [M]  drivers/media/usb/uvc/uvc_video.o - due to target missing
  CC      drivers/gpu/drm/drm_mm.o - due to target missing
  AR      drivers/media/mmc/siano/built-in.a - due to target missing
  AR      drivers/media/mmc/built-in.a - due to target missing
  AR      drivers/media/usb/built-in.a - due to target missing
  CC      drivers/hwmon/hwmon.o - due to target missing
  CC [M]  drivers/media/usb/uvc/uvc_ctrl.o - due to target missing
  CC      drivers/gpu/drm/drm_crtc.o - due to target missing
  LD [M]  drivers/net/wireless/intel/iwlwifi/iwlwifi.o - due to target missing
  AR      drivers/net/wireless/built-in.a - due to target missing
  AR      drivers/net/built-in.a - due to target missing
  AR      drivers/media/firewire/built-in.a - due to target missing
  CC [M]  drivers/media/usb/uvc/uvc_status.o - due to target missing
  CC      drivers/hwmon/coretemp.o - due to target missing
  AR      drivers/thermal/broadcom/built-in.a - due to target missing
  AR      drivers/thermal/samsung/built-in.a - due to target missing
  CC [M]  drivers/thermal/intel/int340x_thermal/int3400_thermal.o - due to target missing
  CC      drivers/gpu/drm/drm_fourcc.o - due to target missing
  AR      drivers/hwmon/built-in.a - due to target missing
  CC [M]  drivers/thermal/intel/int340x_thermal/int340x_thermal_zone.o - due to target missing
  CC [M]  drivers/media/usb/uvc/uvc_isight.o - due to target missing
  AR      drivers/media/spi/built-in.a - due to target missing
  CC      drivers/md/dm-builtin.o - due to target missing
  CC      drivers/gpu/drm/drm_modes.o - due to target missing
  CC [M]  drivers/thermal/intel/int340x_thermal/int3402_thermal.o - due to target missing
  CC [M]  drivers/media/usb/uvc/uvc_debugfs.o - due to target missing
  CC [M]  drivers/thermal/intel/int340x_thermal/int3403_thermal.o - due to target missing
  CC [M]  drivers/md/dm-uevent.o - due to target missing
  CC [M]  drivers/media/usb/uvc/uvc_metadata.o - due to target missing
  CC [M]  drivers/thermal/intel/int340x_thermal/processor_thermal_device.o - due to target missing
  CC      drivers/gpu/drm/drm_edid.o - due to target missing
  CC [M]  drivers/media/usb/uvc/uvc_entity.o - due to target missing
  CC [M]  drivers/md/dm.o - due to target missing
  CC [M]  drivers/thermal/intel/int340x_thermal/int3401_thermal.o - due to target missing
  LD [M]  drivers/media/usb/uvc/uvcvideo.o - due to target missing
  AR      drivers/media/test-drivers/built-in.a - due to target missing
  CC [M]  drivers/media/mc/mc-device.o - due to target missing
  CC [M]  drivers/thermal/intel/int340x_thermal/processor_thermal_device_pci_legacy.o - due to target missing
  CC [M]  drivers/thermal/intel/int340x_thermal/processor_thermal_device_pci.o - due to target missing
  CC [M]  drivers/md/dm-table.o - due to target missing
  CC [M]  drivers/media/mc/mc-devnode.o - due to target missing
  CC [M]  drivers/thermal/intel/int340x_thermal/processor_thermal_rapl.o - due to target missing
  CC      drivers/gpu/drm/drm_displayid.o - due to target missing
  CC [M]  drivers/media/mc/mc-entity.o - due to target missing
  CC      drivers/gpu/drm/drm_trace_points.o - due to target missing
  CC [M]  drivers/thermal/intel/int340x_thermal/processor_thermal_rfim.o - due to target missing
  CC      drivers/gpu/drm/drm_prime.o - due to target missing
  CC [M]  drivers/md/dm-target.o - due to target missing
  CC [M]  drivers/media/mc/mc-request.o - due to target missing
  CC [M]  drivers/thermal/intel/int340x_thermal/processor_thermal_mbox.o - due to target missing
  CC [M]  drivers/md/dm-linear.o - due to target missing
  CC      drivers/gpu/drm/drm_vma_manager.o - due to target missing
  CC [M]  drivers/media/mc/mc-dev-allocator.o - due to target missing
  CC [M]  drivers/thermal/intel/int340x_thermal/acpi_thermal_rel.o - due to target missing
  CC [M]  drivers/md/dm-stripe.o - due to target missing
  CC      drivers/gpu/drm/drm_modeset_lock.o - due to target missing
  CC [M]  drivers/md/dm-ioctl.o - due to target missing
  LD [M]  drivers/media/mc/mc.o - due to target missing
  CC [M]  drivers/media/v4l2-core/v4l2-dv-timings.o - due to target missing
  CC      drivers/thermal/intel/therm_throt.o - due to target missing
  CC      drivers/gpu/drm/drm_atomic.o - due to target missing
  CC [M]  drivers/media/v4l2-core/v4l2-dev.o - due to target missing
  CC [M]  drivers/thermal/intel/intel_powerclamp.o - due to target missing
  CC [M]  drivers/md/dm-io.o - due to target missing
  CC [M]  drivers/thermal/intel/x86_pkg_temp_thermal.o - due to target missing
  CC      drivers/gpu/drm/drm_bridge.o - due to target missing
  CC [M]  drivers/thermal/intel/intel_soc_dts_iosf.o - due to target missing
  CC [M]  drivers/md/dm-kcopyd.o - due to target missing
  CC [M]  drivers/media/v4l2-core/v4l2-ioctl.o - due to target missing
  CC      drivers/gpu/drm/drm_framebuffer.o - due to target missing
  CC [M]  drivers/thermal/intel/intel_pch_thermal.o - due to target missing
  CC [M]  drivers/md/dm-sysfs.o - due to target missing
  AR      drivers/thermal/intel/built-in.a - due to target missing
  AR      drivers/thermal/st/built-in.a - due to target missing
  AR      drivers/thermal/qcom/built-in.a - due to target missing
  AR      drivers/thermal/tegra/built-in.a - due to target missing
  CC      drivers/thermal/thermal_core.o - due to target missing
  CC      drivers/gpu/drm/drm_connector.o - due to target missing
  CC [M]  drivers/md/dm-stats.o - due to target missing
  CC [M]  drivers/media/v4l2-core/v4l2-device.o - due to target missing
  CC      drivers/thermal/thermal_sysfs.o - due to target missing
  CC [M]  drivers/md/dm-rq.o - due to target missing
  CC      drivers/gpu/drm/drm_blend.o - due to target missing
  CC      drivers/thermal/thermal_helpers.o - due to target missing
  CC [M]  drivers/media/v4l2-core/v4l2-fh.o - due to target missing
  CC [M]  drivers/md/dm-io-rewind.o - due to target missing
  CC      drivers/thermal/thermal_netlink.o - due to target missing
  CC      drivers/gpu/drm/drm_encoder.o - due to target missing
  AR      drivers/md/built-in.a - due to target missing
  LD [M]  drivers/md/dm-mod.o - due to target missing
  CC [M]  drivers/media/v4l2-core/v4l2-event.o - due to target missing
  CC      drivers/cpufreq/cpufreq.o - due to target missing
  CC      drivers/gpu/drm/drm_mode_object.o - due to target missing
  CC      drivers/thermal/thermal_hwmon.o - due to target missing
  CC [M]  drivers/media/v4l2-core/v4l2-subdev.o - due to target missing
  CC      drivers/thermal/gov_step_wise.o - due to target missing
  CC      drivers/gpu/drm/drm_property.o - due to target missing
  CC      drivers/thermal/gov_user_space.o - due to target missing
  CC      drivers/cpufreq/freq_table.o - due to target missing
  AR      drivers/thermal/built-in.a - due to target missing
  AR      drivers/media/built-in.a - due to target missing
  CC      drivers/gpu/drm/drm_plane.o - due to target missing
  CC [M]  drivers/media/v4l2-core/v4l2-common.o - due to target missing
  CC      drivers/cpuidle/governors/menu.o - due to target missing
  CC      drivers/cpufreq/cpufreq_performance.o - due to target missing
  CC      drivers/cpufreq/cpufreq_powersave.o - due to target missing
  CC      drivers/cpuidle/governors/teo.o - due to target missing
  CC [M]  drivers/media/v4l2-core/v4l2-ctrls-core.o - due to target missing
  CC      drivers/gpu/drm/drm_color_mgmt.o - due to target missing
  CC      drivers/cpufreq/cpufreq_governor_attr_set.o - due to target missing
  AR      drivers/cpuidle/governors/built-in.a - due to target missing
  CC      drivers/cpuidle/cpuidle.o - due to target missing
  CC      drivers/cpufreq/intel_pstate.o - due to target missing
  CC      drivers/gpu/drm/drm_print.o - due to target missing
  CC      drivers/cpuidle/driver.o - due to target missing
  CC [M]  drivers/media/v4l2-core/v4l2-ctrls-api.o - due to target missing
  CC      drivers/gpu/drm/drm_dumb_buffers.o - due to target missing
  AR      drivers/cpufreq/built-in.a - due to target missing
  CC      drivers/cpuidle/governor.o - due to target missing
  CC      drivers/cpuidle/sysfs.o - due to target missing
  CC      drivers/gpu/drm/drm_mode_config.o - due to target missing
  CC [M]  drivers/media/v4l2-core/v4l2-ctrls-request.o - due to target missing
  CC      drivers/cpuidle/poll_state.o - due to target missing
  AR      drivers/cpuidle/built-in.a - due to target missing
  CC      drivers/gpu/drm/drm_vblank.o - due to target missing
  AR      drivers/mmc/host/built-in.a - due to target missing
  CC [M]  drivers/mmc/host/rtsx_pci_sdmmc.o - due to target missing
  CC [M]  drivers/media/v4l2-core/v4l2-ctrls-defs.o - due to target missing
  CC [M]  drivers/mmc/core/core.o - due to target missing
  AR      drivers/mmc/built-in.a - due to target missing
  AR      drivers/ufs/built-in.a - due to target missing
  CC [M]  drivers/mmc/core/bus.o - due to target missing
  CC      drivers/gpu/drm/drm_syncobj.o - due to target missing
  CC [M]  drivers/media/v4l2-core/v4l2-compat-ioctl32.o - due to target missing
  AR      drivers/leds/trigger/built-in.a - due to target missing
  AR      drivers/leds/blink/built-in.a - due to target missing
  AR      drivers/leds/simple/built-in.a - due to target missing
  CC      drivers/leds/led-core.o - due to target missing
  CC [M]  drivers/mmc/core/host.o - due to target missing
  CC      drivers/leds/led-class.o - due to target missing
  CC      drivers/gpu/drm/drm_lease.o - due to target missing
  CC [M]  drivers/media/v4l2-core/v4l2-mc.o - due to target missing
  CC [M]  drivers/mmc/core/mmc.o - due to target missing
  CC      drivers/leds/led-triggers.o - due to target missing
  CC      drivers/gpu/drm/drm_writeback.o - due to target missing
  CC [M]  drivers/media/v4l2-core/v4l2-i2c.o - due to target missing
  AR      drivers/leds/built-in.a - due to target missing
  CC [M]  drivers/mmc/core/mmc_ops.o - due to target missing
  AR      drivers/firmware/arm_ffa/built-in.a - due to target missing
  CC      drivers/gpu/drm/drm_client.o - due to target missing
  AR      drivers/firmware/arm_scmi/built-in.a - due to target missing
  AR      drivers/firmware/broadcom/built-in.a - due to target missing
  AR      drivers/firmware/cirrus/built-in.a - due to target missing
  AR      drivers/firmware/meson/built-in.a - due to target missing
  CC      drivers/firmware/efi/libstub/efi-stub-helper.o - due to target missing
  LD [M]  drivers/media/v4l2-core/videodev.o - due to target missing
  CC      drivers/firmware/efi/libstub/gop.o - due to target missing
  AR      drivers/firmware/imx/built-in.a - due to target missing
  CC      drivers/firmware/efi/efi-bgrt.o - due to target missing
  CC      drivers/gpu/drm/drm_client_modeset.o - due to target missing
  CC [M]  drivers/mmc/core/sd.o - due to target missing
  CC      drivers/firmware/efi/libstub/secureboot.o - due to target missing
  CC [M]  drivers/mmc/core/sd_ops.o - due to target missing
  CC      drivers/firmware/efi/libstub/tpm.o - due to target missing
  AR      drivers/crypto/xilinx/built-in.a - due to target missing
  AR      drivers/crypto/hisilicon/built-in.a - due to target missing
  AR      drivers/crypto/keembay/built-in.a - due to target missing
  AR      drivers/crypto/built-in.a - due to target missing
  CC      drivers/firmware/efi/efi.o - due to target missing
  CC [M]  drivers/mmc/core/sdio.o - due to target missing
  CC      drivers/gpu/drm/drm_atomic_uapi.o - due to target missing
  CC      drivers/firmware/efi/libstub/file.o - due to target missing
  CC      drivers/firmware/efi/libstub/mem.o - due to target missing
  CC [M]  drivers/mmc/core/sdio_ops.o - due to target missing
  AR      drivers/firmware/psci/built-in.a - due to target missing
  CC      drivers/firmware/efi/libstub/random.o - due to target missing
  CC      drivers/clocksource/acpi_pm.o - due to target missing
  CC      drivers/gpu/drm/drm_managed.o - due to target missing
  CC [M]  drivers/mmc/core/sdio_bus.o - due to target missing
  CC      drivers/firmware/efi/libstub/randomalloc.o - due to target missing
  CC      drivers/clocksource/i8253.o - due to target missing
  CC      drivers/firmware/efi/libstub/pci.o - due to target missing
  CC      drivers/gpu/drm/drm_vblank_work.o - due to target missing
  AR      drivers/clocksource/built-in.a - due to target missing
  CC      drivers/firmware/efi/vars.o - due to target missing
  CC [M]  drivers/mmc/core/sdio_cis.o - due to target missing
  CC      drivers/firmware/efi/libstub/skip_spaces.o - due to target missing
  CC      drivers/firmware/efi/libstub/lib-cmdline.o - due to target missing
  CC      drivers/firmware/efi/libstub/lib-ctype.o - due to target missing
  CC      drivers/firmware/efi/libstub/alignedmem.o - due to target missing
  CC [M]  drivers/mmc/core/sdio_io.o - due to target missing
  AR      drivers/firmware/smccc/built-in.a - due to target missing
  CC      drivers/hid/usbhid/hid-core.o - due to target missing
  CC      drivers/gpu/drm/drm_ioc32.o - due to target missing
  CC      drivers/firmware/efi/libstub/relocate.o - due to target missing
  CC      drivers/firmware/efi/libstub/vsprintf.o - due to target missing
  CC [M]  drivers/mmc/core/sdio_irq.o - due to target missing
  CC      drivers/gpu/drm/drm_panel.o - due to target missing
  CC      drivers/firmware/efi/libstub/x86-stub.o - due to target missing
  CC      drivers/hid/usbhid/hid-pidff.o - due to target missing
  CC      drivers/firmware/efi/libstub/x86-5lvl.o - due to target missing
  CC [M]  drivers/mmc/core/slot-gpio.o - due to target missing
  CC      drivers/gpu/drm/drm_pci.o - due to target missing
  AR      drivers/hid/usbhid/built-in.a - due to target missing
  CC      drivers/hid/hid-core.o - due to target missing
  STUBCPY drivers/firmware/efi/libstub/alignedmem.stub.o - due to target missing
  STUBCPY drivers/firmware/efi/libstub/efi-stub-helper.stub.o - due to target missing
  STUBCPY drivers/firmware/efi/libstub/file.stub.o - due to target missing
  STUBCPY drivers/firmware/efi/libstub/gop.stub.o - due to target missing
  STUBCPY drivers/firmware/efi/libstub/lib-cmdline.stub.o - due to target missing
  STUBCPY drivers/firmware/efi/libstub/lib-ctype.stub.o - due to target missing
  STUBCPY drivers/firmware/efi/libstub/mem.stub.o - due to target missing
  STUBCPY drivers/firmware/efi/libstub/pci.stub.o - due to target missing
  STUBCPY drivers/firmware/efi/libstub/random.stub.o - due to target missing
  STUBCPY drivers/firmware/efi/libstub/randomalloc.stub.o - due to target missing
  STUBCPY drivers/firmware/efi/libstub/relocate.stub.o - due to target missing
  STUBCPY drivers/firmware/efi/libstub/secureboot.stub.o - due to target missing
  STUBCPY drivers/firmware/efi/libstub/skip_spaces.stub.o - due to target missing
  STUBCPY drivers/firmware/efi/libstub/tpm.stub.o - due to target missing
  STUBCPY drivers/firmware/efi/libstub/vsprintf.stub.o - due to target missing
  STUBCPY drivers/firmware/efi/libstub/x86-5lvl.stub.o - due to target missing
  STUBCPY drivers/firmware/efi/libstub/x86-stub.stub.o - due to target missing
  CC      drivers/gpu/drm/drm_debugfs.o - due to target missing
  AR      drivers/firmware/efi/libstub/lib.a - due to target missing
  CC      drivers/firmware/efi/reboot.o - due to target missing
  CC [M]  drivers/mmc/core/regulator.o - due to target missing
  CC      drivers/firmware/efi/memattr.o - due to target missing
  CC      drivers/firmware/efi/tpm.o - due to target missing
  CC      drivers/gpu/drm/drm_debugfs_crc.o - due to target missing
  CC [M]  drivers/mmc/core/debugfs.o - due to target missing
  CC      drivers/hid/hid-input.o - due to target missing
  CC [M]  drivers/mmc/core/block.o - due to target missing
  CC      drivers/firmware/efi/memmap.o - due to target missing
  CC      drivers/gpu/drm/drm_nomodeset.o - due to target missing
  CC      drivers/firmware/efi/esrt.o - due to target missing
  CC      drivers/gpu/drm/drm_panel_orientation_quirks.o - due to target missing
  CC [M]  drivers/mmc/core/queue.o - due to target missing
  CC      drivers/firmware/efi/runtime-map.o - due to target missing
  CC      drivers/hid/hid-quirks.o - due to target missing
  CC      drivers/gpu/drm/drm_buddy.o - due to target missing
  CC      drivers/firmware/efi/runtime-wrappers.o - due to target missing
  LD [M]  drivers/mmc/core/mmc_core.o - due to target missing
  LD [M]  drivers/mmc/core/mmc_block.o - due to target missing
  CC      drivers/hid/hid-debug.o - due to target missing
  AR      drivers/firmware/tegra/built-in.a - due to target missing
  CC      drivers/gpu/drm/drm_bridge_connector.o - due to target missing
  CC      drivers/firmware/efi/sysfb_efi.o - due to target missing
  AR      drivers/platform/x86/amd/built-in.a - due to target missing
  AR      drivers/platform/x86/intel/built-in.a - due to target missing
  CC      drivers/platform/x86/wmi.o - due to target missing
  CC      drivers/hid/hidraw.o - due to target missing
  CC      drivers/gpu/drm/drm_crtc_helper.o - due to target missing
  CC      drivers/firmware/efi/earlycon.o - due to target missing
  CC      drivers/platform/x86/wmi-bmof.o - due to target missing
  AR      drivers/firmware/efi/built-in.a - due to target missing
  AR      drivers/firmware/xilinx/built-in.a - due to target missing
  CC      drivers/hid/hid-generic.o - due to target missing
  CC      drivers/firmware/dmi_scan.o - due to target missing
  CC      drivers/platform/x86/p2sb.o - due to target missing
  AR      drivers/hid/built-in.a - due to target missing
  CC      drivers/platform/x86/pmc_atom.o - due to target missing
  CC      drivers/gpu/drm/drm_encoder_slave.o - due to target missing
  CC      drivers/mailbox/mailbox.o - due to target missing
  CC      drivers/firmware/dmi-id.o - due to target missing
  AR      drivers/platform/x86/built-in.a - due to target missing
  AR      drivers/platform/built-in.a - due to target missing
  CC      drivers/gpu/drm/drm_flip_work.o - due to target missing
  CC      drivers/firmware/memmap.o - due to target missing
  CC      drivers/gpu/drm/drm_probe_helper.o - due to target missing
  CC      drivers/mailbox/pcc.o - due to target missing
  CC      drivers/firmware/sysfb.o - due to target missing
  CC      drivers/powercap/powercap_sys.o - due to target missing
  AR      drivers/mailbox/built-in.a - due to target missing
  CC      drivers/gpu/drm/drm_plane_helper.o - due to target missing
  AR      drivers/perf/built-in.a - due to target missing
  CC      drivers/firmware/sysfb_simplefb.o - due to target missing
  CC      drivers/powercap/idle_inject.o - due to target missing
  CC      drivers/gpu/drm/drm_atomic_helper.o - due to target missing
  CC [M]  drivers/powercap/intel_rapl_common.o - due to target missing
  AR      drivers/firmware/built-in.a - due to target missing
  CC      drivers/gpu/drm/drm_kms_helper_common.o - due to target missing
  AR      drivers/hwtracing/intel_th/built-in.a - due to target missing
  CC      drivers/gpu/drm/drm_simple_kms_helper.o - due to target missing
  AR      drivers/powercap/built-in.a - due to target missing
  AR      drivers/android/built-in.a - due to target missing
  CC      drivers/gpu/drm/drm_modeset_helper.o - due to target missing
  CC      drivers/nvmem/core.o - due to target missing
  CC [M]  drivers/bluetooth/hci_ldisc.o - due to target missing
  CC [M]  drivers/bluetooth/hci_h4.o - due to target missing
  CC      drivers/gpu/drm/drm_gem_atomic_helper.o - due to target missing
  AR      drivers/nvmem/built-in.a - due to target missing
  CC [M]  drivers/bluetooth/hci_intel.o - due to target missing
  CC      drivers/gpu/drm/drm_gem_framebuffer_helper.o - due to target missing
  CC [M]  drivers/bluetooth/btusb.o - due to target missing
  CC      drivers/gpu/drm/drm_atomic_state_helper.o - due to target missing
  CC [M]  drivers/bluetooth/btintel.o - due to target missing
  CC      drivers/gpu/drm/drm_damage_helper.o - due to target missing
  CC      drivers/gpu/drm/drm_format_helper.o - due to target missing
  LD [M]  drivers/bluetooth/hci_uart.o - due to target missing
  CC      drivers/gpu/drm/drm_self_refresh_helper.o - due to target missing
  CC      drivers/gpu/drm/drm_rect.o - due to target missing
  CC      drivers/gpu/drm/bridge/panel.o - due to target missing
  CC      drivers/gpu/drm/drm_fb_helper.o - due to target missing
  CC      drivers/gpu/drm/drm_mipi_dsi.o - due to target missing
  CC [M]  drivers/gpu/drm/drm_gem_shmem_helper.o - due to target missing
  LD [M]  drivers/gpu/drm/drm_shmem_helper.o - due to target missing
  AR      drivers/gpu/drm/built-in.a - due to target missing
  AR      drivers/gpu/built-in.a - due to target missing
  AR      drivers/built-in.a - due to target missing
  AR      built-in.a - due to target missing
  AR      vmlinux.a - due to target missing
  LD      vmlinux.o - due to target missing
  OBJCOPY modules.builtin.modinfo - due to target missing
  GEN     modules.builtin - due to target missing
  GEN     .vmlinux.objs - due to target missing
  MODPOST Module.symvers - due to target missing
  CC      .vmlinux.export.o - due to target missing
  CC [M]  arch/x86/kvm/kvm-intel.mod.o - due to target missing
  CC [M]  arch/x86/kvm/kvm.mod.o - due to target missing
  CC [M]  crypto/lz4.mod.o - due to target missing
  UPD     include/generated/utsversion.h
  CC      init/version-timestamp.o - due to target missing
  CC [M]  crypto/lzo-rle.mod.o - due to target missing
  CC [M]  crypto/lzo.mod.o - due to target missing
  CC [M]  crypto/sha3_generic.mod.o - due to target missing
  LD      .tmp_vmlinux.kallsyms1
  CC [M]  drivers/block/brd.mod.o - due to target missing
  CC [M]  drivers/block/virtio_blk.mod.o - due to target missing
  CC [M]  drivers/block/zram/zram.mod.o - due to target missing
  CC [M]  drivers/bluetooth/btintel.mod.o - due to target missing
  CC [M]  drivers/bluetooth/btusb.mod.o - due to target missing
  CC [M]  drivers/bluetooth/hci_uart.mod.o - due to target missing
  CC [M]  drivers/cdrom/cdrom.mod.o - due to target missing
  CC [M]  drivers/char/hw_random/virtio-rng.mod.o - due to target missing
  CC [M]  drivers/char/nvram.mod.o - due to target missing
  CC [M]  drivers/char/virtio_console.mod.o - due to target missing
  CC [M]  drivers/gpu/drm/drm_shmem_helper.mod.o - due to target missing
  CC [M]  drivers/gpu/drm/virtio/virtio-gpu.mod.o - due to target missing
  CC [M]  drivers/i2c/busses/i2c-i801.mod.o - due to target missing
  CC [M]  drivers/i2c/i2c-dev.mod.o - due to target missing
  CC [M]  drivers/i2c/i2c-mux.mod.o - due to target missing
  CC [M]  drivers/i2c/i2c-smbus.mod.o - due to target missing
  CC [M]  drivers/input/misc/uinput.mod.o - due to target missing
  CC [M]  drivers/input/mousedev.mod.o - due to target missing
  CC [M]  drivers/md/dm-mod.mod.o - due to target missing
  CC [M]  drivers/media/common/videobuf2/videobuf2-common.mod.o - due to target missing
  CC [M]  drivers/media/common/videobuf2/videobuf2-memops.mod.o - due to target missing
  CC [M]  drivers/media/common/videobuf2/videobuf2-v4l2.mod.o - due to target missing
  CC [M]  drivers/media/common/videobuf2/videobuf2-vmalloc.mod.o - due to target missing
  CC [M]  drivers/media/mc/mc.mod.o - due to target missing
  CC [M]  drivers/media/usb/uvc/uvcvideo.mod.o - due to target missing
  CC [M]  drivers/media/v4l2-core/v4l2-dv-timings.mod.o - due to target missing
  CC [M]  drivers/media/v4l2-core/videodev.mod.o - due to target missing
  CC [M]  drivers/mfd/mfd-core.mod.o - due to target missing
  CC [M]  drivers/misc/cardreader/rtsx_pci.mod.o - due to target missing
  CC [M]  drivers/mmc/core/mmc_block.mod.o - due to target missing
  CC [M]  drivers/mmc/core/mmc_core.mod.o - due to target missing
  CC [M]  drivers/mmc/host/rtsx_pci_sdmmc.mod.o - due to target missing
  CC [M]  drivers/net/ethernet/realtek/r8169.mod.o - due to target missing
  CC [M]  drivers/net/mii.mod.o - due to target missing
  NM      .tmp_vmlinux.kallsyms1.syms
  CC [M]  drivers/net/tun.mod.o - due to target missing
  KSYMS   .tmp_vmlinux.kallsyms1.S
  CC [M]  drivers/net/usb/cdc_ether.mod.o - due to target missing
  CC [M]  drivers/net/usb/cdc_mbim.mod.o - due to target missing
  CC [M]  drivers/net/usb/cdc_ncm.mod.o - due to target missing
  CC [M]  drivers/net/usb/r8153_ecm.mod.o - due to target missing
  CC [M]  drivers/net/usb/rndis_host.mod.o - due to target missing
  CC [M]  drivers/net/usb/usbnet.mod.o - due to target missing
  AS      .tmp_vmlinux.kallsyms1.o
  CC [M]  drivers/net/virtio_net.mod.o - due to target missing
  CC [M]  drivers/net/wireless/intel/iwlwifi/iwlwifi.mod.o - due to target missing
  CC [M]  drivers/net/wireless/intel/iwlwifi/mvm/iwlmvm.mod.o - due to target missing
  CC [M]  drivers/pinctrl/intel/pinctrl-lynxpoint.mod.o - due to target missing
  CC [M]  drivers/powercap/intel_rapl_common.mod.o - due to target missing
  LD      .tmp_vmlinux.kallsyms2
  CC [M]  drivers/scsi/sg.mod.o - due to target missing
  CC [M]  drivers/scsi/sr_mod.mod.o - due to target missing
  CC [M]  drivers/scsi/virtio_scsi.mod.o - due to target missing
  CC [M]  drivers/thermal/intel/int340x_thermal/acpi_thermal_rel.mod.o - due to target missing
  CC [M]  drivers/thermal/intel/int340x_thermal/int3400_thermal.mod.o - due to target missing
  CC [M]  drivers/thermal/intel/int340x_thermal/int3401_thermal.mod.o - due to target missing
  CC [M]  drivers/thermal/intel/int340x_thermal/int3402_thermal.mod.o - due to target missing
  CC [M]  drivers/thermal/intel/int340x_thermal/int3403_thermal.mod.o - due to target missing
  CC [M]  drivers/thermal/intel/int340x_thermal/int340x_thermal_zone.mod.o - due to target missing
  CC [M]  drivers/thermal/intel/int340x_thermal/processor_thermal_device.mod.o - due to target missing
  CC [M]  drivers/thermal/intel/int340x_thermal/processor_thermal_device_pci.mod.o - due to target missing
  CC [M]  drivers/thermal/intel/int340x_thermal/processor_thermal_device_pci_legacy.mod.o - due to target missing
  CC [M]  drivers/thermal/intel/int340x_thermal/processor_thermal_mbox.mod.o - due to target missing
  CC [M]  drivers/thermal/intel/int340x_thermal/processor_thermal_rapl.mod.o - due to target missing
  CC [M]  drivers/thermal/intel/int340x_thermal/processor_thermal_rfim.mod.o - due to target missing
  CC [M]  drivers/thermal/intel/intel_pch_thermal.mod.o - due to target missing
  CC [M]  drivers/thermal/intel/intel_powerclamp.mod.o - due to target missing
  CC [M]  drivers/thermal/intel/intel_soc_dts_iosf.mod.o - due to target missing
  CC [M]  drivers/thermal/intel/x86_pkg_temp_thermal.mod.o - due to target missing
  CC [M]  drivers/usb/class/cdc-wdm.mod.o - due to target missing
  CC [M]  drivers/usb/class/usblp.mod.o - due to target missing
  CC [M]  drivers/virtio/virtio.mod.o - due to target missing
  CC [M]  drivers/virtio/virtio_dma_buf.mod.o - due to target missing
  CC [M]  drivers/virtio/virtio_input.mod.o - due to target missing
  CC [M]  drivers/virtio/virtio_pci.mod.o - due to target missing
  CC [M]  drivers/virtio/virtio_pci_legacy_dev.mod.o - due to target missing
  CC [M]  drivers/virtio/virtio_pci_modern_dev.mod.o - due to target missing
  CC [M]  drivers/virtio/virtio_ring.mod.o - due to target missing
  CC [M]  fs/efivarfs/efivarfs.mod.o - due to target missing
  CC [M]  fs/erofs/erofs.mod.o - due to target missing
  CC [M]  fs/exfat/exfat.mod.o - due to target missing
  CC [M]  fs/ext4/ext4.mod.o - due to target missing
  CC [M]  fs/f2fs/f2fs.mod.o - due to target missing
  CC [M]  fs/fat/fat.mod.o - due to target missing
  NM      .tmp_vmlinux.kallsyms2.syms
  CC [M]  fs/fat/vfat.mod.o - due to target missing
  KSYMS   .tmp_vmlinux.kallsyms2.S
  CC [M]  fs/fuse/cuse.mod.o - due to target missing
  CC [M]  fs/fuse/fuse.mod.o - due to target missing
  CC [M]  fs/fuse/virtiofs.mod.o - due to target missing
  CC [M]  fs/hfsplus/hfsplus.mod.o - due to target missing
  CC [M]  fs/isofs/isofs.mod.o - due to target missing
  CC [M]  fs/jbd2/jbd2.mod.o - due to target missing
  AS      .tmp_vmlinux.kallsyms2.o
  CC [M]  fs/lockd/lockd.mod.o - due to target missing
  CC [M]  fs/mbcache.mod.o - due to target missing
  CC [M]  fs/nfs/blocklayout/blocklayoutdriver.mod.o - due to target missing
  CC [M]  fs/nfs/filelayout/nfs_layout_nfsv41_files.mod.o - due to target missing
  CC [M]  fs/nfs/flexfilelayout/nfs_layout_flexfiles.mod.o - due to target missing
  LD      vmlinux
  CC [M]  fs/nfs/nfs.mod.o - due to target missing
  CC [M]  fs/nfs/nfsv3.mod.o - due to target missing
  CC [M]  fs/nfs/nfsv4.mod.o - due to target missing
  CC [M]  fs/nfs_common/grace.mod.o - due to target missing
  CC [M]  fs/nfs_common/nfs_acl.mod.o - due to target missing
  CC [M]  fs/nls/nls_ascii.mod.o - due to target missing
  CC [M]  fs/nls/nls_cp437.mod.o - due to target missing
  CC [M]  fs/ntfs3/ntfs3.mod.o - due to target missing
  CC [M]  fs/overlayfs/overlay.mod.o - due to target missing
  CC [M]  fs/smb/client/cifs.mod.o - due to target missing
  CC [M]  fs/smb/common/cifs_arc4.mod.o - due to target missing
  CC [M]  fs/smb/common/cifs_md4.mod.o - due to target missing
  CC [M]  fs/squashfs/squashfs.mod.o - due to target missing
  CC [M]  fs/udf/udf.mod.o - due to target missing
  CC [M]  fs/ufs/ufs.mod.o - due to target missing
  CC [M]  fs/xfs/xfs.mod.o - due to target missing
  CC [M]  lib/crc-itu-t.mod.o - due to target missing
  CC [M]  lib/crypto/libarc4.mod.o - due to target missing
  CC [M]  lib/lz4/lz4_compress.mod.o - due to target missing
  CC [M]  net/8021q/8021q.mod.o - due to target missing
  CC [M]  net/bluetooth/bluetooth.mod.o - due to target missing
  CC [M]  net/bluetooth/bnep/bnep.mod.o - due to target missing
  CC [M]  net/bluetooth/hidp/hidp.mod.o - due to target missing
  CC [M]  net/bluetooth/rfcomm/rfcomm.mod.o - due to target missing
  CC [M]  net/ipv4/ip_tunnel.mod.o - due to target missing
  CC [M]  net/ipv4/netfilter/ip_tables.mod.o - due to target missing
  CC [M]  net/ipv4/netfilter/ipt_REJECT.mod.o - due to target missing
  CC [M]  net/ipv4/netfilter/iptable_filter.mod.o - due to target missing
  CC [M]  net/ipv4/netfilter/iptable_nat.mod.o - due to target missing
  CC [M]  net/ipv4/netfilter/nf_defrag_ipv4.mod.o - due to target missing
  CC [M]  net/ipv4/netfilter/nf_reject_ipv4.mod.o - due to target missing
  CC [M]  net/ipv4/netfilter/nf_tproxy_ipv4.mod.o - due to target missing
  CC [M]  net/ipv4/netfilter/nft_fib_ipv4.mod.o - due to target missing
  CC [M]  net/ipv4/netfilter/nft_reject_ipv4.mod.o - due to target missing
  NM      System.map
  CC [M]  net/ipv4/tunnel4.mod.o - due to target missing
  SORTTAB vmlinux
  CC [M]  net/ipv6/ip6_tunnel.mod.o - due to target missing
  CC [M]  net/ipv6/netfilter/ip6_tables.mod.o - due to target missing
  CC      arch/x86/boot/a20.o - due to target missing
  AS      arch/x86/boot/bioscall.o - due to target missing
  CC [M]  net/ipv6/netfilter/ip6t_REJECT.mod.o - due to target missing
  CC      arch/x86/boot/cmdline.o - due to target missing
  CC [M]  net/ipv6/netfilter/ip6table_filter.mod.o - due to target missing
  AS      arch/x86/boot/copy.o - due to target missing
  CC [M]  net/ipv6/netfilter/nf_defrag_ipv6.mod.o - due to target missing
  HOSTCC  arch/x86/boot/mkcpustr - due to target missing
  CC      arch/x86/boot/cpuflags.o - due to target missing
  CC [M]  net/ipv6/netfilter/nf_tproxy_ipv6.mod.o - due to target missing
  CC      arch/x86/boot/cpucheck.o - due to target missing
  CC [M]  net/ipv6/netfilter/nft_fib_ipv6.mod.o - due to target missing
  CC      arch/x86/boot/early_serial_console.o - due to target missing
  CC [M]  net/ipv6/netfilter/nft_reject_ipv6.mod.o - due to target missing
  CC      arch/x86/boot/edd.o - due to target missing
  CC      arch/x86/boot/main.o - due to target missing
  CC      arch/x86/boot/memory.o - due to target missing
  LDS     arch/x86/boot/compressed/vmlinux.lds - due to target missing
  AS      arch/x86/boot/compressed/kernel_info.o - due to target missing
  CC [M]  net/ipv6/sit.mod.o - due to target missing
  AS      arch/x86/boot/compressed/head_64.o - due to target missing
  CC      arch/x86/boot/pm.o - due to target missing
  CC [M]  net/ipv6/tunnel6.mod.o - due to target missing
  VOFFSET arch/x86/boot/compressed/../voffset.h - due to target missing
  CC [M]  net/mac80211/mac80211.mod.o - due to target missing
  CC      arch/x86/boot/compressed/string.o - due to target missing
  AS      arch/x86/boot/pmjump.o - due to target missing
  CC      arch/x86/boot/compressed/cmdline.o - due to target missing
  CC      arch/x86/boot/printf.o - due to target missing
  CC [M]  net/netfilter/nf_conntrack.mod.o - due to target missing
  CC      arch/x86/boot/regs.o - due to target missing
  CC      arch/x86/boot/compressed/error.o - due to target missing
  OBJCOPY arch/x86/boot/compressed/vmlinux.bin - due to target missing
  CC [M]  net/netfilter/nf_conntrack_ftp.mod.o - due to target missing
  CC      arch/x86/boot/string.o - due to target missing
  RELOCS  arch/x86/boot/compressed/vmlinux.relocs - due to target missing
  CC      arch/x86/boot/tty.o - due to target missing
  CC [M]  net/netfilter/nf_conntrack_netlink.mod.o - due to target missing
  HOSTCC  arch/x86/boot/compressed/mkpiggy - due to target missing
  CC      arch/x86/boot/video.o - due to target missing
  CC      arch/x86/boot/compressed/cpuflags.o - due to target missing
  CC [M]  net/netfilter/nf_log_syslog.mod.o - due to target missing
  CC      arch/x86/boot/compressed/early_serial_console.o - due to target missing
  CC [M]  net/netfilter/nf_nat.mod.o - due to target missing
  CC      arch/x86/boot/compressed/kaslr.o - due to target missing
  CC      arch/x86/boot/video-mode.o - due to target missing
  CC [M]  net/netfilter/nf_nat_ftp.mod.o - due to target missing
  CC [M]  net/netfilter/nf_tables.mod.o - due to target missing
  CC      arch/x86/boot/version.o - due to target missing
  CC [M]  net/netfilter/nfnetlink.mod.o - due to target missing
  CC      arch/x86/boot/compressed/ident_map_64.o - due to target missing
  CC      arch/x86/boot/video-vga.o - due to target missing
  CC [M]  net/netfilter/nfnetlink_log.mod.o - due to target missing
  CC      arch/x86/boot/compressed/idt_64.o - due to target missing
  CC [M]  net/netfilter/nft_chain_nat.mod.o - due to target missing
  AS      arch/x86/boot/compressed/idt_handlers_64.o - due to target missing
  CC [M]  net/netfilter/nft_ct.mod.o - due to target missing
  CC      arch/x86/boot/video-vesa.o - due to target missing
  CC      arch/x86/boot/video-bios.o - due to target missing
  CC      arch/x86/boot/compressed/pgtable_64.o - due to target missing
  CC      arch/x86/boot/compressed/acpi.o - due to target missing
  CC      arch/x86/boot/compressed/efi.o - due to target missing
  CC [M]  net/netfilter/nft_fib.mod.o - due to target missing
  HOSTCC  arch/x86/boot/tools/build - due to target missing
  CC      arch/x86/boot/compressed/misc.o - due to target missing
  CC [M]  net/netfilter/nft_limit.mod.o - due to target missing
  CPUSTR  arch/x86/boot/cpustr.h - due to target missing
  ZSTD22  arch/x86/boot/compressed/vmlinux.bin.zst - due to target missing
  CC      arch/x86/boot/cpu.o - due to target missing
  CC [M]  net/netfilter/nft_log.mod.o - due to target missing
  CC [M]  net/netfilter/nft_masq.mod.o - due to target missing
  CC [M]  net/netfilter/nft_nat.mod.o - due to target missing
  CC [M]  net/netfilter/nft_redir.mod.o - due to target missing
  CC [M]  net/netfilter/nft_reject.mod.o - due to target missing
  CC [M]  net/netfilter/nft_reject_inet.mod.o - due to target missing
  CC [M]  net/netfilter/nft_tproxy.mod.o - due to target missing
  CC [M]  net/netfilter/x_tables.mod.o - due to target missing
  CC [M]  net/netfilter/xt_MASQUERADE.mod.o - due to target missing
  CC [M]  net/netfilter/xt_TCPMSS.mod.o - due to target missing
  CC [M]  net/netfilter/xt_addrtype.mod.o - due to target missing
  CC [M]  net/netfilter/xt_conntrack.mod.o - due to target missing
  CC [M]  net/netfilter/xt_nat.mod.o - due to target missing
  CC [M]  net/netfilter/xt_state.mod.o - due to target missing
  CC [M]  net/netfilter/xt_tcpudp.mod.o - due to target missing
  CC [M]  net/sched/cls_cgroup.mod.o - due to target missing
  CC [M]  net/sched/sch_cake.mod.o - due to target missing
  CC [M]  net/sched/sch_fq.mod.o - due to target missing
  CC [M]  net/sched/sch_fq_codel.mod.o - due to target missing
  CC [M]  net/sched/sch_ingress.mod.o - due to target missing
  CC [M]  net/sched/sch_tbf.mod.o - due to target missing
  CC [M]  net/sunrpc/auth_gss/auth_rpcgss.mod.o - due to target missing
  CC [M]  net/sunrpc/sunrpc.mod.o - due to target missing
  CC [M]  net/wireless/cfg80211.mod.o - due to target missing
  CC [M]  sound/core/seq/snd-seq.mod.o - due to target missing
  CC [M]  sound/core/snd-hrtimer.mod.o - due to target missing
  CC [M]  sound/core/snd-hwdep.mod.o - due to target missing
  CC [M]  sound/core/snd-pcm.mod.o - due to target missing
  CC [M]  sound/core/snd-seq-device.mod.o - due to target missing
  CC [M]  sound/core/snd-timer.mod.o - due to target missing
  CC [M]  sound/core/snd.mod.o - due to target missing
  CC [M]  sound/hda/snd-hda-core.mod.o - due to target missing
  CC [M]  sound/hda/snd-intel-dspcfg.mod.o - due to target missing
  CC [M]  sound/hda/snd-intel-sdw-acpi.mod.o - due to target missing
  CC [M]  sound/pci/hda/snd-hda-codec-generic.mod.o - due to target missing
  CC [M]  sound/pci/hda/snd-hda-codec-hdmi.mod.o - due to target missing
  CC [M]  sound/pci/hda/snd-hda-codec-via.mod.o - due to target missing
  CC [M]  sound/pci/hda/snd-hda-codec.mod.o - due to target missing
  CC [M]  sound/pci/hda/snd-hda-intel.mod.o - due to target missing
  CC [M]  sound/soundcore.mod.o - due to target missing
  CC [M]  sound/virtio/virtio_snd.mod.o - due to target missing
  CC [M]  virt/lib/irqbypass.mod.o - due to target missing
  LD [M]  arch/x86/kvm/kvm-intel.ko - due to target missing
  LD [M]  arch/x86/kvm/kvm.ko - due to target missing
  LD [M]  crypto/lz4.ko - due to target missing
  LD [M]  crypto/lzo-rle.ko - due to target missing
  LD [M]  crypto/lzo.ko - due to target missing
  LD [M]  crypto/sha3_generic.ko - due to target missing
  LD [M]  drivers/block/brd.ko - due to target missing
  LD [M]  drivers/block/virtio_blk.ko - due to target missing
  LD [M]  drivers/block/zram/zram.ko - due to target missing
  LD [M]  drivers/bluetooth/btintel.ko - due to target missing
  LD [M]  drivers/bluetooth/btusb.ko - due to target missing
  LD [M]  drivers/bluetooth/hci_uart.ko - due to target missing
  LD [M]  drivers/cdrom/cdrom.ko - due to target missing
  LD [M]  drivers/char/hw_random/virtio-rng.ko - due to target missing
  LD [M]  drivers/char/nvram.ko - due to target missing
  LD [M]  drivers/char/virtio_console.ko - due to target missing
  LD [M]  drivers/gpu/drm/drm_shmem_helper.ko - due to target missing
  LD [M]  drivers/gpu/drm/virtio/virtio-gpu.ko - due to target missing
  LD [M]  drivers/i2c/busses/i2c-i801.ko - due to target missing
  LD [M]  drivers/i2c/i2c-dev.ko - due to target missing
  LD [M]  drivers/i2c/i2c-mux.ko - due to target missing
  LD [M]  drivers/i2c/i2c-smbus.ko - due to target missing
  LD [M]  drivers/input/misc/uinput.ko - due to target missing
  LD [M]  drivers/input/mousedev.ko - due to target missing
  LD [M]  drivers/md/dm-mod.ko - due to target missing
  LD [M]  drivers/media/common/videobuf2/videobuf2-common.ko - due to target missing
  LD [M]  drivers/media/common/videobuf2/videobuf2-memops.ko - due to target missing
  LD [M]  drivers/media/common/videobuf2/videobuf2-v4l2.ko - due to target missing
  LD [M]  drivers/media/common/videobuf2/videobuf2-vmalloc.ko - due to target missing
  LD [M]  drivers/media/mc/mc.ko - due to target missing
  LD [M]  drivers/media/usb/uvc/uvcvideo.ko - due to target missing
  LD [M]  drivers/media/v4l2-core/v4l2-dv-timings.ko - due to target missing
  LD [M]  drivers/media/v4l2-core/videodev.ko - due to target missing
  LD [M]  drivers/mfd/mfd-core.ko - due to target missing
  LD [M]  drivers/misc/cardreader/rtsx_pci.ko - due to target missing
  LD [M]  drivers/mmc/core/mmc_block.ko - due to target missing
  LD [M]  drivers/mmc/core/mmc_core.ko - due to target missing
  LD [M]  drivers/mmc/host/rtsx_pci_sdmmc.ko - due to target missing
  LD [M]  drivers/net/ethernet/realtek/r8169.ko - due to target missing
  LD [M]  drivers/net/mii.ko - due to target missing
  LD [M]  drivers/net/tun.ko - due to target missing
  LD [M]  drivers/net/usb/cdc_ether.ko - due to target missing
  LD [M]  drivers/net/usb/cdc_mbim.ko - due to target missing
  LD [M]  drivers/net/usb/cdc_ncm.ko - due to target missing
  LD [M]  drivers/net/usb/r8153_ecm.ko - due to target missing
  LD [M]  drivers/net/usb/rndis_host.ko - due to target missing
  LD [M]  drivers/net/usb/usbnet.ko - due to target missing
  LD [M]  drivers/net/virtio_net.ko - due to target missing
  LD [M]  drivers/net/wireless/intel/iwlwifi/iwlwifi.ko - due to target missing
  LD [M]  drivers/net/wireless/intel/iwlwifi/mvm/iwlmvm.ko - due to target missing
  LD [M]  drivers/pinctrl/intel/pinctrl-lynxpoint.ko - due to target missing
  LD [M]  drivers/powercap/intel_rapl_common.ko - due to target missing
  LD [M]  drivers/scsi/sg.ko - due to target missing
  LD [M]  drivers/scsi/sr_mod.ko - due to target missing
  LD [M]  drivers/scsi/virtio_scsi.ko - due to target missing
  LD [M]  drivers/thermal/intel/int340x_thermal/acpi_thermal_rel.ko - due to target missing
  LD [M]  drivers/thermal/intel/int340x_thermal/int3400_thermal.ko - due to target missing
  LD [M]  drivers/thermal/intel/int340x_thermal/int3401_thermal.ko - due to target missing
  LD [M]  drivers/thermal/intel/int340x_thermal/int3402_thermal.ko - due to target missing
  LD [M]  drivers/thermal/intel/int340x_thermal/int3403_thermal.ko - due to target missing
  LD [M]  drivers/thermal/intel/int340x_thermal/int340x_thermal_zone.ko - due to target missing
  LD [M]  drivers/thermal/intel/int340x_thermal/processor_thermal_device.ko - due to target missing
  LD [M]  drivers/thermal/intel/int340x_thermal/processor_thermal_device_pci.ko - due to target missing
  LD [M]  drivers/thermal/intel/int340x_thermal/processor_thermal_device_pci_legacy.ko - due to target missing
  LD [M]  drivers/thermal/intel/int340x_thermal/processor_thermal_mbox.ko - due to target missing
  LD [M]  drivers/thermal/intel/int340x_thermal/processor_thermal_rapl.ko - due to target missing
  LD [M]  drivers/thermal/intel/int340x_thermal/processor_thermal_rfim.ko - due to target missing
  LD [M]  drivers/thermal/intel/intel_pch_thermal.ko - due to target missing
  LD [M]  drivers/thermal/intel/intel_powerclamp.ko - due to target missing
  LD [M]  drivers/thermal/intel/intel_soc_dts_iosf.ko - due to target missing
  LD [M]  drivers/thermal/intel/x86_pkg_temp_thermal.ko - due to target missing
  LD [M]  drivers/usb/class/cdc-wdm.ko - due to target missing
  LD [M]  drivers/usb/class/usblp.ko - due to target missing
  LD [M]  drivers/virtio/virtio.ko - due to target missing
  LD [M]  drivers/virtio/virtio_dma_buf.ko - due to target missing
  LD [M]  drivers/virtio/virtio_input.ko - due to target missing
  LD [M]  drivers/virtio/virtio_pci.ko - due to target missing
  LD [M]  drivers/virtio/virtio_pci_legacy_dev.ko - due to target missing
  LD [M]  drivers/virtio/virtio_pci_modern_dev.ko - due to target missing
  LD [M]  drivers/virtio/virtio_ring.ko - due to target missing
  LD [M]  fs/efivarfs/efivarfs.ko - due to target missing
  LD [M]  fs/erofs/erofs.ko - due to target missing
  LD [M]  fs/exfat/exfat.ko - due to target missing
  LD [M]  fs/ext4/ext4.ko - due to target missing
  LD [M]  fs/f2fs/f2fs.ko - due to target missing
  LD [M]  fs/fat/fat.ko - due to target missing
  LD [M]  fs/fat/vfat.ko - due to target missing
  LD [M]  fs/fuse/cuse.ko - due to target missing
  LD [M]  fs/fuse/fuse.ko - due to target missing
  LD [M]  fs/fuse/virtiofs.ko - due to target missing
  LD [M]  fs/hfsplus/hfsplus.ko - due to target missing
  LD [M]  fs/isofs/isofs.ko - due to target missing
  LD [M]  fs/jbd2/jbd2.ko - due to target missing
  LD [M]  fs/lockd/lockd.ko - due to target missing
  LD [M]  fs/mbcache.ko - due to target missing
  LD [M]  fs/nfs/blocklayout/blocklayoutdriver.ko - due to target missing
  LD [M]  fs/nfs/filelayout/nfs_layout_nfsv41_files.ko - due to target missing
  LD [M]  fs/nfs/flexfilelayout/nfs_layout_flexfiles.ko - due to target missing
  LD [M]  fs/nfs/nfsv3.ko - due to target missing
  LD [M]  fs/nfs/nfs.ko - due to target missing
  LD [M]  fs/nfs/nfsv4.ko - due to target missing
  LD [M]  fs/nfs_common/grace.ko - due to target missing
  LD [M]  fs/nfs_common/nfs_acl.ko - due to target missing
  LD [M]  fs/nls/nls_ascii.ko - due to target missing
  LD [M]  fs/nls/nls_cp437.ko - due to target missing
  LD [M]  fs/ntfs3/ntfs3.ko - due to target missing
  LD [M]  fs/overlayfs/overlay.ko - due to target missing
  LD [M]  fs/smb/client/cifs.ko - due to target missing
  LD [M]  fs/smb/common/cifs_arc4.ko - due to target missing
  LD [M]  fs/smb/common/cifs_md4.ko - due to target missing
  LD [M]  fs/squashfs/squashfs.ko - due to target missing
  LD [M]  fs/udf/udf.ko - due to target missing
  LD [M]  fs/ufs/ufs.ko - due to target missing
  LD [M]  fs/xfs/xfs.ko - due to target missing
  LD [M]  lib/crc-itu-t.ko - due to target missing
  LD [M]  lib/crypto/libarc4.ko - due to target missing
  LD [M]  lib/lz4/lz4_compress.ko - due to target missing
  LD [M]  net/8021q/8021q.ko - due to target missing
  LD [M]  net/bluetooth/bluetooth.ko - due to target missing
  LD [M]  net/bluetooth/bnep/bnep.ko - due to target missing
  LD [M]  net/bluetooth/hidp/hidp.ko - due to target missing
  LD [M]  net/bluetooth/rfcomm/rfcomm.ko - due to target missing
  LD [M]  net/ipv4/ip_tunnel.ko - due to target missing
  LD [M]  net/ipv4/netfilter/ip_tables.ko - due to target missing
  LD [M]  net/ipv4/netfilter/ipt_REJECT.ko - due to target missing
  LD [M]  net/ipv4/netfilter/iptable_filter.ko - due to target missing
  LD [M]  net/ipv4/netfilter/iptable_nat.ko - due to target missing
  LD [M]  net/ipv4/netfilter/nf_defrag_ipv4.ko - due to target missing
  LD [M]  net/ipv4/netfilter/nf_reject_ipv4.ko - due to target missing
  LD [M]  net/ipv4/netfilter/nf_tproxy_ipv4.ko - due to target missing
  LD [M]  net/ipv4/netfilter/nft_fib_ipv4.ko - due to target missing
  LD [M]  net/ipv4/netfilter/nft_reject_ipv4.ko - due to target missing
  LD [M]  net/ipv4/tunnel4.ko - due to target missing
  LD [M]  net/ipv6/ip6_tunnel.ko - due to target missing
  LD [M]  net/ipv6/netfilter/ip6_tables.ko - due to target missing
  LD [M]  net/ipv6/netfilter/ip6t_REJECT.ko - due to target missing
  LD [M]  net/ipv6/netfilter/ip6table_filter.ko - due to target missing
  LD [M]  net/ipv6/netfilter/nf_defrag_ipv6.ko - due to target missing
  LD [M]  net/ipv6/netfilter/nf_tproxy_ipv6.ko - due to target missing
  LD [M]  net/ipv6/netfilter/nft_reject_ipv6.ko - due to target missing
  LD [M]  net/ipv6/netfilter/nft_fib_ipv6.ko - due to target missing
  LD [M]  net/ipv6/sit.ko - due to target missing
  LD [M]  net/ipv6/tunnel6.ko - due to target missing
  LD [M]  net/mac80211/mac80211.ko - due to target missing
  LD [M]  net/netfilter/nf_conntrack.ko - due to target missing
  LD [M]  net/netfilter/nf_conntrack_ftp.ko - due to target missing
  LD [M]  net/netfilter/nf_conntrack_netlink.ko - due to target missing
  LD [M]  net/netfilter/nf_log_syslog.ko - due to target missing
  LD [M]  net/netfilter/nf_nat.ko - due to target missing
  LD [M]  net/netfilter/nf_nat_ftp.ko - due to target missing
  LD [M]  net/netfilter/nf_tables.ko - due to target missing
  LD [M]  net/netfilter/nfnetlink.ko - due to target missing
  LD [M]  net/netfilter/nfnetlink_log.ko - due to target missing
  LD [M]  net/netfilter/nft_chain_nat.ko - due to target missing
  LD [M]  net/netfilter/nft_ct.ko - due to target missing
  LD [M]  net/netfilter/nft_fib.ko - due to target missing
  LD [M]  net/netfilter/nft_limit.ko - due to target missing
  LD [M]  net/netfilter/nft_log.ko - due to target missing
  LD [M]  net/netfilter/nft_masq.ko - due to target missing
  LD [M]  net/netfilter/nft_nat.ko - due to target missing
  LD [M]  net/netfilter/nft_redir.ko - due to target missing
  LD [M]  net/netfilter/nft_reject.ko - due to target missing
  LD [M]  net/netfilter/nft_reject_inet.ko - due to target missing
  LD [M]  net/netfilter/nft_tproxy.ko - due to target missing
  LD [M]  net/netfilter/x_tables.ko - due to target missing
  LD [M]  net/netfilter/xt_MASQUERADE.ko - due to target missing
  LD [M]  net/netfilter/xt_TCPMSS.ko - due to target missing
  LD [M]  net/netfilter/xt_addrtype.ko - due to target missing
  LD [M]  net/netfilter/xt_conntrack.ko - due to target missing
  LD [M]  net/netfilter/xt_nat.ko - due to target missing
  LD [M]  net/netfilter/xt_tcpudp.ko - due to target missing
  LD [M]  net/netfilter/xt_state.ko - due to target missing
  LD [M]  net/sched/cls_cgroup.ko - due to target missing
  LD [M]  net/sched/sch_cake.ko - due to target missing
  LD [M]  net/sched/sch_fq.ko - due to target missing
  LD [M]  net/sched/sch_fq_codel.ko - due to target missing
  LD [M]  net/sched/sch_tbf.ko - due to target missing
  LD [M]  net/sched/sch_ingress.ko - due to target missing
  LD [M]  net/sunrpc/auth_gss/auth_rpcgss.ko - due to target missing
  LD [M]  net/sunrpc/sunrpc.ko - due to target missing
  LD [M]  net/wireless/cfg80211.ko - due to target missing
  LD [M]  sound/core/seq/snd-seq.ko - due to target missing
  LD [M]  sound/core/snd-hrtimer.ko - due to target missing
  LD [M]  sound/core/snd-hwdep.ko - due to target missing
  LD [M]  sound/core/snd-pcm.ko - due to target missing
  LD [M]  sound/core/snd-seq-device.ko - due to target missing
  LD [M]  sound/core/snd-timer.ko - due to target missing
  LD [M]  sound/core/snd.ko - due to target missing
  LD [M]  sound/hda/snd-hda-core.ko - due to target missing
  LD [M]  sound/hda/snd-intel-dspcfg.ko - due to target missing
  LD [M]  sound/hda/snd-intel-sdw-acpi.ko - due to target missing
  LD [M]  sound/pci/hda/snd-hda-codec-hdmi.ko - due to target missing
  LD [M]  sound/pci/hda/snd-hda-codec-generic.ko - due to target missing
  LD [M]  sound/pci/hda/snd-hda-codec-via.ko - due to target missing
  LD [M]  sound/pci/hda/snd-hda-codec.ko - due to target missing
  LD [M]  sound/pci/hda/snd-hda-intel.ko - due to target missing
  LD [M]  sound/soundcore.ko - due to target missing
  LD [M]  sound/virtio/virtio_snd.ko - due to target missing
  LD [M]  virt/lib/irqbypass.ko - due to target missing
  MKPIGGY arch/x86/boot/compressed/piggy.S - due to target missing
  AS      arch/x86/boot/compressed/piggy.o - due to target missing
  LD      arch/x86/boot/compressed/vmlinux - due to target missing
  ZOFFSET arch/x86/boot/zoffset.h - due to target missing
  OBJCOPY arch/x86/boot/vmlinux.bin - due to target missing
  AS      arch/x86/boot/header.o - due to target missing
  LD      arch/x86/boot/setup.elf - due to target missing
  OBJCOPY arch/x86/boot/setup.bin - due to target missing
  BUILD   arch/x86/boot/bzImage - due to target missing
Kernel: arch/x86/boot/bzImage is ready  (#1)
==> 正在进入 fakeroot 环境...
==> 正在开始 package_kernel()...
  -> Installing boot image...
  -> Installing modules...
  INSTALL /build/workdir/kernel/pkg/kernel/usr/lib/modules/6.1.173/kernel/arch/x86/kvm/kvm-intel.ko
  INSTALL /build/workdir/kernel/pkg/kernel/usr/lib/modules/6.1.173/kernel/arch/x86/kvm/kvm.ko
  INSTALL /build/workdir/kernel/pkg/kernel/usr/lib/modules/6.1.173/kernel/crypto/lz4.ko
  INSTALL /build/workdir/kernel/pkg/kernel/usr/lib/modules/6.1.173/kernel/crypto/lzo-rle.ko
  STRIP   /build/workdir/kernel/pkg/kernel/usr/lib/modules/6.1.173/kernel/crypto/lz4.ko
  STRIP   /build/workdir/kernel/pkg/kernel/usr/lib/modules/6.1.173/kernel/arch/x86/kvm/kvm-intel.ko
  STRIP   /build/workdir/kernel/pkg/kernel/usr/lib/modules/6.1.173/kernel/arch/x86/kvm/kvm.ko
  STRIP   /build/workdir/kernel/pkg/kernel/usr/lib/modules/6.1.173/kernel/crypto/lzo-rle.ko
  SIGN    /build/workdir/kernel/pkg/kernel/usr/lib/modules/6.1.173/kernel/crypto/lz4.ko
  SIGN    /build/workdir/kernel/pkg/kernel/usr/lib/modules/6.1.173/kernel/crypto/lzo-rle.ko
  SIGN    /build/workdir/kernel/pkg/kernel/usr/lib/modules/6.1.173/kernel/arch/x86/kvm/kvm-intel.ko
  SIGN    /build/workdir/kernel/pkg/kernel/usr/lib/modules/6.1.173/kernel/arch/x86/kvm/kvm.ko
  INSTALL /build/workdir/kernel/pkg/kernel/usr/lib/modules/6.1.173/kernel/crypto/lzo.ko
  INSTALL /build/workdir/kernel/pkg/kernel/usr/lib/modules/6.1.173/kernel/crypto/sha3_generic.ko
  INSTALL /build/workdir/kernel/pkg/kernel/usr/lib/modules/6.1.173/kernel/drivers/block/brd.ko
  STRIP   /build/workdir/kernel/pkg/kernel/usr/lib/modules/6.1.173/kernel/crypto/lzo.ko
  STRIP   /build/workdir/kernel/pkg/kernel/usr/lib/modules/6.1.173/kernel/crypto/sha3_generic.ko
  INSTALL /build/workdir/kernel/pkg/kernel/usr/lib/modules/6.1.173/kernel/drivers/block/virtio_blk.ko
  STRIP   /build/workdir/kernel/pkg/kernel/usr/lib/modules/6.1.173/kernel/drivers/block/brd.ko
  SIGN    /build/workdir/kernel/pkg/kernel/usr/lib/modules/6.1.173/kernel/crypto/lzo.ko
  SIGN    /build/workdir/kernel/pkg/kernel/usr/lib/modules/6.1.173/kernel/crypto/sha3_generic.ko
  STRIP   /build/workdir/kernel/pkg/kernel/usr/lib/modules/6.1.173/kernel/drivers/block/virtio_blk.ko
  SIGN    /build/workdir/kernel/pkg/kernel/usr/lib/modules/6.1.173/kernel/drivers/block/brd.ko
  INSTALL /build/workdir/kernel/pkg/kernel/usr/lib/modules/6.1.173/kernel/drivers/block/zram/zram.ko
  INSTALL /build/workdir/kernel/pkg/kernel/usr/lib/modules/6.1.173/kernel/drivers/bluetooth/btintel.ko
  SIGN    /build/workdir/kernel/pkg/kernel/usr/lib/modules/6.1.173/kernel/drivers/block/virtio_blk.ko
  INSTALL /build/workdir/kernel/pkg/kernel/usr/lib/modules/6.1.173/kernel/drivers/bluetooth/btusb.ko
  STRIP   /build/workdir/kernel/pkg/kernel/usr/lib/modules/6.1.173/kernel/drivers/block/zram/zram.ko
  STRIP   /build/workdir/kernel/pkg/kernel/usr/lib/modules/6.1.173/kernel/drivers/bluetooth/btintel.ko
  STRIP   /build/workdir/kernel/pkg/kernel/usr/lib/modules/6.1.173/kernel/drivers/bluetooth/btusb.ko
  INSTALL /build/workdir/kernel/pkg/kernel/usr/lib/modules/6.1.173/kernel/drivers/bluetooth/hci_uart.ko
  SIGN    /build/workdir/kernel/pkg/kernel/usr/lib/modules/6.1.173/kernel/drivers/block/zram/zram.ko
  SIGN    /build/workdir/kernel/pkg/kernel/usr/lib/modules/6.1.173/kernel/drivers/bluetooth/btintel.ko
  SIGN    /build/workdir/kernel/pkg/kernel/usr/lib/modules/6.1.173/kernel/drivers/bluetooth/btusb.ko
  STRIP   /build/workdir/kernel/pkg/kernel/usr/lib/modules/6.1.173/kernel/drivers/bluetooth/hci_uart.ko
  INSTALL /build/workdir/kernel/pkg/kernel/usr/lib/modules/6.1.173/kernel/drivers/cdrom/cdrom.ko
  INSTALL /build/workdir/kernel/pkg/kernel/usr/lib/modules/6.1.173/kernel/drivers/char/hw_random/virtio-rng.ko
  SIGN    /build/workdir/kernel/pkg/kernel/usr/lib/modules/6.1.173/kernel/drivers/bluetooth/hci_uart.ko
  INSTALL /build/workdir/kernel/pkg/kernel/usr/lib/modules/6.1.173/kernel/drivers/char/nvram.ko
  STRIP   /build/workdir/kernel/pkg/kernel/usr/lib/modules/6.1.173/kernel/drivers/cdrom/cdrom.ko
  STRIP   /build/workdir/kernel/pkg/kernel/usr/lib/modules/6.1.173/kernel/drivers/char/hw_random/virtio-rng.ko
  STRIP   /build/workdir/kernel/pkg/kernel/usr/lib/modules/6.1.173/kernel/drivers/char/nvram.ko
  INSTALL /build/workdir/kernel/pkg/kernel/usr/lib/modules/6.1.173/kernel/drivers/char/virtio_console.ko
  SIGN    /build/workdir/kernel/pkg/kernel/usr/lib/modules/6.1.173/kernel/drivers/char/hw_random/virtio-rng.ko
  SIGN    /build/workdir/kernel/pkg/kernel/usr/lib/modules/6.1.173/kernel/drivers/cdrom/cdrom.ko
  STRIP   /build/workdir/kernel/pkg/kernel/usr/lib/modules/6.1.173/kernel/drivers/char/virtio_console.ko
  SIGN    /build/workdir/kernel/pkg/kernel/usr/lib/modules/6.1.173/kernel/drivers/char/nvram.ko
  INSTALL /build/workdir/kernel/pkg/kernel/usr/lib/modules/6.1.173/kernel/drivers/gpu/drm/drm_shmem_helper.ko
  SIGN    /build/workdir/kernel/pkg/kernel/usr/lib/modules/6.1.173/kernel/drivers/char/virtio_console.ko
  INSTALL /build/workdir/kernel/pkg/kernel/usr/lib/modules/6.1.173/kernel/drivers/gpu/drm/virtio/virtio-gpu.ko
  INSTALL /build/workdir/kernel/pkg/kernel/usr/lib/modules/6.1.173/kernel/drivers/i2c/busses/i2c-i801.ko
  STRIP   /build/workdir/kernel/pkg/kernel/usr/lib/modules/6.1.173/kernel/drivers/gpu/drm/drm_shmem_helper.ko
  STRIP   /build/workdir/kernel/pkg/kernel/usr/lib/modules/6.1.173/kernel/drivers/gpu/drm/virtio/virtio-gpu.ko
  STRIP   /build/workdir/kernel/pkg/kernel/usr/lib/modules/6.1.173/kernel/drivers/i2c/busses/i2c-i801.ko
  INSTALL /build/workdir/kernel/pkg/kernel/usr/lib/modules/6.1.173/kernel/drivers/i2c/i2c-dev.ko
  SIGN    /build/workdir/kernel/pkg/kernel/usr/lib/modules/6.1.173/kernel/drivers/gpu/drm/drm_shmem_helper.ko
  SIGN    /build/workdir/kernel/pkg/kernel/usr/lib/modules/6.1.173/kernel/drivers/gpu/drm/virtio/virtio-gpu.ko
  STRIP   /build/workdir/kernel/pkg/kernel/usr/lib/modules/6.1.173/kernel/drivers/i2c/i2c-dev.ko
  SIGN    /build/workdir/kernel/pkg/kernel/usr/lib/modules/6.1.173/kernel/drivers/i2c/busses/i2c-i801.ko
  SIGN    /build/workdir/kernel/pkg/kernel/usr/lib/modules/6.1.173/kernel/drivers/i2c/i2c-dev.ko
  INSTALL /build/workdir/kernel/pkg/kernel/usr/lib/modules/6.1.173/kernel/drivers/i2c/i2c-mux.ko
  INSTALL /build/workdir/kernel/pkg/kernel/usr/lib/modules/6.1.173/kernel/drivers/i2c/i2c-smbus.ko
  INSTALL /build/workdir/kernel/pkg/kernel/usr/lib/modules/6.1.173/kernel/drivers/input/misc/uinput.ko
  STRIP   /build/workdir/kernel/pkg/kernel/usr/lib/modules/6.1.173/kernel/drivers/i2c/i2c-mux.ko
  STRIP   /build/workdir/kernel/pkg/kernel/usr/lib/modules/6.1.173/kernel/drivers/i2c/i2c-smbus.ko
  STRIP   /build/workdir/kernel/pkg/kernel/usr/lib/modules/6.1.173/kernel/drivers/input/misc/uinput.ko
  INSTALL /build/workdir/kernel/pkg/kernel/usr/lib/modules/6.1.173/kernel/drivers/input/mousedev.ko
  SIGN    /build/workdir/kernel/pkg/kernel/usr/lib/modules/6.1.173/kernel/drivers/i2c/i2c-mux.ko
  SIGN    /build/workdir/kernel/pkg/kernel/usr/lib/modules/6.1.173/kernel/drivers/i2c/i2c-smbus.ko
  STRIP   /build/workdir/kernel/pkg/kernel/usr/lib/modules/6.1.173/kernel/drivers/input/mousedev.ko
  SIGN    /build/workdir/kernel/pkg/kernel/usr/lib/modules/6.1.173/kernel/drivers/input/misc/uinput.ko
  SIGN    /build/workdir/kernel/pkg/kernel/usr/lib/modules/6.1.173/kernel/drivers/input/mousedev.ko
  INSTALL /build/workdir/kernel/pkg/kernel/usr/lib/modules/6.1.173/kernel/drivers/md/dm-mod.ko
  INSTALL /build/workdir/kernel/pkg/kernel/usr/lib/modules/6.1.173/kernel/drivers/media/common/videobuf2/videobuf2-common.ko
  INSTALL /build/workdir/kernel/pkg/kernel/usr/lib/modules/6.1.173/kernel/drivers/media/common/videobuf2/videobuf2-memops.ko
  STRIP   /build/workdir/kernel/pkg/kernel/usr/lib/modules/6.1.173/kernel/drivers/md/dm-mod.ko
  STRIP   /build/workdir/kernel/pkg/kernel/usr/lib/modules/6.1.173/kernel/drivers/media/common/videobuf2/videobuf2-memops.ko
  STRIP   /build/workdir/kernel/pkg/kernel/usr/lib/modules/6.1.173/kernel/drivers/media/common/videobuf2/videobuf2-common.ko
  INSTALL /build/workdir/kernel/pkg/kernel/usr/lib/modules/6.1.173/kernel/drivers/media/common/videobuf2/videobuf2-v4l2.ko
  SIGN    /build/workdir/kernel/pkg/kernel/usr/lib/modules/6.1.173/kernel/drivers/media/common/videobuf2/videobuf2-memops.ko
  SIGN    /build/workdir/kernel/pkg/kernel/usr/lib/modules/6.1.173/kernel/drivers/md/dm-mod.ko
  SIGN    /build/workdir/kernel/pkg/kernel/usr/lib/modules/6.1.173/kernel/drivers/media/common/videobuf2/videobuf2-common.ko
  STRIP   /build/workdir/kernel/pkg/kernel/usr/lib/modules/6.1.173/kernel/drivers/media/common/videobuf2/videobuf2-v4l2.ko
  INSTALL /build/workdir/kernel/pkg/kernel/usr/lib/modules/6.1.173/kernel/drivers/media/common/videobuf2/videobuf2-vmalloc.ko
  SIGN    /build/workdir/kernel/pkg/kernel/usr/lib/modules/6.1.173/kernel/drivers/media/common/videobuf2/videobuf2-v4l2.ko
  INSTALL /build/workdir/kernel/pkg/kernel/usr/lib/modules/6.1.173/kernel/drivers/media/mc/mc.ko
  INSTALL /build/workdir/kernel/pkg/kernel/usr/lib/modules/6.1.173/kernel/drivers/media/usb/uvc/uvcvideo.ko
  STRIP   /build/workdir/kernel/pkg/kernel/usr/lib/modules/6.1.173/kernel/drivers/media/common/videobuf2/videobuf2-vmalloc.ko
  STRIP   /build/workdir/kernel/pkg/kernel/usr/lib/modules/6.1.173/kernel/drivers/media/mc/mc.ko
  STRIP   /build/workdir/kernel/pkg/kernel/usr/lib/modules/6.1.173/kernel/drivers/media/usb/uvc/uvcvideo.ko
  INSTALL /build/workdir/kernel/pkg/kernel/usr/lib/modules/6.1.173/kernel/drivers/media/v4l2-core/v4l2-dv-timings.ko
  SIGN    /build/workdir/kernel/pkg/kernel/usr/lib/modules/6.1.173/kernel/drivers/media/common/videobuf2/videobuf2-vmalloc.ko
  SIGN    /build/workdir/kernel/pkg/kernel/usr/lib/modules/6.1.173/kernel/drivers/media/mc/mc.ko
  STRIP   /build/workdir/kernel/pkg/kernel/usr/lib/modules/6.1.173/kernel/drivers/media/v4l2-core/v4l2-dv-timings.ko
  SIGN    /build/workdir/kernel/pkg/kernel/usr/lib/modules/6.1.173/kernel/drivers/media/usb/uvc/uvcvideo.ko
  INSTALL /build/workdir/kernel/pkg/kernel/usr/lib/modules/6.1.173/kernel/drivers/media/v4l2-core/videodev.ko
  SIGN    /build/workdir/kernel/pkg/kernel/usr/lib/modules/6.1.173/kernel/drivers/media/v4l2-core/v4l2-dv-timings.ko
  INSTALL /build/workdir/kernel/pkg/kernel/usr/lib/modules/6.1.173/kernel/drivers/mfd/mfd-core.ko
  INSTALL /build/workdir/kernel/pkg/kernel/usr/lib/modules/6.1.173/kernel/drivers/misc/cardreader/rtsx_pci.ko
  STRIP   /build/workdir/kernel/pkg/kernel/usr/lib/modules/6.1.173/kernel/drivers/media/v4l2-core/videodev.ko
  STRIP   /build/workdir/kernel/pkg/kernel/usr/lib/modules/6.1.173/kernel/drivers/mfd/mfd-core.ko
  STRIP   /build/workdir/kernel/pkg/kernel/usr/lib/modules/6.1.173/kernel/drivers/misc/cardreader/rtsx_pci.ko
  INSTALL /build/workdir/kernel/pkg/kernel/usr/lib/modules/6.1.173/kernel/drivers/mmc/core/mmc_block.ko
  SIGN    /build/workdir/kernel/pkg/kernel/usr/lib/modules/6.1.173/kernel/drivers/mfd/mfd-core.ko
  SIGN    /build/workdir/kernel/pkg/kernel/usr/lib/modules/6.1.173/kernel/drivers/media/v4l2-core/videodev.ko
  STRIP   /build/workdir/kernel/pkg/kernel/usr/lib/modules/6.1.173/kernel/drivers/mmc/core/mmc_block.ko
  SIGN    /build/workdir/kernel/pkg/kernel/usr/lib/modules/6.1.173/kernel/drivers/misc/cardreader/rtsx_pci.ko
  SIGN    /build/workdir/kernel/pkg/kernel/usr/lib/modules/6.1.173/kernel/drivers/mmc/core/mmc_block.ko
  INSTALL /build/workdir/kernel/pkg/kernel/usr/lib/modules/6.1.173/kernel/drivers/mmc/core/mmc_core.ko
  INSTALL /build/workdir/kernel/pkg/kernel/usr/lib/modules/6.1.173/kernel/drivers/mmc/host/rtsx_pci_sdmmc.ko
  INSTALL /build/workdir/kernel/pkg/kernel/usr/lib/modules/6.1.173/kernel/drivers/net/ethernet/realtek/r8169.ko
  STRIP   /build/workdir/kernel/pkg/kernel/usr/lib/modules/6.1.173/kernel/drivers/mmc/core/mmc_core.ko
  INSTALL /build/workdir/kernel/pkg/kernel/usr/lib/modules/6.1.173/kernel/drivers/net/mii.ko
  STRIP   /build/workdir/kernel/pkg/kernel/usr/lib/modules/6.1.173/kernel/drivers/mmc/host/rtsx_pci_sdmmc.ko
  STRIP   /build/workdir/kernel/pkg/kernel/usr/lib/modules/6.1.173/kernel/drivers/net/ethernet/realtek/r8169.ko
  STRIP   /build/workdir/kernel/pkg/kernel/usr/lib/modules/6.1.173/kernel/drivers/net/mii.ko
  SIGN    /build/workdir/kernel/pkg/kernel/usr/lib/modules/6.1.173/kernel/drivers/mmc/host/rtsx_pci_sdmmc.ko
  SIGN    /build/workdir/kernel/pkg/kernel/usr/lib/modules/6.1.173/kernel/drivers/mmc/core/mmc_core.ko
  SIGN    /build/workdir/kernel/pkg/kernel/usr/lib/modules/6.1.173/kernel/drivers/net/ethernet/realtek/r8169.ko
  SIGN    /build/workdir/kernel/pkg/kernel/usr/lib/modules/6.1.173/kernel/drivers/net/mii.ko
  INSTALL /build/workdir/kernel/pkg/kernel/usr/lib/modules/6.1.173/kernel/drivers/net/tun.ko
  INSTALL /build/workdir/kernel/pkg/kernel/usr/lib/modules/6.1.173/kernel/drivers/net/usb/cdc_ether.ko
  INSTALL /build/workdir/kernel/pkg/kernel/usr/lib/modules/6.1.173/kernel/drivers/net/usb/cdc_mbim.ko
  INSTALL /build/workdir/kernel/pkg/kernel/usr/lib/modules/6.1.173/kernel/drivers/net/usb/cdc_ncm.ko
  STRIP   /build/workdir/kernel/pkg/kernel/usr/lib/modules/6.1.173/kernel/drivers/net/tun.ko
  STRIP   /build/workdir/kernel/pkg/kernel/usr/lib/modules/6.1.173/kernel/drivers/net/usb/cdc_ether.ko
  STRIP   /build/workdir/kernel/pkg/kernel/usr/lib/modules/6.1.173/kernel/drivers/net/usb/cdc_mbim.ko
  STRIP   /build/workdir/kernel/pkg/kernel/usr/lib/modules/6.1.173/kernel/drivers/net/usb/cdc_ncm.ko
  SIGN    /build/workdir/kernel/pkg/kernel/usr/lib/modules/6.1.173/kernel/drivers/net/tun.ko
  SIGN    /build/workdir/kernel/pkg/kernel/usr/lib/modules/6.1.173/kernel/drivers/net/usb/cdc_ether.ko
  SIGN    /build/workdir/kernel/pkg/kernel/usr/lib/modules/6.1.173/kernel/drivers/net/usb/cdc_mbim.ko
  SIGN    /build/workdir/kernel/pkg/kernel/usr/lib/modules/6.1.173/kernel/drivers/net/usb/cdc_ncm.ko
  INSTALL /build/workdir/kernel/pkg/kernel/usr/lib/modules/6.1.173/kernel/drivers/net/usb/r8153_ecm.ko
  INSTALL /build/workdir/kernel/pkg/kernel/usr/lib/modules/6.1.173/kernel/drivers/net/usb/rndis_host.ko
  INSTALL /build/workdir/kernel/pkg/kernel/usr/lib/modules/6.1.173/kernel/drivers/net/usb/usbnet.ko
  INSTALL /build/workdir/kernel/pkg/kernel/usr/lib/modules/6.1.173/kernel/drivers/net/virtio_net.ko
  STRIP   /build/workdir/kernel/pkg/kernel/usr/lib/modules/6.1.173/kernel/drivers/net/usb/r8153_ecm.ko
  STRIP   /build/workdir/kernel/pkg/kernel/usr/lib/modules/6.1.173/kernel/drivers/net/usb/rndis_host.ko
  STRIP   /build/workdir/kernel/pkg/kernel/usr/lib/modules/6.1.173/kernel/drivers/net/virtio_net.ko
  STRIP   /build/workdir/kernel/pkg/kernel/usr/lib/modules/6.1.173/kernel/drivers/net/usb/usbnet.ko
  SIGN    /build/workdir/kernel/pkg/kernel/usr/lib/modules/6.1.173/kernel/drivers/net/usb/r8153_ecm.ko
  SIGN    /build/workdir/kernel/pkg/kernel/usr/lib/modules/6.1.173/kernel/drivers/net/usb/rndis_host.ko
  SIGN    /build/workdir/kernel/pkg/kernel/usr/lib/modules/6.1.173/kernel/drivers/net/usb/usbnet.ko
  SIGN    /build/workdir/kernel/pkg/kernel/usr/lib/modules/6.1.173/kernel/drivers/net/virtio_net.ko
  INSTALL /build/workdir/kernel/pkg/kernel/usr/lib/modules/6.1.173/kernel/drivers/net/wireless/intel/iwlwifi/iwlwifi.ko
  INSTALL /build/workdir/kernel/pkg/kernel/usr/lib/modules/6.1.173/kernel/drivers/net/wireless/intel/iwlwifi/mvm/iwlmvm.ko
  INSTALL /build/workdir/kernel/pkg/kernel/usr/lib/modules/6.1.173/kernel/drivers/pinctrl/intel/pinctrl-lynxpoint.ko
  INSTALL /build/workdir/kernel/pkg/kernel/usr/lib/modules/6.1.173/kernel/drivers/powercap/intel_rapl_common.ko
  STRIP   /build/workdir/kernel/pkg/kernel/usr/lib/modules/6.1.173/kernel/drivers/pinctrl/intel/pinctrl-lynxpoint.ko
  STRIP   /build/workdir/kernel/pkg/kernel/usr/lib/modules/6.1.173/kernel/drivers/net/wireless/intel/iwlwifi/iwlwifi.ko
  STRIP   /build/workdir/kernel/pkg/kernel/usr/lib/modules/6.1.173/kernel/drivers/net/wireless/intel/iwlwifi/mvm/iwlmvm.ko
  STRIP   /build/workdir/kernel/pkg/kernel/usr/lib/modules/6.1.173/kernel/drivers/powercap/intel_rapl_common.ko
  SIGN    /build/workdir/kernel/pkg/kernel/usr/lib/modules/6.1.173/kernel/drivers/pinctrl/intel/pinctrl-lynxpoint.ko
  SIGN    /build/workdir/kernel/pkg/kernel/usr/lib/modules/6.1.173/kernel/drivers/powercap/intel_rapl_common.ko
  SIGN    /build/workdir/kernel/pkg/kernel/usr/lib/modules/6.1.173/kernel/drivers/net/wireless/intel/iwlwifi/iwlwifi.ko
  SIGN    /build/workdir/kernel/pkg/kernel/usr/lib/modules/6.1.173/kernel/drivers/net/wireless/intel/iwlwifi/mvm/iwlmvm.ko
  INSTALL /build/workdir/kernel/pkg/kernel/usr/lib/modules/6.1.173/kernel/drivers/scsi/sg.ko
  INSTALL /build/workdir/kernel/pkg/kernel/usr/lib/modules/6.1.173/kernel/drivers/scsi/sr_mod.ko
  INSTALL /build/workdir/kernel/pkg/kernel/usr/lib/modules/6.1.173/kernel/drivers/scsi/virtio_scsi.ko
  STRIP   /build/workdir/kernel/pkg/kernel/usr/lib/modules/6.1.173/kernel/drivers/scsi/sg.ko
  INSTALL /build/workdir/kernel/pkg/kernel/usr/lib/modules/6.1.173/kernel/drivers/thermal/intel/int340x_thermal/acpi_thermal_rel.ko
  STRIP   /build/workdir/kernel/pkg/kernel/usr/lib/modules/6.1.173/kernel/drivers/scsi/sr_mod.ko
  STRIP   /build/workdir/kernel/pkg/kernel/usr/lib/modules/6.1.173/kernel/drivers/scsi/virtio_scsi.ko
  STRIP   /build/workdir/kernel/pkg/kernel/usr/lib/modules/6.1.173/kernel/drivers/thermal/intel/int340x_thermal/acpi_thermal_rel.ko
  SIGN    /build/workdir/kernel/pkg/kernel/usr/lib/modules/6.1.173/kernel/drivers/scsi/sg.ko
  SIGN    /build/workdir/kernel/pkg/kernel/usr/lib/modules/6.1.173/kernel/drivers/scsi/sr_mod.ko
  SIGN    /build/workdir/kernel/pkg/kernel/usr/lib/modules/6.1.173/kernel/drivers/scsi/virtio_scsi.ko
  SIGN    /build/workdir/kernel/pkg/kernel/usr/lib/modules/6.1.173/kernel/drivers/thermal/intel/int340x_thermal/acpi_thermal_rel.ko
  INSTALL /build/workdir/kernel/pkg/kernel/usr/lib/modules/6.1.173/kernel/drivers/thermal/intel/int340x_thermal/int3400_thermal.ko
  INSTALL /build/workdir/kernel/pkg/kernel/usr/lib/modules/6.1.173/kernel/drivers/thermal/intel/int340x_thermal/int3401_thermal.ko
  INSTALL /build/workdir/kernel/pkg/kernel/usr/lib/modules/6.1.173/kernel/drivers/thermal/intel/int340x_thermal/int3402_thermal.ko
  INSTALL /build/workdir/kernel/pkg/kernel/usr/lib/modules/6.1.173/kernel/drivers/thermal/intel/int340x_thermal/int3403_thermal.ko
  STRIP   /build/workdir/kernel/pkg/kernel/usr/lib/modules/6.1.173/kernel/drivers/thermal/intel/int340x_thermal/int3400_thermal.ko
  STRIP   /build/workdir/kernel/pkg/kernel/usr/lib/modules/6.1.173/kernel/drivers/thermal/intel/int340x_thermal/int3401_thermal.ko
  STRIP   /build/workdir/kernel/pkg/kernel/usr/lib/modules/6.1.173/kernel/drivers/thermal/intel/int340x_thermal/int3402_thermal.ko
  STRIP   /build/workdir/kernel/pkg/kernel/usr/lib/modules/6.1.173/kernel/drivers/thermal/intel/int340x_thermal/int3403_thermal.ko
  SIGN    /build/workdir/kernel/pkg/kernel/usr/lib/modules/6.1.173/kernel/drivers/thermal/intel/int340x_thermal/int3400_thermal.ko
  SIGN    /build/workdir/kernel/pkg/kernel/usr/lib/modules/6.1.173/kernel/drivers/thermal/intel/int340x_thermal/int3401_thermal.ko
  SIGN    /build/workdir/kernel/pkg/kernel/usr/lib/modules/6.1.173/kernel/drivers/thermal/intel/int340x_thermal/int3402_thermal.ko
  SIGN    /build/workdir/kernel/pkg/kernel/usr/lib/modules/6.1.173/kernel/drivers/thermal/intel/int340x_thermal/int3403_thermal.ko
  INSTALL /build/workdir/kernel/pkg/kernel/usr/lib/modules/6.1.173/kernel/drivers/thermal/intel/int340x_thermal/int340x_thermal_zone.ko
  INSTALL /build/workdir/kernel/pkg/kernel/usr/lib/modules/6.1.173/kernel/drivers/thermal/intel/int340x_thermal/processor_thermal_device.ko
  INSTALL /build/workdir/kernel/pkg/kernel/usr/lib/modules/6.1.173/kernel/drivers/thermal/intel/int340x_thermal/processor_thermal_device_pci.ko
  INSTALL /build/workdir/kernel/pkg/kernel/usr/lib/modules/6.1.173/kernel/drivers/thermal/intel/int340x_thermal/processor_thermal_device_pci_legacy.ko
  STRIP   /build/workdir/kernel/pkg/kernel/usr/lib/modules/6.1.173/kernel/drivers/thermal/intel/int340x_thermal/int340x_thermal_zone.ko
  STRIP   /build/workdir/kernel/pkg/kernel/usr/lib/modules/6.1.173/kernel/drivers/thermal/intel/int340x_thermal/processor_thermal_device.ko
  STRIP   /build/workdir/kernel/pkg/kernel/usr/lib/modules/6.1.173/kernel/drivers/thermal/intel/int340x_thermal/processor_thermal_device_pci.ko
  STRIP   /build/workdir/kernel/pkg/kernel/usr/lib/modules/6.1.173/kernel/drivers/thermal/intel/int340x_thermal/processor_thermal_device_pci_legacy.ko
  SIGN    /build/workdir/kernel/pkg/kernel/usr/lib/modules/6.1.173/kernel/drivers/thermal/intel/int340x_thermal/int340x_thermal_zone.ko
  SIGN    /build/workdir/kernel/pkg/kernel/usr/lib/modules/6.1.173/kernel/drivers/thermal/intel/int340x_thermal/processor_thermal_device.ko
  SIGN    /build/workdir/kernel/pkg/kernel/usr/lib/modules/6.1.173/kernel/drivers/thermal/intel/int340x_thermal/processor_thermal_device_pci.ko
  SIGN    /build/workdir/kernel/pkg/kernel/usr/lib/modules/6.1.173/kernel/drivers/thermal/intel/int340x_thermal/processor_thermal_device_pci_legacy.ko
  INSTALL /build/workdir/kernel/pkg/kernel/usr/lib/modules/6.1.173/kernel/drivers/thermal/intel/int340x_thermal/processor_thermal_mbox.ko
  INSTALL /build/workdir/kernel/pkg/kernel/usr/lib/modules/6.1.173/kernel/drivers/thermal/intel/int340x_thermal/processor_thermal_rapl.ko
  INSTALL /build/workdir/kernel/pkg/kernel/usr/lib/modules/6.1.173/kernel/drivers/thermal/intel/int340x_thermal/processor_thermal_rfim.ko
  INSTALL /build/workdir/kernel/pkg/kernel/usr/lib/modules/6.1.173/kernel/drivers/thermal/intel/intel_pch_thermal.ko
  STRIP   /build/workdir/kernel/pkg/kernel/usr/lib/modules/6.1.173/kernel/drivers/thermal/intel/int340x_thermal/processor_thermal_mbox.ko
  STRIP   /build/workdir/kernel/pkg/kernel/usr/lib/modules/6.1.173/kernel/drivers/thermal/intel/int340x_thermal/processor_thermal_rapl.ko
  STRIP   /build/workdir/kernel/pkg/kernel/usr/lib/modules/6.1.173/kernel/drivers/thermal/intel/int340x_thermal/processor_thermal_rfim.ko
  STRIP   /build/workdir/kernel/pkg/kernel/usr/lib/modules/6.1.173/kernel/drivers/thermal/intel/intel_pch_thermal.ko
  SIGN    /build/workdir/kernel/pkg/kernel/usr/lib/modules/6.1.173/kernel/drivers/thermal/intel/int340x_thermal/processor_thermal_mbox.ko
  SIGN    /build/workdir/kernel/pkg/kernel/usr/lib/modules/6.1.173/kernel/drivers/thermal/intel/int340x_thermal/processor_thermal_rapl.ko
  SIGN    /build/workdir/kernel/pkg/kernel/usr/lib/modules/6.1.173/kernel/drivers/thermal/intel/int340x_thermal/processor_thermal_rfim.ko
  SIGN    /build/workdir/kernel/pkg/kernel/usr/lib/modules/6.1.173/kernel/drivers/thermal/intel/intel_pch_thermal.ko
  INSTALL /build/workdir/kernel/pkg/kernel/usr/lib/modules/6.1.173/kernel/drivers/thermal/intel/intel_powerclamp.ko
  INSTALL /build/workdir/kernel/pkg/kernel/usr/lib/modules/6.1.173/kernel/drivers/thermal/intel/intel_soc_dts_iosf.ko
  INSTALL /build/workdir/kernel/pkg/kernel/usr/lib/modules/6.1.173/kernel/drivers/thermal/intel/x86_pkg_temp_thermal.ko
  INSTALL /build/workdir/kernel/pkg/kernel/usr/lib/modules/6.1.173/kernel/drivers/usb/class/cdc-wdm.ko
  STRIP   /build/workdir/kernel/pkg/kernel/usr/lib/modules/6.1.173/kernel/drivers/thermal/intel/intel_powerclamp.ko
  STRIP   /build/workdir/kernel/pkg/kernel/usr/lib/modules/6.1.173/kernel/drivers/thermal/intel/intel_soc_dts_iosf.ko
  STRIP   /build/workdir/kernel/pkg/kernel/usr/lib/modules/6.1.173/kernel/drivers/thermal/intel/x86_pkg_temp_thermal.ko
  STRIP   /build/workdir/kernel/pkg/kernel/usr/lib/modules/6.1.173/kernel/drivers/usb/class/cdc-wdm.ko
  SIGN    /build/workdir/kernel/pkg/kernel/usr/lib/modules/6.1.173/kernel/drivers/thermal/intel/intel_powerclamp.ko
  SIGN    /build/workdir/kernel/pkg/kernel/usr/lib/modules/6.1.173/kernel/drivers/thermal/intel/intel_soc_dts_iosf.ko
  SIGN    /build/workdir/kernel/pkg/kernel/usr/lib/modules/6.1.173/kernel/drivers/thermal/intel/x86_pkg_temp_thermal.ko
  SIGN    /build/workdir/kernel/pkg/kernel/usr/lib/modules/6.1.173/kernel/drivers/usb/class/cdc-wdm.ko
  INSTALL /build/workdir/kernel/pkg/kernel/usr/lib/modules/6.1.173/kernel/drivers/usb/class/usblp.ko
  INSTALL /build/workdir/kernel/pkg/kernel/usr/lib/modules/6.1.173/kernel/drivers/virtio/virtio.ko
  INSTALL /build/workdir/kernel/pkg/kernel/usr/lib/modules/6.1.173/kernel/drivers/virtio/virtio_dma_buf.ko
  INSTALL /build/workdir/kernel/pkg/kernel/usr/lib/modules/6.1.173/kernel/drivers/virtio/virtio_input.ko
  STRIP   /build/workdir/kernel/pkg/kernel/usr/lib/modules/6.1.173/kernel/drivers/usb/class/usblp.ko
  STRIP   /build/workdir/kernel/pkg/kernel/usr/lib/modules/6.1.173/kernel/drivers/virtio/virtio_dma_buf.ko
  STRIP   /build/workdir/kernel/pkg/kernel/usr/lib/modules/6.1.173/kernel/drivers/virtio/virtio.ko
  STRIP   /build/workdir/kernel/pkg/kernel/usr/lib/modules/6.1.173/kernel/drivers/virtio/virtio_input.ko
  SIGN    /build/workdir/kernel/pkg/kernel/usr/lib/modules/6.1.173/kernel/drivers/usb/class/usblp.ko
  SIGN    /build/workdir/kernel/pkg/kernel/usr/lib/modules/6.1.173/kernel/drivers/virtio/virtio_dma_buf.ko
  SIGN    /build/workdir/kernel/pkg/kernel/usr/lib/modules/6.1.173/kernel/drivers/virtio/virtio_input.ko
  SIGN    /build/workdir/kernel/pkg/kernel/usr/lib/modules/6.1.173/kernel/drivers/virtio/virtio.ko
  INSTALL /build/workdir/kernel/pkg/kernel/usr/lib/modules/6.1.173/kernel/drivers/virtio/virtio_pci.ko
  INSTALL /build/workdir/kernel/pkg/kernel/usr/lib/modules/6.1.173/kernel/drivers/virtio/virtio_pci_legacy_dev.ko
  INSTALL /build/workdir/kernel/pkg/kernel/usr/lib/modules/6.1.173/kernel/drivers/virtio/virtio_pci_modern_dev.ko
  INSTALL /build/workdir/kernel/pkg/kernel/usr/lib/modules/6.1.173/kernel/drivers/virtio/virtio_ring.ko
  STRIP   /build/workdir/kernel/pkg/kernel/usr/lib/modules/6.1.173/kernel/drivers/virtio/virtio_pci.ko
  STRIP   /build/workdir/kernel/pkg/kernel/usr/lib/modules/6.1.173/kernel/drivers/virtio/virtio_pci_legacy_dev.ko
  STRIP   /build/workdir/kernel/pkg/kernel/usr/lib/modules/6.1.173/kernel/drivers/virtio/virtio_pci_modern_dev.ko
  STRIP   /build/workdir/kernel/pkg/kernel/usr/lib/modules/6.1.173/kernel/drivers/virtio/virtio_ring.ko
  SIGN    /build/workdir/kernel/pkg/kernel/usr/lib/modules/6.1.173/kernel/drivers/virtio/virtio_pci.ko
  SIGN    /build/workdir/kernel/pkg/kernel/usr/lib/modules/6.1.173/kernel/drivers/virtio/virtio_pci_legacy_dev.ko
  SIGN    /build/workdir/kernel/pkg/kernel/usr/lib/modules/6.1.173/kernel/drivers/virtio/virtio_ring.ko
  SIGN    /build/workdir/kernel/pkg/kernel/usr/lib/modules/6.1.173/kernel/drivers/virtio/virtio_pci_modern_dev.ko
  INSTALL /build/workdir/kernel/pkg/kernel/usr/lib/modules/6.1.173/kernel/fs/efivarfs/efivarfs.ko
  INSTALL /build/workdir/kernel/pkg/kernel/usr/lib/modules/6.1.173/kernel/fs/erofs/erofs.ko
  STRIP   /build/workdir/kernel/pkg/kernel/usr/lib/modules/6.1.173/kernel/fs/efivarfs/efivarfs.ko
  INSTALL /build/workdir/kernel/pkg/kernel/usr/lib/modules/6.1.173/kernel/fs/exfat/exfat.ko
  INSTALL /build/workdir/kernel/pkg/kernel/usr/lib/modules/6.1.173/kernel/fs/ext4/ext4.ko
  STRIP   /build/workdir/kernel/pkg/kernel/usr/lib/modules/6.1.173/kernel/fs/erofs/erofs.ko
  SIGN    /build/workdir/kernel/pkg/kernel/usr/lib/modules/6.1.173/kernel/fs/efivarfs/efivarfs.ko
  STRIP   /build/workdir/kernel/pkg/kernel/usr/lib/modules/6.1.173/kernel/fs/exfat/exfat.ko
  STRIP   /build/workdir/kernel/pkg/kernel/usr/lib/modules/6.1.173/kernel/fs/ext4/ext4.ko
  SIGN    /build/workdir/kernel/pkg/kernel/usr/lib/modules/6.1.173/kernel/fs/erofs/erofs.ko
  SIGN    /build/workdir/kernel/pkg/kernel/usr/lib/modules/6.1.173/kernel/fs/exfat/exfat.ko
  INSTALL /build/workdir/kernel/pkg/kernel/usr/lib/modules/6.1.173/kernel/fs/f2fs/f2fs.ko
  SIGN    /build/workdir/kernel/pkg/kernel/usr/lib/modules/6.1.173/kernel/fs/ext4/ext4.ko
  STRIP   /build/workdir/kernel/pkg/kernel/usr/lib/modules/6.1.173/kernel/fs/f2fs/f2fs.ko
  INSTALL /build/workdir/kernel/pkg/kernel/usr/lib/modules/6.1.173/kernel/fs/fat/fat.ko
  INSTALL /build/workdir/kernel/pkg/kernel/usr/lib/modules/6.1.173/kernel/fs/fat/vfat.ko
  STRIP   /build/workdir/kernel/pkg/kernel/usr/lib/modules/6.1.173/kernel/fs/fat/fat.ko
  STRIP   /build/workdir/kernel/pkg/kernel/usr/lib/modules/6.1.173/kernel/fs/fat/vfat.ko
  INSTALL /build/workdir/kernel/pkg/kernel/usr/lib/modules/6.1.173/kernel/fs/fuse/cuse.ko
  SIGN    /build/workdir/kernel/pkg/kernel/usr/lib/modules/6.1.173/kernel/fs/f2fs/f2fs.ko
  SIGN    /build/workdir/kernel/pkg/kernel/usr/lib/modules/6.1.173/kernel/fs/fat/fat.ko
  SIGN    /build/workdir/kernel/pkg/kernel/usr/lib/modules/6.1.173/kernel/fs/fat/vfat.ko
  STRIP   /build/workdir/kernel/pkg/kernel/usr/lib/modules/6.1.173/kernel/fs/fuse/cuse.ko
  INSTALL /build/workdir/kernel/pkg/kernel/usr/lib/modules/6.1.173/kernel/fs/fuse/fuse.ko
  SIGN    /build/workdir/kernel/pkg/kernel/usr/lib/modules/6.1.173/kernel/fs/fuse/cuse.ko
  INSTALL /build/workdir/kernel/pkg/kernel/usr/lib/modules/6.1.173/kernel/fs/fuse/virtiofs.ko
  INSTALL /build/workdir/kernel/pkg/kernel/usr/lib/modules/6.1.173/kernel/fs/hfsplus/hfsplus.ko
  STRIP   /build/workdir/kernel/pkg/kernel/usr/lib/modules/6.1.173/kernel/fs/fuse/fuse.ko
  STRIP   /build/workdir/kernel/pkg/kernel/usr/lib/modules/6.1.173/kernel/fs/fuse/virtiofs.ko
  STRIP   /build/workdir/kernel/pkg/kernel/usr/lib/modules/6.1.173/kernel/fs/hfsplus/hfsplus.ko
  INSTALL /build/workdir/kernel/pkg/kernel/usr/lib/modules/6.1.173/kernel/fs/isofs/isofs.ko
  SIGN    /build/workdir/kernel/pkg/kernel/usr/lib/modules/6.1.173/kernel/fs/fuse/virtiofs.ko
  SIGN    /build/workdir/kernel/pkg/kernel/usr/lib/modules/6.1.173/kernel/fs/fuse/fuse.ko
  STRIP   /build/workdir/kernel/pkg/kernel/usr/lib/modules/6.1.173/kernel/fs/isofs/isofs.ko
  SIGN    /build/workdir/kernel/pkg/kernel/usr/lib/modules/6.1.173/kernel/fs/hfsplus/hfsplus.ko
  SIGN    /build/workdir/kernel/pkg/kernel/usr/lib/modules/6.1.173/kernel/fs/isofs/isofs.ko
  INSTALL /build/workdir/kernel/pkg/kernel/usr/lib/modules/6.1.173/kernel/fs/jbd2/jbd2.ko
  INSTALL /build/workdir/kernel/pkg/kernel/usr/lib/modules/6.1.173/kernel/fs/lockd/lockd.ko
  INSTALL /build/workdir/kernel/pkg/kernel/usr/lib/modules/6.1.173/kernel/fs/mbcache.ko
  STRIP   /build/workdir/kernel/pkg/kernel/usr/lib/modules/6.1.173/kernel/fs/jbd2/jbd2.ko
  STRIP   /build/workdir/kernel/pkg/kernel/usr/lib/modules/6.1.173/kernel/fs/lockd/lockd.ko
  INSTALL /build/workdir/kernel/pkg/kernel/usr/lib/modules/6.1.173/kernel/fs/nfs/blocklayout/blocklayoutdriver.ko
  STRIP   /build/workdir/kernel/pkg/kernel/usr/lib/modules/6.1.173/kernel/fs/mbcache.ko
  SIGN    /build/workdir/kernel/pkg/kernel/usr/lib/modules/6.1.173/kernel/fs/jbd2/jbd2.ko
  SIGN    /build/workdir/kernel/pkg/kernel/usr/lib/modules/6.1.173/kernel/fs/lockd/lockd.ko
  STRIP   /build/workdir/kernel/pkg/kernel/usr/lib/modules/6.1.173/kernel/fs/nfs/blocklayout/blocklayoutdriver.ko
  SIGN    /build/workdir/kernel/pkg/kernel/usr/lib/modules/6.1.173/kernel/fs/mbcache.ko
  SIGN    /build/workdir/kernel/pkg/kernel/usr/lib/modules/6.1.173/kernel/fs/nfs/blocklayout/blocklayoutdriver.ko
  INSTALL /build/workdir/kernel/pkg/kernel/usr/lib/modules/6.1.173/kernel/fs/nfs/filelayout/nfs_layout_nfsv41_files.ko
  INSTALL /build/workdir/kernel/pkg/kernel/usr/lib/modules/6.1.173/kernel/fs/nfs/flexfilelayout/nfs_layout_flexfiles.ko
  INSTALL /build/workdir/kernel/pkg/kernel/usr/lib/modules/6.1.173/kernel/fs/nfs/nfs.ko
  STRIP   /build/workdir/kernel/pkg/kernel/usr/lib/modules/6.1.173/kernel/fs/nfs/filelayout/nfs_layout_nfsv41_files.ko
  STRIP   /build/workdir/kernel/pkg/kernel/usr/lib/modules/6.1.173/kernel/fs/nfs/flexfilelayout/nfs_layout_flexfiles.ko
  STRIP   /build/workdir/kernel/pkg/kernel/usr/lib/modules/6.1.173/kernel/fs/nfs/nfs.ko
  INSTALL /build/workdir/kernel/pkg/kernel/usr/lib/modules/6.1.173/kernel/fs/nfs/nfsv3.ko
  SIGN    /build/workdir/kernel/pkg/kernel/usr/lib/modules/6.1.173/kernel/fs/nfs/filelayout/nfs_layout_nfsv41_files.ko
  SIGN    /build/workdir/kernel/pkg/kernel/usr/lib/modules/6.1.173/kernel/fs/nfs/flexfilelayout/nfs_layout_flexfiles.ko
  STRIP   /build/workdir/kernel/pkg/kernel/usr/lib/modules/6.1.173/kernel/fs/nfs/nfsv3.ko
  SIGN    /build/workdir/kernel/pkg/kernel/usr/lib/modules/6.1.173/kernel/fs/nfs/nfs.ko
  INSTALL /build/workdir/kernel/pkg/kernel/usr/lib/modules/6.1.173/kernel/fs/nfs/nfsv4.ko
  SIGN    /build/workdir/kernel/pkg/kernel/usr/lib/modules/6.1.173/kernel/fs/nfs/nfsv3.ko
  INSTALL /build/workdir/kernel/pkg/kernel/usr/lib/modules/6.1.173/kernel/fs/nfs_common/grace.ko
  INSTALL /build/workdir/kernel/pkg/kernel/usr/lib/modules/6.1.173/kernel/fs/nfs_common/nfs_acl.ko
  STRIP   /build/workdir/kernel/pkg/kernel/usr/lib/modules/6.1.173/kernel/fs/nfs/nfsv4.ko
  STRIP   /build/workdir/kernel/pkg/kernel/usr/lib/modules/6.1.173/kernel/fs/nfs_common/grace.ko
  INSTALL /build/workdir/kernel/pkg/kernel/usr/lib/modules/6.1.173/kernel/fs/nls/nls_ascii.ko
  STRIP   /build/workdir/kernel/pkg/kernel/usr/lib/modules/6.1.173/kernel/fs/nfs_common/nfs_acl.ko
  SIGN    /build/workdir/kernel/pkg/kernel/usr/lib/modules/6.1.173/kernel/fs/nfs_common/grace.ko
  STRIP   /build/workdir/kernel/pkg/kernel/usr/lib/modules/6.1.173/kernel/fs/nls/nls_ascii.ko
  SIGN    /build/workdir/kernel/pkg/kernel/usr/lib/modules/6.1.173/kernel/fs/nfs_common/nfs_acl.ko
  SIGN    /build/workdir/kernel/pkg/kernel/usr/lib/modules/6.1.173/kernel/fs/nfs/nfsv4.ko
  SIGN    /build/workdir/kernel/pkg/kernel/usr/lib/modules/6.1.173/kernel/fs/nls/nls_ascii.ko
  INSTALL /build/workdir/kernel/pkg/kernel/usr/lib/modules/6.1.173/kernel/fs/nls/nls_cp437.ko
  INSTALL /build/workdir/kernel/pkg/kernel/usr/lib/modules/6.1.173/kernel/fs/ntfs3/ntfs3.ko
  STRIP   /build/workdir/kernel/pkg/kernel/usr/lib/modules/6.1.173/kernel/fs/nls/nls_cp437.ko
  INSTALL /build/workdir/kernel/pkg/kernel/usr/lib/modules/6.1.173/kernel/fs/overlayfs/overlay.ko
  INSTALL /build/workdir/kernel/pkg/kernel/usr/lib/modules/6.1.173/kernel/fs/smb/client/cifs.ko
  STRIP   /build/workdir/kernel/pkg/kernel/usr/lib/modules/6.1.173/kernel/fs/ntfs3/ntfs3.ko
  STRIP   /build/workdir/kernel/pkg/kernel/usr/lib/modules/6.1.173/kernel/fs/overlayfs/overlay.ko
  SIGN    /build/workdir/kernel/pkg/kernel/usr/lib/modules/6.1.173/kernel/fs/nls/nls_cp437.ko
  STRIP   /build/workdir/kernel/pkg/kernel/usr/lib/modules/6.1.173/kernel/fs/smb/client/cifs.ko
  SIGN    /build/workdir/kernel/pkg/kernel/usr/lib/modules/6.1.173/kernel/fs/ntfs3/ntfs3.ko
  SIGN    /build/workdir/kernel/pkg/kernel/usr/lib/modules/6.1.173/kernel/fs/overlayfs/overlay.ko
  INSTALL /build/workdir/kernel/pkg/kernel/usr/lib/modules/6.1.173/kernel/fs/smb/common/cifs_arc4.ko
  SIGN    /build/workdir/kernel/pkg/kernel/usr/lib/modules/6.1.173/kernel/fs/smb/client/cifs.ko
  INSTALL /build/workdir/kernel/pkg/kernel/usr/lib/modules/6.1.173/kernel/fs/smb/common/cifs_md4.ko
  STRIP   /build/workdir/kernel/pkg/kernel/usr/lib/modules/6.1.173/kernel/fs/smb/common/cifs_arc4.ko
  INSTALL /build/workdir/kernel/pkg/kernel/usr/lib/modules/6.1.173/kernel/fs/squashfs/squashfs.ko
  STRIP   /build/workdir/kernel/pkg/kernel/usr/lib/modules/6.1.173/kernel/fs/smb/common/cifs_md4.ko
  STRIP   /build/workdir/kernel/pkg/kernel/usr/lib/modules/6.1.173/kernel/fs/squashfs/squashfs.ko
  SIGN    /build/workdir/kernel/pkg/kernel/usr/lib/modules/6.1.173/kernel/fs/smb/common/cifs_arc4.ko
  INSTALL /build/workdir/kernel/pkg/kernel/usr/lib/modules/6.1.173/kernel/fs/udf/udf.ko
  SIGN    /build/workdir/kernel/pkg/kernel/usr/lib/modules/6.1.173/kernel/fs/smb/common/cifs_md4.ko
  SIGN    /build/workdir/kernel/pkg/kernel/usr/lib/modules/6.1.173/kernel/fs/squashfs/squashfs.ko
  STRIP   /build/workdir/kernel/pkg/kernel/usr/lib/modules/6.1.173/kernel/fs/udf/udf.ko
  INSTALL /build/workdir/kernel/pkg/kernel/usr/lib/modules/6.1.173/kernel/fs/ufs/ufs.ko
  INSTALL /build/workdir/kernel/pkg/kernel/usr/lib/modules/6.1.173/kernel/fs/xfs/xfs.ko
  STRIP   /build/workdir/kernel/pkg/kernel/usr/lib/modules/6.1.173/kernel/fs/ufs/ufs.ko
  SIGN    /build/workdir/kernel/pkg/kernel/usr/lib/modules/6.1.173/kernel/fs/udf/udf.ko
  INSTALL /build/workdir/kernel/pkg/kernel/usr/lib/modules/6.1.173/kernel/lib/crc-itu-t.ko
  STRIP   /build/workdir/kernel/pkg/kernel/usr/lib/modules/6.1.173/kernel/fs/xfs/xfs.ko
  SIGN    /build/workdir/kernel/pkg/kernel/usr/lib/modules/6.1.173/kernel/fs/ufs/ufs.ko
  STRIP   /build/workdir/kernel/pkg/kernel/usr/lib/modules/6.1.173/kernel/lib/crc-itu-t.ko
  INSTALL /build/workdir/kernel/pkg/kernel/usr/lib/modules/6.1.173/kernel/lib/crypto/libarc4.ko
  SIGN    /build/workdir/kernel/pkg/kernel/usr/lib/modules/6.1.173/kernel/lib/crc-itu-t.ko
  INSTALL /build/workdir/kernel/pkg/kernel/usr/lib/modules/6.1.173/kernel/lib/lz4/lz4_compress.ko
  STRIP   /build/workdir/kernel/pkg/kernel/usr/lib/modules/6.1.173/kernel/lib/crypto/libarc4.ko
  SIGN    /build/workdir/kernel/pkg/kernel/usr/lib/modules/6.1.173/kernel/fs/xfs/xfs.ko
  STRIP   /build/workdir/kernel/pkg/kernel/usr/lib/modules/6.1.173/kernel/lib/lz4/lz4_compress.ko
  SIGN    /build/workdir/kernel/pkg/kernel/usr/lib/modules/6.1.173/kernel/lib/crypto/libarc4.ko
  INSTALL /build/workdir/kernel/pkg/kernel/usr/lib/modules/6.1.173/kernel/net/8021q/8021q.ko
  SIGN    /build/workdir/kernel/pkg/kernel/usr/lib/modules/6.1.173/kernel/lib/lz4/lz4_compress.ko
  STRIP   /build/workdir/kernel/pkg/kernel/usr/lib/modules/6.1.173/kernel/net/8021q/8021q.ko
  INSTALL /build/workdir/kernel/pkg/kernel/usr/lib/modules/6.1.173/kernel/net/bluetooth/bluetooth.ko
  SIGN    /build/workdir/kernel/pkg/kernel/usr/lib/modules/6.1.173/kernel/net/8021q/8021q.ko
  INSTALL /build/workdir/kernel/pkg/kernel/usr/lib/modules/6.1.173/kernel/net/bluetooth/bnep/bnep.ko
  STRIP   /build/workdir/kernel/pkg/kernel/usr/lib/modules/6.1.173/kernel/net/bluetooth/bluetooth.ko
  INSTALL /build/workdir/kernel/pkg/kernel/usr/lib/modules/6.1.173/kernel/net/bluetooth/hidp/hidp.ko
  STRIP   /build/workdir/kernel/pkg/kernel/usr/lib/modules/6.1.173/kernel/net/bluetooth/bnep/bnep.ko
  STRIP   /build/workdir/kernel/pkg/kernel/usr/lib/modules/6.1.173/kernel/net/bluetooth/hidp/hidp.ko
  INSTALL /build/workdir/kernel/pkg/kernel/usr/lib/modules/6.1.173/kernel/net/bluetooth/rfcomm/rfcomm.ko
  SIGN    /build/workdir/kernel/pkg/kernel/usr/lib/modules/6.1.173/kernel/net/bluetooth/bnep/bnep.ko
  SIGN    /build/workdir/kernel/pkg/kernel/usr/lib/modules/6.1.173/kernel/net/bluetooth/bluetooth.ko
  SIGN    /build/workdir/kernel/pkg/kernel/usr/lib/modules/6.1.173/kernel/net/bluetooth/hidp/hidp.ko
  STRIP   /build/workdir/kernel/pkg/kernel/usr/lib/modules/6.1.173/kernel/net/bluetooth/rfcomm/rfcomm.ko
  INSTALL /build/workdir/kernel/pkg/kernel/usr/lib/modules/6.1.173/kernel/net/ipv4/ip_tunnel.ko
  SIGN    /build/workdir/kernel/pkg/kernel/usr/lib/modules/6.1.173/kernel/net/bluetooth/rfcomm/rfcomm.ko
  INSTALL /build/workdir/kernel/pkg/kernel/usr/lib/modules/6.1.173/kernel/net/ipv4/netfilter/ip_tables.ko
  INSTALL /build/workdir/kernel/pkg/kernel/usr/lib/modules/6.1.173/kernel/net/ipv4/netfilter/ipt_REJECT.ko
  STRIP   /build/workdir/kernel/pkg/kernel/usr/lib/modules/6.1.173/kernel/net/ipv4/ip_tunnel.ko
  STRIP   /build/workdir/kernel/pkg/kernel/usr/lib/modules/6.1.173/kernel/net/ipv4/netfilter/ip_tables.ko
  INSTALL /build/workdir/kernel/pkg/kernel/usr/lib/modules/6.1.173/kernel/net/ipv4/netfilter/iptable_filter.ko
  STRIP   /build/workdir/kernel/pkg/kernel/usr/lib/modules/6.1.173/kernel/net/ipv4/netfilter/ipt_REJECT.ko
  SIGN    /build/workdir/kernel/pkg/kernel/usr/lib/modules/6.1.173/kernel/net/ipv4/ip_tunnel.ko
  SIGN    /build/workdir/kernel/pkg/kernel/usr/lib/modules/6.1.173/kernel/net/ipv4/netfilter/ip_tables.ko
  STRIP   /build/workdir/kernel/pkg/kernel/usr/lib/modules/6.1.173/kernel/net/ipv4/netfilter/iptable_filter.ko
  SIGN    /build/workdir/kernel/pkg/kernel/usr/lib/modules/6.1.173/kernel/net/ipv4/netfilter/ipt_REJECT.ko
  INSTALL /build/workdir/kernel/pkg/kernel/usr/lib/modules/6.1.173/kernel/net/ipv4/netfilter/iptable_nat.ko
  SIGN    /build/workdir/kernel/pkg/kernel/usr/lib/modules/6.1.173/kernel/net/ipv4/netfilter/iptable_filter.ko
  INSTALL /build/workdir/kernel/pkg/kernel/usr/lib/modules/6.1.173/kernel/net/ipv4/netfilter/nf_defrag_ipv4.ko
  INSTALL /build/workdir/kernel/pkg/kernel/usr/lib/modules/6.1.173/kernel/net/ipv4/netfilter/nf_reject_ipv4.ko
  STRIP   /build/workdir/kernel/pkg/kernel/usr/lib/modules/6.1.173/kernel/net/ipv4/netfilter/iptable_nat.ko
  STRIP   /build/workdir/kernel/pkg/kernel/usr/lib/modules/6.1.173/kernel/net/ipv4/netfilter/nf_defrag_ipv4.ko
  INSTALL /build/workdir/kernel/pkg/kernel/usr/lib/modules/6.1.173/kernel/net/ipv4/netfilter/nf_tproxy_ipv4.ko
  STRIP   /build/workdir/kernel/pkg/kernel/usr/lib/modules/6.1.173/kernel/net/ipv4/netfilter/nf_reject_ipv4.ko
  SIGN    /build/workdir/kernel/pkg/kernel/usr/lib/modules/6.1.173/kernel/net/ipv4/netfilter/iptable_nat.ko
  SIGN    /build/workdir/kernel/pkg/kernel/usr/lib/modules/6.1.173/kernel/net/ipv4/netfilter/nf_defrag_ipv4.ko
  STRIP   /build/workdir/kernel/pkg/kernel/usr/lib/modules/6.1.173/kernel/net/ipv4/netfilter/nf_tproxy_ipv4.ko
  SIGN    /build/workdir/kernel/pkg/kernel/usr/lib/modules/6.1.173/kernel/net/ipv4/netfilter/nf_reject_ipv4.ko
  SIGN    /build/workdir/kernel/pkg/kernel/usr/lib/modules/6.1.173/kernel/net/ipv4/netfilter/nf_tproxy_ipv4.ko
  INSTALL /build/workdir/kernel/pkg/kernel/usr/lib/modules/6.1.173/kernel/net/ipv4/netfilter/nft_fib_ipv4.ko
  INSTALL /build/workdir/kernel/pkg/kernel/usr/lib/modules/6.1.173/kernel/net/ipv4/netfilter/nft_reject_ipv4.ko
  INSTALL /build/workdir/kernel/pkg/kernel/usr/lib/modules/6.1.173/kernel/net/ipv4/tunnel4.ko
  STRIP   /build/workdir/kernel/pkg/kernel/usr/lib/modules/6.1.173/kernel/net/ipv4/netfilter/nft_fib_ipv4.ko
  STRIP   /build/workdir/kernel/pkg/kernel/usr/lib/modules/6.1.173/kernel/net/ipv4/netfilter/nft_reject_ipv4.ko
  INSTALL /build/workdir/kernel/pkg/kernel/usr/lib/modules/6.1.173/kernel/net/ipv6/ip6_tunnel.ko
  STRIP   /build/workdir/kernel/pkg/kernel/usr/lib/modules/6.1.173/kernel/net/ipv4/tunnel4.ko
  STRIP   /build/workdir/kernel/pkg/kernel/usr/lib/modules/6.1.173/kernel/net/ipv6/ip6_tunnel.ko
  SIGN    /build/workdir/kernel/pkg/kernel/usr/lib/modules/6.1.173/kernel/net/ipv4/netfilter/nft_fib_ipv4.ko
  SIGN    /build/workdir/kernel/pkg/kernel/usr/lib/modules/6.1.173/kernel/net/ipv4/netfilter/nft_reject_ipv4.ko
  SIGN    /build/workdir/kernel/pkg/kernel/usr/lib/modules/6.1.173/kernel/net/ipv4/tunnel4.ko
  INSTALL /build/workdir/kernel/pkg/kernel/usr/lib/modules/6.1.173/kernel/net/ipv6/netfilter/ip6_tables.ko
  SIGN    /build/workdir/kernel/pkg/kernel/usr/lib/modules/6.1.173/kernel/net/ipv6/ip6_tunnel.ko
  INSTALL /build/workdir/kernel/pkg/kernel/usr/lib/modules/6.1.173/kernel/net/ipv6/netfilter/ip6t_REJECT.ko
  INSTALL /build/workdir/kernel/pkg/kernel/usr/lib/modules/6.1.173/kernel/net/ipv6/netfilter/ip6table_filter.ko
  STRIP   /build/workdir/kernel/pkg/kernel/usr/lib/modules/6.1.173/kernel/net/ipv6/netfilter/ip6_tables.ko
  STRIP   /build/workdir/kernel/pkg/kernel/usr/lib/modules/6.1.173/kernel/net/ipv6/netfilter/ip6t_REJECT.ko
  INSTALL /build/workdir/kernel/pkg/kernel/usr/lib/modules/6.1.173/kernel/net/ipv6/netfilter/nf_defrag_ipv6.ko
  STRIP   /build/workdir/kernel/pkg/kernel/usr/lib/modules/6.1.173/kernel/net/ipv6/netfilter/ip6table_filter.ko
  SIGN    /build/workdir/kernel/pkg/kernel/usr/lib/modules/6.1.173/kernel/net/ipv6/netfilter/ip6_tables.ko
  SIGN    /build/workdir/kernel/pkg/kernel/usr/lib/modules/6.1.173/kernel/net/ipv6/netfilter/ip6t_REJECT.ko
  STRIP   /build/workdir/kernel/pkg/kernel/usr/lib/modules/6.1.173/kernel/net/ipv6/netfilter/nf_defrag_ipv6.ko
  SIGN    /build/workdir/kernel/pkg/kernel/usr/lib/modules/6.1.173/kernel/net/ipv6/netfilter/ip6table_filter.ko
  SIGN    /build/workdir/kernel/pkg/kernel/usr/lib/modules/6.1.173/kernel/net/ipv6/netfilter/nf_defrag_ipv6.ko
  INSTALL /build/workdir/kernel/pkg/kernel/usr/lib/modules/6.1.173/kernel/net/ipv6/netfilter/nf_tproxy_ipv6.ko
  INSTALL /build/workdir/kernel/pkg/kernel/usr/lib/modules/6.1.173/kernel/net/ipv6/netfilter/nft_fib_ipv6.ko
  INSTALL /build/workdir/kernel/pkg/kernel/usr/lib/modules/6.1.173/kernel/net/ipv6/netfilter/nft_reject_ipv6.ko
  STRIP   /build/workdir/kernel/pkg/kernel/usr/lib/modules/6.1.173/kernel/net/ipv6/netfilter/nf_tproxy_ipv6.ko
  STRIP   /build/workdir/kernel/pkg/kernel/usr/lib/modules/6.1.173/kernel/net/ipv6/netfilter/nft_fib_ipv6.ko
  INSTALL /build/workdir/kernel/pkg/kernel/usr/lib/modules/6.1.173/kernel/net/ipv6/sit.ko
  STRIP   /build/workdir/kernel/pkg/kernel/usr/lib/modules/6.1.173/kernel/net/ipv6/netfilter/nft_reject_ipv6.ko
  SIGN    /build/workdir/kernel/pkg/kernel/usr/lib/modules/6.1.173/kernel/net/ipv6/netfilter/nf_tproxy_ipv6.ko
  STRIP   /build/workdir/kernel/pkg/kernel/usr/lib/modules/6.1.173/kernel/net/ipv6/sit.ko
  SIGN    /build/workdir/kernel/pkg/kernel/usr/lib/modules/6.1.173/kernel/net/ipv6/netfilter/nft_fib_ipv6.ko
  SIGN    /build/workdir/kernel/pkg/kernel/usr/lib/modules/6.1.173/kernel/net/ipv6/netfilter/nft_reject_ipv6.ko
  INSTALL /build/workdir/kernel/pkg/kernel/usr/lib/modules/6.1.173/kernel/net/ipv6/tunnel6.ko
  SIGN    /build/workdir/kernel/pkg/kernel/usr/lib/modules/6.1.173/kernel/net/ipv6/sit.ko
  INSTALL /build/workdir/kernel/pkg/kernel/usr/lib/modules/6.1.173/kernel/net/mac80211/mac80211.ko
  INSTALL /build/workdir/kernel/pkg/kernel/usr/lib/modules/6.1.173/kernel/net/netfilter/nf_conntrack.ko
  STRIP   /build/workdir/kernel/pkg/kernel/usr/lib/modules/6.1.173/kernel/net/ipv6/tunnel6.ko
  STRIP   /build/workdir/kernel/pkg/kernel/usr/lib/modules/6.1.173/kernel/net/mac80211/mac80211.ko
  STRIP   /build/workdir/kernel/pkg/kernel/usr/lib/modules/6.1.173/kernel/net/netfilter/nf_conntrack.ko
  INSTALL /build/workdir/kernel/pkg/kernel/usr/lib/modules/6.1.173/kernel/net/netfilter/nf_conntrack_ftp.ko
  SIGN    /build/workdir/kernel/pkg/kernel/usr/lib/modules/6.1.173/kernel/net/ipv6/tunnel6.ko
  STRIP   /build/workdir/kernel/pkg/kernel/usr/lib/modules/6.1.173/kernel/net/netfilter/nf_conntrack_ftp.ko
  SIGN    /build/workdir/kernel/pkg/kernel/usr/lib/modules/6.1.173/kernel/net/netfilter/nf_conntrack.ko
  SIGN    /build/workdir/kernel/pkg/kernel/usr/lib/modules/6.1.173/kernel/net/mac80211/mac80211.ko
  INSTALL /build/workdir/kernel/pkg/kernel/usr/lib/modules/6.1.173/kernel/net/netfilter/nf_conntrack_netlink.ko
  SIGN    /build/workdir/kernel/pkg/kernel/usr/lib/modules/6.1.173/kernel/net/netfilter/nf_conntrack_ftp.ko
  INSTALL /build/workdir/kernel/pkg/kernel/usr/lib/modules/6.1.173/kernel/net/netfilter/nf_log_syslog.ko
  STRIP   /build/workdir/kernel/pkg/kernel/usr/lib/modules/6.1.173/kernel/net/netfilter/nf_conntrack_netlink.ko
  INSTALL /build/workdir/kernel/pkg/kernel/usr/lib/modules/6.1.173/kernel/net/netfilter/nf_nat.ko
  INSTALL /build/workdir/kernel/pkg/kernel/usr/lib/modules/6.1.173/kernel/net/netfilter/nf_nat_ftp.ko
  STRIP   /build/workdir/kernel/pkg/kernel/usr/lib/modules/6.1.173/kernel/net/netfilter/nf_log_syslog.ko
  SIGN    /build/workdir/kernel/pkg/kernel/usr/lib/modules/6.1.173/kernel/net/netfilter/nf_conntrack_netlink.ko
  STRIP   /build/workdir/kernel/pkg/kernel/usr/lib/modules/6.1.173/kernel/net/netfilter/nf_nat.ko
  STRIP   /build/workdir/kernel/pkg/kernel/usr/lib/modules/6.1.173/kernel/net/netfilter/nf_nat_ftp.ko
  SIGN    /build/workdir/kernel/pkg/kernel/usr/lib/modules/6.1.173/kernel/net/netfilter/nf_log_syslog.ko
  INSTALL /build/workdir/kernel/pkg/kernel/usr/lib/modules/6.1.173/kernel/net/netfilter/nf_tables.ko
  SIGN    /build/workdir/kernel/pkg/kernel/usr/lib/modules/6.1.173/kernel/net/netfilter/nf_nat.ko
  SIGN    /build/workdir/kernel/pkg/kernel/usr/lib/modules/6.1.173/kernel/net/netfilter/nf_nat_ftp.ko
  STRIP   /build/workdir/kernel/pkg/kernel/usr/lib/modules/6.1.173/kernel/net/netfilter/nf_tables.ko
  INSTALL /build/workdir/kernel/pkg/kernel/usr/lib/modules/6.1.173/kernel/net/netfilter/nfnetlink.ko
  INSTALL /build/workdir/kernel/pkg/kernel/usr/lib/modules/6.1.173/kernel/net/netfilter/nfnetlink_log.ko
  INSTALL /build/workdir/kernel/pkg/kernel/usr/lib/modules/6.1.173/kernel/net/netfilter/nft_chain_nat.ko
  STRIP   /build/workdir/kernel/pkg/kernel/usr/lib/modules/6.1.173/kernel/net/netfilter/nfnetlink.ko
  SIGN    /build/workdir/kernel/pkg/kernel/usr/lib/modules/6.1.173/kernel/net/netfilter/nf_tables.ko
  STRIP   /build/workdir/kernel/pkg/kernel/usr/lib/modules/6.1.173/kernel/net/netfilter/nfnetlink_log.ko
  STRIP   /build/workdir/kernel/pkg/kernel/usr/lib/modules/6.1.173/kernel/net/netfilter/nft_chain_nat.ko
  SIGN    /build/workdir/kernel/pkg/kernel/usr/lib/modules/6.1.173/kernel/net/netfilter/nfnetlink.ko
  SIGN    /build/workdir/kernel/pkg/kernel/usr/lib/modules/6.1.173/kernel/net/netfilter/nfnetlink_log.ko
  INSTALL /build/workdir/kernel/pkg/kernel/usr/lib/modules/6.1.173/kernel/net/netfilter/nft_ct.ko
  SIGN    /build/workdir/kernel/pkg/kernel/usr/lib/modules/6.1.173/kernel/net/netfilter/nft_chain_nat.ko
  INSTALL /build/workdir/kernel/pkg/kernel/usr/lib/modules/6.1.173/kernel/net/netfilter/nft_fib.ko
  STRIP   /build/workdir/kernel/pkg/kernel/usr/lib/modules/6.1.173/kernel/net/netfilter/nft_ct.ko
  INSTALL /build/workdir/kernel/pkg/kernel/usr/lib/modules/6.1.173/kernel/net/netfilter/nft_limit.ko
  INSTALL /build/workdir/kernel/pkg/kernel/usr/lib/modules/6.1.173/kernel/net/netfilter/nft_log.ko
  STRIP   /build/workdir/kernel/pkg/kernel/usr/lib/modules/6.1.173/kernel/net/netfilter/nft_fib.ko
  SIGN    /build/workdir/kernel/pkg/kernel/usr/lib/modules/6.1.173/kernel/net/netfilter/nft_ct.ko
  STRIP   /build/workdir/kernel/pkg/kernel/usr/lib/modules/6.1.173/kernel/net/netfilter/nft_limit.ko
  STRIP   /build/workdir/kernel/pkg/kernel/usr/lib/modules/6.1.173/kernel/net/netfilter/nft_log.ko
  SIGN    /build/workdir/kernel/pkg/kernel/usr/lib/modules/6.1.173/kernel/net/netfilter/nft_fib.ko
  SIGN    /build/workdir/kernel/pkg/kernel/usr/lib/modules/6.1.173/kernel/net/netfilter/nft_limit.ko
  INSTALL /build/workdir/kernel/pkg/kernel/usr/lib/modules/6.1.173/kernel/net/netfilter/nft_masq.ko
  SIGN    /build/workdir/kernel/pkg/kernel/usr/lib/modules/6.1.173/kernel/net/netfilter/nft_log.ko
  INSTALL /build/workdir/kernel/pkg/kernel/usr/lib/modules/6.1.173/kernel/net/netfilter/nft_nat.ko
  STRIP   /build/workdir/kernel/pkg/kernel/usr/lib/modules/6.1.173/kernel/net/netfilter/nft_masq.ko
  INSTALL /build/workdir/kernel/pkg/kernel/usr/lib/modules/6.1.173/kernel/net/netfilter/nft_redir.ko
  INSTALL /build/workdir/kernel/pkg/kernel/usr/lib/modules/6.1.173/kernel/net/netfilter/nft_reject.ko
  STRIP   /build/workdir/kernel/pkg/kernel/usr/lib/modules/6.1.173/kernel/net/netfilter/nft_nat.ko
  SIGN    /build/workdir/kernel/pkg/kernel/usr/lib/modules/6.1.173/kernel/net/netfilter/nft_masq.ko
  STRIP   /build/workdir/kernel/pkg/kernel/usr/lib/modules/6.1.173/kernel/net/netfilter/nft_redir.ko
  STRIP   /build/workdir/kernel/pkg/kernel/usr/lib/modules/6.1.173/kernel/net/netfilter/nft_reject.ko
  SIGN    /build/workdir/kernel/pkg/kernel/usr/lib/modules/6.1.173/kernel/net/netfilter/nft_nat.ko
  INSTALL /build/workdir/kernel/pkg/kernel/usr/lib/modules/6.1.173/kernel/net/netfilter/nft_reject_inet.ko
  SIGN    /build/workdir/kernel/pkg/kernel/usr/lib/modules/6.1.173/kernel/net/netfilter/nft_redir.ko
  SIGN    /build/workdir/kernel/pkg/kernel/usr/lib/modules/6.1.173/kernel/net/netfilter/nft_reject.ko
  INSTALL /build/workdir/kernel/pkg/kernel/usr/lib/modules/6.1.173/kernel/net/netfilter/nft_tproxy.ko
  STRIP   /build/workdir/kernel/pkg/kernel/usr/lib/modules/6.1.173/kernel/net/netfilter/nft_reject_inet.ko
  INSTALL /build/workdir/kernel/pkg/kernel/usr/lib/modules/6.1.173/kernel/net/netfilter/x_tables.ko
  INSTALL /build/workdir/kernel/pkg/kernel/usr/lib/modules/6.1.173/kernel/net/netfilter/xt_MASQUERADE.ko
  STRIP   /build/workdir/kernel/pkg/kernel/usr/lib/modules/6.1.173/kernel/net/netfilter/nft_tproxy.ko
  SIGN    /build/workdir/kernel/pkg/kernel/usr/lib/modules/6.1.173/kernel/net/netfilter/nft_reject_inet.ko
  STRIP   /build/workdir/kernel/pkg/kernel/usr/lib/modules/6.1.173/kernel/net/netfilter/xt_MASQUERADE.ko
  STRIP   /build/workdir/kernel/pkg/kernel/usr/lib/modules/6.1.173/kernel/net/netfilter/x_tables.ko
  SIGN    /build/workdir/kernel/pkg/kernel/usr/lib/modules/6.1.173/kernel/net/netfilter/nft_tproxy.ko
  INSTALL /build/workdir/kernel/pkg/kernel/usr/lib/modules/6.1.173/kernel/net/netfilter/xt_TCPMSS.ko
  SIGN    /build/workdir/kernel/pkg/kernel/usr/lib/modules/6.1.173/kernel/net/netfilter/xt_MASQUERADE.ko
  SIGN    /build/workdir/kernel/pkg/kernel/usr/lib/modules/6.1.173/kernel/net/netfilter/x_tables.ko
  INSTALL /build/workdir/kernel/pkg/kernel/usr/lib/modules/6.1.173/kernel/net/netfilter/xt_addrtype.ko
  STRIP   /build/workdir/kernel/pkg/kernel/usr/lib/modules/6.1.173/kernel/net/netfilter/xt_TCPMSS.ko
  INSTALL /build/workdir/kernel/pkg/kernel/usr/lib/modules/6.1.173/kernel/net/netfilter/xt_conntrack.ko
  INSTALL /build/workdir/kernel/pkg/kernel/usr/lib/modules/6.1.173/kernel/net/netfilter/xt_nat.ko
  STRIP   /build/workdir/kernel/pkg/kernel/usr/lib/modules/6.1.173/kernel/net/netfilter/xt_addrtype.ko
  SIGN    /build/workdir/kernel/pkg/kernel/usr/lib/modules/6.1.173/kernel/net/netfilter/xt_TCPMSS.ko
  STRIP   /build/workdir/kernel/pkg/kernel/usr/lib/modules/6.1.173/kernel/net/netfilter/xt_conntrack.ko
  STRIP   /build/workdir/kernel/pkg/kernel/usr/lib/modules/6.1.173/kernel/net/netfilter/xt_nat.ko
  SIGN    /build/workdir/kernel/pkg/kernel/usr/lib/modules/6.1.173/kernel/net/netfilter/xt_addrtype.ko
  INSTALL /build/workdir/kernel/pkg/kernel/usr/lib/modules/6.1.173/kernel/net/netfilter/xt_state.ko
  SIGN    /build/workdir/kernel/pkg/kernel/usr/lib/modules/6.1.173/kernel/net/netfilter/xt_conntrack.ko
  SIGN    /build/workdir/kernel/pkg/kernel/usr/lib/modules/6.1.173/kernel/net/netfilter/xt_nat.ko
  INSTALL /build/workdir/kernel/pkg/kernel/usr/lib/modules/6.1.173/kernel/net/netfilter/xt_tcpudp.ko
  STRIP   /build/workdir/kernel/pkg/kernel/usr/lib/modules/6.1.173/kernel/net/netfilter/xt_state.ko
  INSTALL /build/workdir/kernel/pkg/kernel/usr/lib/modules/6.1.173/kernel/net/sched/cls_cgroup.ko
  STRIP   /build/workdir/kernel/pkg/kernel/usr/lib/modules/6.1.173/kernel/net/netfilter/xt_tcpudp.ko
  INSTALL /build/workdir/kernel/pkg/kernel/usr/lib/modules/6.1.173/kernel/net/sched/sch_cake.ko
  SIGN    /build/workdir/kernel/pkg/kernel/usr/lib/modules/6.1.173/kernel/net/netfilter/xt_state.ko
  STRIP   /build/workdir/kernel/pkg/kernel/usr/lib/modules/6.1.173/kernel/net/sched/cls_cgroup.ko
  STRIP   /build/workdir/kernel/pkg/kernel/usr/lib/modules/6.1.173/kernel/net/sched/sch_cake.ko
  SIGN    /build/workdir/kernel/pkg/kernel/usr/lib/modules/6.1.173/kernel/net/netfilter/xt_tcpudp.ko
  INSTALL /build/workdir/kernel/pkg/kernel/usr/lib/modules/6.1.173/kernel/net/sched/sch_fq.ko
  SIGN    /build/workdir/kernel/pkg/kernel/usr/lib/modules/6.1.173/kernel/net/sched/cls_cgroup.ko
  SIGN    /build/workdir/kernel/pkg/kernel/usr/lib/modules/6.1.173/kernel/net/sched/sch_cake.ko
  STRIP   /build/workdir/kernel/pkg/kernel/usr/lib/modules/6.1.173/kernel/net/sched/sch_fq.ko
  INSTALL /build/workdir/kernel/pkg/kernel/usr/lib/modules/6.1.173/kernel/net/sched/sch_fq_codel.ko
  INSTALL /build/workdir/kernel/pkg/kernel/usr/lib/modules/6.1.173/kernel/net/sched/sch_ingress.ko
  SIGN    /build/workdir/kernel/pkg/kernel/usr/lib/modules/6.1.173/kernel/net/sched/sch_fq.ko
  INSTALL /build/workdir/kernel/pkg/kernel/usr/lib/modules/6.1.173/kernel/net/sched/sch_tbf.ko
  STRIP   /build/workdir/kernel/pkg/kernel/usr/lib/modules/6.1.173/kernel/net/sched/sch_fq_codel.ko
  STRIP   /build/workdir/kernel/pkg/kernel/usr/lib/modules/6.1.173/kernel/net/sched/sch_ingress.ko
  STRIP   /build/workdir/kernel/pkg/kernel/usr/lib/modules/6.1.173/kernel/net/sched/sch_tbf.ko
  INSTALL /build/workdir/kernel/pkg/kernel/usr/lib/modules/6.1.173/kernel/net/sunrpc/auth_gss/auth_rpcgss.ko
  SIGN    /build/workdir/kernel/pkg/kernel/usr/lib/modules/6.1.173/kernel/net/sched/sch_fq_codel.ko
  SIGN    /build/workdir/kernel/pkg/kernel/usr/lib/modules/6.1.173/kernel/net/sched/sch_ingress.ko
  SIGN    /build/workdir/kernel/pkg/kernel/usr/lib/modules/6.1.173/kernel/net/sched/sch_tbf.ko
  STRIP   /build/workdir/kernel/pkg/kernel/usr/lib/modules/6.1.173/kernel/net/sunrpc/auth_gss/auth_rpcgss.ko
  INSTALL /build/workdir/kernel/pkg/kernel/usr/lib/modules/6.1.173/kernel/net/sunrpc/sunrpc.ko
  INSTALL /build/workdir/kernel/pkg/kernel/usr/lib/modules/6.1.173/kernel/net/wireless/cfg80211.ko
  SIGN    /build/workdir/kernel/pkg/kernel/usr/lib/modules/6.1.173/kernel/net/sunrpc/auth_gss/auth_rpcgss.ko
  INSTALL /build/workdir/kernel/pkg/kernel/usr/lib/modules/6.1.173/kernel/sound/core/seq/snd-seq.ko
  STRIP   /build/workdir/kernel/pkg/kernel/usr/lib/modules/6.1.173/kernel/net/sunrpc/sunrpc.ko
  STRIP   /build/workdir/kernel/pkg/kernel/usr/lib/modules/6.1.173/kernel/net/wireless/cfg80211.ko
  STRIP   /build/workdir/kernel/pkg/kernel/usr/lib/modules/6.1.173/kernel/sound/core/seq/snd-seq.ko
  INSTALL /build/workdir/kernel/pkg/kernel/usr/lib/modules/6.1.173/kernel/sound/core/snd-hrtimer.ko
  SIGN    /build/workdir/kernel/pkg/kernel/usr/lib/modules/6.1.173/kernel/net/sunrpc/sunrpc.ko
  STRIP   /build/workdir/kernel/pkg/kernel/usr/lib/modules/6.1.173/kernel/sound/core/snd-hrtimer.ko
  SIGN    /build/workdir/kernel/pkg/kernel/usr/lib/modules/6.1.173/kernel/sound/core/seq/snd-seq.ko
  SIGN    /build/workdir/kernel/pkg/kernel/usr/lib/modules/6.1.173/kernel/net/wireless/cfg80211.ko
  SIGN    /build/workdir/kernel/pkg/kernel/usr/lib/modules/6.1.173/kernel/sound/core/snd-hrtimer.ko
  INSTALL /build/workdir/kernel/pkg/kernel/usr/lib/modules/6.1.173/kernel/sound/core/snd-hwdep.ko
  INSTALL /build/workdir/kernel/pkg/kernel/usr/lib/modules/6.1.173/kernel/sound/core/snd-pcm.ko
  INSTALL /build/workdir/kernel/pkg/kernel/usr/lib/modules/6.1.173/kernel/sound/core/snd-seq-device.ko
  INSTALL /build/workdir/kernel/pkg/kernel/usr/lib/modules/6.1.173/kernel/sound/core/snd-timer.ko
  STRIP   /build/workdir/kernel/pkg/kernel/usr/lib/modules/6.1.173/kernel/sound/core/snd-hwdep.ko
  STRIP   /build/workdir/kernel/pkg/kernel/usr/lib/modules/6.1.173/kernel/sound/core/snd-pcm.ko
  STRIP   /build/workdir/kernel/pkg/kernel/usr/lib/modules/6.1.173/kernel/sound/core/snd-seq-device.ko
  STRIP   /build/workdir/kernel/pkg/kernel/usr/lib/modules/6.1.173/kernel/sound/core/snd-timer.ko
  SIGN    /build/workdir/kernel/pkg/kernel/usr/lib/modules/6.1.173/kernel/sound/core/snd-hwdep.ko
  SIGN    /build/workdir/kernel/pkg/kernel/usr/lib/modules/6.1.173/kernel/sound/core/snd-pcm.ko
  SIGN    /build/workdir/kernel/pkg/kernel/usr/lib/modules/6.1.173/kernel/sound/core/snd-seq-device.ko
  SIGN    /build/workdir/kernel/pkg/kernel/usr/lib/modules/6.1.173/kernel/sound/core/snd-timer.ko
  INSTALL /build/workdir/kernel/pkg/kernel/usr/lib/modules/6.1.173/kernel/sound/core/snd.ko
  INSTALL /build/workdir/kernel/pkg/kernel/usr/lib/modules/6.1.173/kernel/sound/hda/snd-hda-core.ko
  INSTALL /build/workdir/kernel/pkg/kernel/usr/lib/modules/6.1.173/kernel/sound/hda/snd-intel-dspcfg.ko
  INSTALL /build/workdir/kernel/pkg/kernel/usr/lib/modules/6.1.173/kernel/sound/hda/snd-intel-sdw-acpi.ko
  STRIP   /build/workdir/kernel/pkg/kernel/usr/lib/modules/6.1.173/kernel/sound/core/snd.ko
  STRIP   /build/workdir/kernel/pkg/kernel/usr/lib/modules/6.1.173/kernel/sound/hda/snd-hda-core.ko
  STRIP   /build/workdir/kernel/pkg/kernel/usr/lib/modules/6.1.173/kernel/sound/hda/snd-intel-dspcfg.ko
  STRIP   /build/workdir/kernel/pkg/kernel/usr/lib/modules/6.1.173/kernel/sound/hda/snd-intel-sdw-acpi.ko
  SIGN    /build/workdir/kernel/pkg/kernel/usr/lib/modules/6.1.173/kernel/sound/core/snd.ko
  SIGN    /build/workdir/kernel/pkg/kernel/usr/lib/modules/6.1.173/kernel/sound/hda/snd-hda-core.ko
  SIGN    /build/workdir/kernel/pkg/kernel/usr/lib/modules/6.1.173/kernel/sound/hda/snd-intel-dspcfg.ko
  SIGN    /build/workdir/kernel/pkg/kernel/usr/lib/modules/6.1.173/kernel/sound/hda/snd-intel-sdw-acpi.ko
  INSTALL /build/workdir/kernel/pkg/kernel/usr/lib/modules/6.1.173/kernel/sound/pci/hda/snd-hda-codec-generic.ko
  INSTALL /build/workdir/kernel/pkg/kernel/usr/lib/modules/6.1.173/kernel/sound/pci/hda/snd-hda-codec-hdmi.ko
  INSTALL /build/workdir/kernel/pkg/kernel/usr/lib/modules/6.1.173/kernel/sound/pci/hda/snd-hda-codec-via.ko
  INSTALL /build/workdir/kernel/pkg/kernel/usr/lib/modules/6.1.173/kernel/sound/pci/hda/snd-hda-codec.ko
  STRIP   /build/workdir/kernel/pkg/kernel/usr/lib/modules/6.1.173/kernel/sound/pci/hda/snd-hda-codec-generic.ko
  STRIP   /build/workdir/kernel/pkg/kernel/usr/lib/modules/6.1.173/kernel/sound/pci/hda/snd-hda-codec-hdmi.ko
  STRIP   /build/workdir/kernel/pkg/kernel/usr/lib/modules/6.1.173/kernel/sound/pci/hda/snd-hda-codec-via.ko
  STRIP   /build/workdir/kernel/pkg/kernel/usr/lib/modules/6.1.173/kernel/sound/pci/hda/snd-hda-codec.ko
  SIGN    /build/workdir/kernel/pkg/kernel/usr/lib/modules/6.1.173/kernel/sound/pci/hda/snd-hda-codec-generic.ko
  SIGN    /build/workdir/kernel/pkg/kernel/usr/lib/modules/6.1.173/kernel/sound/pci/hda/snd-hda-codec-hdmi.ko
  SIGN    /build/workdir/kernel/pkg/kernel/usr/lib/modules/6.1.173/kernel/sound/pci/hda/snd-hda-codec-via.ko
  SIGN    /build/workdir/kernel/pkg/kernel/usr/lib/modules/6.1.173/kernel/sound/pci/hda/snd-hda-codec.ko
  INSTALL /build/workdir/kernel/pkg/kernel/usr/lib/modules/6.1.173/kernel/sound/pci/hda/snd-hda-intel.ko
  INSTALL /build/workdir/kernel/pkg/kernel/usr/lib/modules/6.1.173/kernel/sound/soundcore.ko
  INSTALL /build/workdir/kernel/pkg/kernel/usr/lib/modules/6.1.173/kernel/sound/virtio/virtio_snd.ko
  INSTALL /build/workdir/kernel/pkg/kernel/usr/lib/modules/6.1.173/kernel/virt/lib/irqbypass.ko
  STRIP   /build/workdir/kernel/pkg/kernel/usr/lib/modules/6.1.173/kernel/sound/soundcore.ko
  STRIP   /build/workdir/kernel/pkg/kernel/usr/lib/modules/6.1.173/kernel/sound/pci/hda/snd-hda-intel.ko
  STRIP   /build/workdir/kernel/pkg/kernel/usr/lib/modules/6.1.173/kernel/sound/virtio/virtio_snd.ko
  STRIP   /build/workdir/kernel/pkg/kernel/usr/lib/modules/6.1.173/kernel/virt/lib/irqbypass.ko
  SIGN    /build/workdir/kernel/pkg/kernel/usr/lib/modules/6.1.173/kernel/sound/soundcore.ko
  SIGN    /build/workdir/kernel/pkg/kernel/usr/lib/modules/6.1.173/kernel/sound/pci/hda/snd-hda-intel.ko
  SIGN    /build/workdir/kernel/pkg/kernel/usr/lib/modules/6.1.173/kernel/sound/virtio/virtio_snd.ko
  SIGN    /build/workdir/kernel/pkg/kernel/usr/lib/modules/6.1.173/kernel/virt/lib/irqbypass.ko
  XZ      /build/workdir/kernel/pkg/kernel/usr/lib/modules/6.1.173/kernel/arch/x86/kvm/kvm-intel.ko.xz
  XZ      /build/workdir/kernel/pkg/kernel/usr/lib/modules/6.1.173/kernel/arch/x86/kvm/kvm.ko.xz
  XZ      /build/workdir/kernel/pkg/kernel/usr/lib/modules/6.1.173/kernel/crypto/lz4.ko.xz
  XZ      /build/workdir/kernel/pkg/kernel/usr/lib/modules/6.1.173/kernel/crypto/lzo-rle.ko.xz
  XZ      /build/workdir/kernel/pkg/kernel/usr/lib/modules/6.1.173/kernel/crypto/lzo.ko.xz
  XZ      /build/workdir/kernel/pkg/kernel/usr/lib/modules/6.1.173/kernel/crypto/sha3_generic.ko.xz
  XZ      /build/workdir/kernel/pkg/kernel/usr/lib/modules/6.1.173/kernel/drivers/block/brd.ko.xz
  XZ      /build/workdir/kernel/pkg/kernel/usr/lib/modules/6.1.173/kernel/drivers/block/virtio_blk.ko.xz
  XZ      /build/workdir/kernel/pkg/kernel/usr/lib/modules/6.1.173/kernel/drivers/block/zram/zram.ko.xz
  XZ      /build/workdir/kernel/pkg/kernel/usr/lib/modules/6.1.173/kernel/drivers/bluetooth/btintel.ko.xz
  XZ      /build/workdir/kernel/pkg/kernel/usr/lib/modules/6.1.173/kernel/drivers/bluetooth/btusb.ko.xz
  XZ      /build/workdir/kernel/pkg/kernel/usr/lib/modules/6.1.173/kernel/drivers/bluetooth/hci_uart.ko.xz
  XZ      /build/workdir/kernel/pkg/kernel/usr/lib/modules/6.1.173/kernel/drivers/cdrom/cdrom.ko.xz
  XZ      /build/workdir/kernel/pkg/kernel/usr/lib/modules/6.1.173/kernel/drivers/char/hw_random/virtio-rng.ko.xz
  XZ      /build/workdir/kernel/pkg/kernel/usr/lib/modules/6.1.173/kernel/drivers/char/nvram.ko.xz
  XZ      /build/workdir/kernel/pkg/kernel/usr/lib/modules/6.1.173/kernel/drivers/char/virtio_console.ko.xz
  XZ      /build/workdir/kernel/pkg/kernel/usr/lib/modules/6.1.173/kernel/drivers/gpu/drm/drm_shmem_helper.ko.xz
  XZ      /build/workdir/kernel/pkg/kernel/usr/lib/modules/6.1.173/kernel/drivers/gpu/drm/virtio/virtio-gpu.ko.xz
  XZ      /build/workdir/kernel/pkg/kernel/usr/lib/modules/6.1.173/kernel/drivers/i2c/busses/i2c-i801.ko.xz
  XZ      /build/workdir/kernel/pkg/kernel/usr/lib/modules/6.1.173/kernel/drivers/i2c/i2c-dev.ko.xz
  XZ      /build/workdir/kernel/pkg/kernel/usr/lib/modules/6.1.173/kernel/drivers/i2c/i2c-mux.ko.xz
  XZ      /build/workdir/kernel/pkg/kernel/usr/lib/modules/6.1.173/kernel/drivers/i2c/i2c-smbus.ko.xz
  XZ      /build/workdir/kernel/pkg/kernel/usr/lib/modules/6.1.173/kernel/drivers/input/misc/uinput.ko.xz
  XZ      /build/workdir/kernel/pkg/kernel/usr/lib/modules/6.1.173/kernel/drivers/input/mousedev.ko.xz
  XZ      /build/workdir/kernel/pkg/kernel/usr/lib/modules/6.1.173/kernel/drivers/md/dm-mod.ko.xz
  XZ      /build/workdir/kernel/pkg/kernel/usr/lib/modules/6.1.173/kernel/drivers/media/common/videobuf2/videobuf2-common.ko.xz
  XZ      /build/workdir/kernel/pkg/kernel/usr/lib/modules/6.1.173/kernel/drivers/media/common/videobuf2/videobuf2-memops.ko.xz
  XZ      /build/workdir/kernel/pkg/kernel/usr/lib/modules/6.1.173/kernel/drivers/media/common/videobuf2/videobuf2-v4l2.ko.xz
  XZ      /build/workdir/kernel/pkg/kernel/usr/lib/modules/6.1.173/kernel/drivers/media/common/videobuf2/videobuf2-vmalloc.ko.xz
  XZ      /build/workdir/kernel/pkg/kernel/usr/lib/modules/6.1.173/kernel/drivers/media/mc/mc.ko.xz
  XZ      /build/workdir/kernel/pkg/kernel/usr/lib/modules/6.1.173/kernel/drivers/media/usb/uvc/uvcvideo.ko.xz
  XZ      /build/workdir/kernel/pkg/kernel/usr/lib/modules/6.1.173/kernel/drivers/media/v4l2-core/v4l2-dv-timings.ko.xz
  XZ      /build/workdir/kernel/pkg/kernel/usr/lib/modules/6.1.173/kernel/drivers/media/v4l2-core/videodev.ko.xz
  XZ      /build/workdir/kernel/pkg/kernel/usr/lib/modules/6.1.173/kernel/drivers/mfd/mfd-core.ko.xz
  XZ      /build/workdir/kernel/pkg/kernel/usr/lib/modules/6.1.173/kernel/drivers/misc/cardreader/rtsx_pci.ko.xz
  XZ      /build/workdir/kernel/pkg/kernel/usr/lib/modules/6.1.173/kernel/drivers/mmc/core/mmc_block.ko.xz
  XZ      /build/workdir/kernel/pkg/kernel/usr/lib/modules/6.1.173/kernel/drivers/mmc/core/mmc_core.ko.xz
  XZ      /build/workdir/kernel/pkg/kernel/usr/lib/modules/6.1.173/kernel/drivers/mmc/host/rtsx_pci_sdmmc.ko.xz
  XZ      /build/workdir/kernel/pkg/kernel/usr/lib/modules/6.1.173/kernel/drivers/net/ethernet/realtek/r8169.ko.xz
  XZ      /build/workdir/kernel/pkg/kernel/usr/lib/modules/6.1.173/kernel/drivers/net/mii.ko.xz
  XZ      /build/workdir/kernel/pkg/kernel/usr/lib/modules/6.1.173/kernel/drivers/net/tun.ko.xz
  XZ      /build/workdir/kernel/pkg/kernel/usr/lib/modules/6.1.173/kernel/drivers/net/usb/cdc_ether.ko.xz
  XZ      /build/workdir/kernel/pkg/kernel/usr/lib/modules/6.1.173/kernel/drivers/net/usb/cdc_mbim.ko.xz
  XZ      /build/workdir/kernel/pkg/kernel/usr/lib/modules/6.1.173/kernel/drivers/net/usb/cdc_ncm.ko.xz
  XZ      /build/workdir/kernel/pkg/kernel/usr/lib/modules/6.1.173/kernel/drivers/net/usb/r8153_ecm.ko.xz
  XZ      /build/workdir/kernel/pkg/kernel/usr/lib/modules/6.1.173/kernel/drivers/net/usb/rndis_host.ko.xz
  XZ      /build/workdir/kernel/pkg/kernel/usr/lib/modules/6.1.173/kernel/drivers/net/usb/usbnet.ko.xz
  XZ      /build/workdir/kernel/pkg/kernel/usr/lib/modules/6.1.173/kernel/drivers/net/virtio_net.ko.xz
  XZ      /build/workdir/kernel/pkg/kernel/usr/lib/modules/6.1.173/kernel/drivers/net/wireless/intel/iwlwifi/iwlwifi.ko.xz
  XZ      /build/workdir/kernel/pkg/kernel/usr/lib/modules/6.1.173/kernel/drivers/net/wireless/intel/iwlwifi/mvm/iwlmvm.ko.xz
  XZ      /build/workdir/kernel/pkg/kernel/usr/lib/modules/6.1.173/kernel/drivers/pinctrl/intel/pinctrl-lynxpoint.ko.xz
  XZ      /build/workdir/kernel/pkg/kernel/usr/lib/modules/6.1.173/kernel/drivers/powercap/intel_rapl_common.ko.xz
  XZ      /build/workdir/kernel/pkg/kernel/usr/lib/modules/6.1.173/kernel/drivers/scsi/sg.ko.xz
  XZ      /build/workdir/kernel/pkg/kernel/usr/lib/modules/6.1.173/kernel/drivers/scsi/sr_mod.ko.xz
  XZ      /build/workdir/kernel/pkg/kernel/usr/lib/modules/6.1.173/kernel/drivers/scsi/virtio_scsi.ko.xz
  XZ      /build/workdir/kernel/pkg/kernel/usr/lib/modules/6.1.173/kernel/drivers/thermal/intel/int340x_thermal/acpi_thermal_rel.ko.xz
  XZ      /build/workdir/kernel/pkg/kernel/usr/lib/modules/6.1.173/kernel/drivers/thermal/intel/int340x_thermal/int3400_thermal.ko.xz
  XZ      /build/workdir/kernel/pkg/kernel/usr/lib/modules/6.1.173/kernel/drivers/thermal/intel/int340x_thermal/int3401_thermal.ko.xz
  XZ      /build/workdir/kernel/pkg/kernel/usr/lib/modules/6.1.173/kernel/drivers/thermal/intel/int340x_thermal/int3402_thermal.ko.xz
  XZ      /build/workdir/kernel/pkg/kernel/usr/lib/modules/6.1.173/kernel/drivers/thermal/intel/int340x_thermal/int3403_thermal.ko.xz
  XZ      /build/workdir/kernel/pkg/kernel/usr/lib/modules/6.1.173/kernel/drivers/thermal/intel/int340x_thermal/int340x_thermal_zone.ko.xz
  XZ      /build/workdir/kernel/pkg/kernel/usr/lib/modules/6.1.173/kernel/drivers/thermal/intel/int340x_thermal/processor_thermal_device.ko.xz
  XZ      /build/workdir/kernel/pkg/kernel/usr/lib/modules/6.1.173/kernel/drivers/thermal/intel/int340x_thermal/processor_thermal_device_pci.ko.xz
  XZ      /build/workdir/kernel/pkg/kernel/usr/lib/modules/6.1.173/kernel/drivers/thermal/intel/int340x_thermal/processor_thermal_device_pci_legacy.ko.xz
  XZ      /build/workdir/kernel/pkg/kernel/usr/lib/modules/6.1.173/kernel/drivers/thermal/intel/int340x_thermal/processor_thermal_mbox.ko.xz
  XZ      /build/workdir/kernel/pkg/kernel/usr/lib/modules/6.1.173/kernel/drivers/thermal/intel/int340x_thermal/processor_thermal_rapl.ko.xz
  XZ      /build/workdir/kernel/pkg/kernel/usr/lib/modules/6.1.173/kernel/drivers/thermal/intel/int340x_thermal/processor_thermal_rfim.ko.xz
  XZ      /build/workdir/kernel/pkg/kernel/usr/lib/modules/6.1.173/kernel/drivers/thermal/intel/intel_pch_thermal.ko.xz
  XZ      /build/workdir/kernel/pkg/kernel/usr/lib/modules/6.1.173/kernel/drivers/thermal/intel/intel_powerclamp.ko.xz
  XZ      /build/workdir/kernel/pkg/kernel/usr/lib/modules/6.1.173/kernel/drivers/thermal/intel/intel_soc_dts_iosf.ko.xz
  XZ      /build/workdir/kernel/pkg/kernel/usr/lib/modules/6.1.173/kernel/drivers/thermal/intel/x86_pkg_temp_thermal.ko.xz
  XZ      /build/workdir/kernel/pkg/kernel/usr/lib/modules/6.1.173/kernel/drivers/usb/class/cdc-wdm.ko.xz
  XZ      /build/workdir/kernel/pkg/kernel/usr/lib/modules/6.1.173/kernel/drivers/usb/class/usblp.ko.xz
  XZ      /build/workdir/kernel/pkg/kernel/usr/lib/modules/6.1.173/kernel/drivers/virtio/virtio.ko.xz
  XZ      /build/workdir/kernel/pkg/kernel/usr/lib/modules/6.1.173/kernel/drivers/virtio/virtio_dma_buf.ko.xz
  XZ      /build/workdir/kernel/pkg/kernel/usr/lib/modules/6.1.173/kernel/drivers/virtio/virtio_input.ko.xz
  XZ      /build/workdir/kernel/pkg/kernel/usr/lib/modules/6.1.173/kernel/drivers/virtio/virtio_pci.ko.xz
  XZ      /build/workdir/kernel/pkg/kernel/usr/lib/modules/6.1.173/kernel/drivers/virtio/virtio_pci_legacy_dev.ko.xz
  XZ      /build/workdir/kernel/pkg/kernel/usr/lib/modules/6.1.173/kernel/drivers/virtio/virtio_pci_modern_dev.ko.xz
  XZ      /build/workdir/kernel/pkg/kernel/usr/lib/modules/6.1.173/kernel/drivers/virtio/virtio_ring.ko.xz
  XZ      /build/workdir/kernel/pkg/kernel/usr/lib/modules/6.1.173/kernel/fs/efivarfs/efivarfs.ko.xz
  XZ      /build/workdir/kernel/pkg/kernel/usr/lib/modules/6.1.173/kernel/fs/erofs/erofs.ko.xz
  XZ      /build/workdir/kernel/pkg/kernel/usr/lib/modules/6.1.173/kernel/fs/exfat/exfat.ko.xz
  XZ      /build/workdir/kernel/pkg/kernel/usr/lib/modules/6.1.173/kernel/fs/ext4/ext4.ko.xz
  XZ      /build/workdir/kernel/pkg/kernel/usr/lib/modules/6.1.173/kernel/fs/f2fs/f2fs.ko.xz
  XZ      /build/workdir/kernel/pkg/kernel/usr/lib/modules/6.1.173/kernel/fs/fat/fat.ko.xz
  XZ      /build/workdir/kernel/pkg/kernel/usr/lib/modules/6.1.173/kernel/fs/fat/vfat.ko.xz
  XZ      /build/workdir/kernel/pkg/kernel/usr/lib/modules/6.1.173/kernel/fs/fuse/cuse.ko.xz
  XZ      /build/workdir/kernel/pkg/kernel/usr/lib/modules/6.1.173/kernel/fs/fuse/fuse.ko.xz
  XZ      /build/workdir/kernel/pkg/kernel/usr/lib/modules/6.1.173/kernel/fs/fuse/virtiofs.ko.xz
  XZ      /build/workdir/kernel/pkg/kernel/usr/lib/modules/6.1.173/kernel/fs/hfsplus/hfsplus.ko.xz
  XZ      /build/workdir/kernel/pkg/kernel/usr/lib/modules/6.1.173/kernel/fs/isofs/isofs.ko.xz
  XZ      /build/workdir/kernel/pkg/kernel/usr/lib/modules/6.1.173/kernel/fs/jbd2/jbd2.ko.xz
  XZ      /build/workdir/kernel/pkg/kernel/usr/lib/modules/6.1.173/kernel/fs/lockd/lockd.ko.xz
  XZ      /build/workdir/kernel/pkg/kernel/usr/lib/modules/6.1.173/kernel/fs/mbcache.ko.xz
  XZ      /build/workdir/kernel/pkg/kernel/usr/lib/modules/6.1.173/kernel/fs/nfs/blocklayout/blocklayoutdriver.ko.xz
  XZ      /build/workdir/kernel/pkg/kernel/usr/lib/modules/6.1.173/kernel/fs/nfs/filelayout/nfs_layout_nfsv41_files.ko.xz
  XZ      /build/workdir/kernel/pkg/kernel/usr/lib/modules/6.1.173/kernel/fs/nfs/flexfilelayout/nfs_layout_flexfiles.ko.xz
  XZ      /build/workdir/kernel/pkg/kernel/usr/lib/modules/6.1.173/kernel/fs/nfs/nfs.ko.xz
  XZ      /build/workdir/kernel/pkg/kernel/usr/lib/modules/6.1.173/kernel/fs/nfs/nfsv3.ko.xz
  XZ      /build/workdir/kernel/pkg/kernel/usr/lib/modules/6.1.173/kernel/fs/nfs/nfsv4.ko.xz
  XZ      /build/workdir/kernel/pkg/kernel/usr/lib/modules/6.1.173/kernel/fs/nfs_common/grace.ko.xz
  XZ      /build/workdir/kernel/pkg/kernel/usr/lib/modules/6.1.173/kernel/fs/nfs_common/nfs_acl.ko.xz
  XZ      /build/workdir/kernel/pkg/kernel/usr/lib/modules/6.1.173/kernel/fs/nls/nls_ascii.ko.xz
  XZ      /build/workdir/kernel/pkg/kernel/usr/lib/modules/6.1.173/kernel/fs/nls/nls_cp437.ko.xz
  XZ      /build/workdir/kernel/pkg/kernel/usr/lib/modules/6.1.173/kernel/fs/ntfs3/ntfs3.ko.xz
  XZ      /build/workdir/kernel/pkg/kernel/usr/lib/modules/6.1.173/kernel/fs/overlayfs/overlay.ko.xz
  XZ      /build/workdir/kernel/pkg/kernel/usr/lib/modules/6.1.173/kernel/fs/smb/client/cifs.ko.xz
  XZ      /build/workdir/kernel/pkg/kernel/usr/lib/modules/6.1.173/kernel/fs/smb/common/cifs_arc4.ko.xz
  XZ      /build/workdir/kernel/pkg/kernel/usr/lib/modules/6.1.173/kernel/fs/smb/common/cifs_md4.ko.xz
  XZ      /build/workdir/kernel/pkg/kernel/usr/lib/modules/6.1.173/kernel/fs/squashfs/squashfs.ko.xz
  XZ      /build/workdir/kernel/pkg/kernel/usr/lib/modules/6.1.173/kernel/fs/udf/udf.ko.xz
  XZ      /build/workdir/kernel/pkg/kernel/usr/lib/modules/6.1.173/kernel/fs/ufs/ufs.ko.xz
  XZ      /build/workdir/kernel/pkg/kernel/usr/lib/modules/6.1.173/kernel/fs/xfs/xfs.ko.xz
  XZ      /build/workdir/kernel/pkg/kernel/usr/lib/modules/6.1.173/kernel/lib/crc-itu-t.ko.xz
  XZ      /build/workdir/kernel/pkg/kernel/usr/lib/modules/6.1.173/kernel/lib/crypto/libarc4.ko.xz
  XZ      /build/workdir/kernel/pkg/kernel/usr/lib/modules/6.1.173/kernel/lib/lz4/lz4_compress.ko.xz
  XZ      /build/workdir/kernel/pkg/kernel/usr/lib/modules/6.1.173/kernel/net/8021q/8021q.ko.xz
  XZ      /build/workdir/kernel/pkg/kernel/usr/lib/modules/6.1.173/kernel/net/bluetooth/bluetooth.ko.xz
  XZ      /build/workdir/kernel/pkg/kernel/usr/lib/modules/6.1.173/kernel/net/bluetooth/bnep/bnep.ko.xz
  XZ      /build/workdir/kernel/pkg/kernel/usr/lib/modules/6.1.173/kernel/net/bluetooth/hidp/hidp.ko.xz
  XZ      /build/workdir/kernel/pkg/kernel/usr/lib/modules/6.1.173/kernel/net/bluetooth/rfcomm/rfcomm.ko.xz
  XZ      /build/workdir/kernel/pkg/kernel/usr/lib/modules/6.1.173/kernel/net/ipv4/ip_tunnel.ko.xz
  XZ      /build/workdir/kernel/pkg/kernel/usr/lib/modules/6.1.173/kernel/net/ipv4/netfilter/ip_tables.ko.xz
  XZ      /build/workdir/kernel/pkg/kernel/usr/lib/modules/6.1.173/kernel/net/ipv4/netfilter/ipt_REJECT.ko.xz
  XZ      /build/workdir/kernel/pkg/kernel/usr/lib/modules/6.1.173/kernel/net/ipv4/netfilter/iptable_filter.ko.xz
  XZ      /build/workdir/kernel/pkg/kernel/usr/lib/modules/6.1.173/kernel/net/ipv4/netfilter/iptable_nat.ko.xz
  XZ      /build/workdir/kernel/pkg/kernel/usr/lib/modules/6.1.173/kernel/net/ipv4/netfilter/nf_defrag_ipv4.ko.xz
  XZ      /build/workdir/kernel/pkg/kernel/usr/lib/modules/6.1.173/kernel/net/ipv4/netfilter/nf_reject_ipv4.ko.xz
  XZ      /build/workdir/kernel/pkg/kernel/usr/lib/modules/6.1.173/kernel/net/ipv4/netfilter/nf_tproxy_ipv4.ko.xz
  XZ      /build/workdir/kernel/pkg/kernel/usr/lib/modules/6.1.173/kernel/net/ipv4/netfilter/nft_fib_ipv4.ko.xz
  XZ      /build/workdir/kernel/pkg/kernel/usr/lib/modules/6.1.173/kernel/net/ipv4/netfilter/nft_reject_ipv4.ko.xz
  XZ      /build/workdir/kernel/pkg/kernel/usr/lib/modules/6.1.173/kernel/net/ipv4/tunnel4.ko.xz
  XZ      /build/workdir/kernel/pkg/kernel/usr/lib/modules/6.1.173/kernel/net/ipv6/ip6_tunnel.ko.xz
  XZ      /build/workdir/kernel/pkg/kernel/usr/lib/modules/6.1.173/kernel/net/ipv6/netfilter/ip6_tables.ko.xz
  XZ      /build/workdir/kernel/pkg/kernel/usr/lib/modules/6.1.173/kernel/net/ipv6/netfilter/ip6t_REJECT.ko.xz
  XZ      /build/workdir/kernel/pkg/kernel/usr/lib/modules/6.1.173/kernel/net/ipv6/netfilter/ip6table_filter.ko.xz
  XZ      /build/workdir/kernel/pkg/kernel/usr/lib/modules/6.1.173/kernel/net/ipv6/netfilter/nf_defrag_ipv6.ko.xz
  XZ      /build/workdir/kernel/pkg/kernel/usr/lib/modules/6.1.173/kernel/net/ipv6/netfilter/nf_tproxy_ipv6.ko.xz
  XZ      /build/workdir/kernel/pkg/kernel/usr/lib/modules/6.1.173/kernel/net/ipv6/netfilter/nft_fib_ipv6.ko.xz
  XZ      /build/workdir/kernel/pkg/kernel/usr/lib/modules/6.1.173/kernel/net/ipv6/netfilter/nft_reject_ipv6.ko.xz
  XZ      /build/workdir/kernel/pkg/kernel/usr/lib/modules/6.1.173/kernel/net/ipv6/sit.ko.xz
  XZ      /build/workdir/kernel/pkg/kernel/usr/lib/modules/6.1.173/kernel/net/ipv6/tunnel6.ko.xz
  XZ      /build/workdir/kernel/pkg/kernel/usr/lib/modules/6.1.173/kernel/net/mac80211/mac80211.ko.xz
  XZ      /build/workdir/kernel/pkg/kernel/usr/lib/modules/6.1.173/kernel/net/netfilter/nf_conntrack.ko.xz
  XZ      /build/workdir/kernel/pkg/kernel/usr/lib/modules/6.1.173/kernel/net/netfilter/nf_conntrack_ftp.ko.xz
  XZ      /build/workdir/kernel/pkg/kernel/usr/lib/modules/6.1.173/kernel/net/netfilter/nf_conntrack_netlink.ko.xz
  XZ      /build/workdir/kernel/pkg/kernel/usr/lib/modules/6.1.173/kernel/net/netfilter/nf_log_syslog.ko.xz
  XZ      /build/workdir/kernel/pkg/kernel/usr/lib/modules/6.1.173/kernel/net/netfilter/nf_nat.ko.xz
  XZ      /build/workdir/kernel/pkg/kernel/usr/lib/modules/6.1.173/kernel/net/netfilter/nf_nat_ftp.ko.xz
  XZ      /build/workdir/kernel/pkg/kernel/usr/lib/modules/6.1.173/kernel/net/netfilter/nf_tables.ko.xz
  XZ      /build/workdir/kernel/pkg/kernel/usr/lib/modules/6.1.173/kernel/net/netfilter/nfnetlink.ko.xz
  XZ      /build/workdir/kernel/pkg/kernel/usr/lib/modules/6.1.173/kernel/net/netfilter/nfnetlink_log.ko.xz
  XZ      /build/workdir/kernel/pkg/kernel/usr/lib/modules/6.1.173/kernel/net/netfilter/nft_chain_nat.ko.xz
  XZ      /build/workdir/kernel/pkg/kernel/usr/lib/modules/6.1.173/kernel/net/netfilter/nft_ct.ko.xz
  XZ      /build/workdir/kernel/pkg/kernel/usr/lib/modules/6.1.173/kernel/net/netfilter/nft_fib.ko.xz
  XZ      /build/workdir/kernel/pkg/kernel/usr/lib/modules/6.1.173/kernel/net/netfilter/nft_limit.ko.xz
  XZ      /build/workdir/kernel/pkg/kernel/usr/lib/modules/6.1.173/kernel/net/netfilter/nft_log.ko.xz
  XZ      /build/workdir/kernel/pkg/kernel/usr/lib/modules/6.1.173/kernel/net/netfilter/nft_masq.ko.xz
  XZ      /build/workdir/kernel/pkg/kernel/usr/lib/modules/6.1.173/kernel/net/netfilter/nft_nat.ko.xz
  XZ      /build/workdir/kernel/pkg/kernel/usr/lib/modules/6.1.173/kernel/net/netfilter/nft_redir.ko.xz
  XZ      /build/workdir/kernel/pkg/kernel/usr/lib/modules/6.1.173/kernel/net/netfilter/nft_reject.ko.xz
  XZ      /build/workdir/kernel/pkg/kernel/usr/lib/modules/6.1.173/kernel/net/netfilter/nft_reject_inet.ko.xz
  XZ      /build/workdir/kernel/pkg/kernel/usr/lib/modules/6.1.173/kernel/net/netfilter/nft_tproxy.ko.xz
  XZ      /build/workdir/kernel/pkg/kernel/usr/lib/modules/6.1.173/kernel/net/netfilter/x_tables.ko.xz
  XZ      /build/workdir/kernel/pkg/kernel/usr/lib/modules/6.1.173/kernel/net/netfilter/xt_MASQUERADE.ko.xz
  XZ      /build/workdir/kernel/pkg/kernel/usr/lib/modules/6.1.173/kernel/net/netfilter/xt_TCPMSS.ko.xz
  XZ      /build/workdir/kernel/pkg/kernel/usr/lib/modules/6.1.173/kernel/net/netfilter/xt_addrtype.ko.xz
  XZ      /build/workdir/kernel/pkg/kernel/usr/lib/modules/6.1.173/kernel/net/netfilter/xt_conntrack.ko.xz
  XZ      /build/workdir/kernel/pkg/kernel/usr/lib/modules/6.1.173/kernel/net/netfilter/xt_nat.ko.xz
  XZ      /build/workdir/kernel/pkg/kernel/usr/lib/modules/6.1.173/kernel/net/netfilter/xt_state.ko.xz
  XZ      /build/workdir/kernel/pkg/kernel/usr/lib/modules/6.1.173/kernel/net/netfilter/xt_tcpudp.ko.xz
  XZ      /build/workdir/kernel/pkg/kernel/usr/lib/modules/6.1.173/kernel/net/sched/cls_cgroup.ko.xz
  XZ      /build/workdir/kernel/pkg/kernel/usr/lib/modules/6.1.173/kernel/net/sched/sch_cake.ko.xz
  XZ      /build/workdir/kernel/pkg/kernel/usr/lib/modules/6.1.173/kernel/net/sched/sch_fq.ko.xz
  XZ      /build/workdir/kernel/pkg/kernel/usr/lib/modules/6.1.173/kernel/net/sched/sch_fq_codel.ko.xz
  XZ      /build/workdir/kernel/pkg/kernel/usr/lib/modules/6.1.173/kernel/net/sched/sch_ingress.ko.xz
  XZ      /build/workdir/kernel/pkg/kernel/usr/lib/modules/6.1.173/kernel/net/sched/sch_tbf.ko.xz
  XZ      /build/workdir/kernel/pkg/kernel/usr/lib/modules/6.1.173/kernel/net/sunrpc/auth_gss/auth_rpcgss.ko.xz
  XZ      /build/workdir/kernel/pkg/kernel/usr/lib/modules/6.1.173/kernel/net/sunrpc/sunrpc.ko.xz
  XZ      /build/workdir/kernel/pkg/kernel/usr/lib/modules/6.1.173/kernel/net/wireless/cfg80211.ko.xz
  XZ      /build/workdir/kernel/pkg/kernel/usr/lib/modules/6.1.173/kernel/sound/core/seq/snd-seq.ko.xz
  XZ      /build/workdir/kernel/pkg/kernel/usr/lib/modules/6.1.173/kernel/sound/core/snd-hrtimer.ko.xz
  XZ      /build/workdir/kernel/pkg/kernel/usr/lib/modules/6.1.173/kernel/sound/core/snd-hwdep.ko.xz
  XZ      /build/workdir/kernel/pkg/kernel/usr/lib/modules/6.1.173/kernel/sound/core/snd-pcm.ko.xz
  XZ      /build/workdir/kernel/pkg/kernel/usr/lib/modules/6.1.173/kernel/sound/core/snd-seq-device.ko.xz
  XZ      /build/workdir/kernel/pkg/kernel/usr/lib/modules/6.1.173/kernel/sound/core/snd-timer.ko.xz
  XZ      /build/workdir/kernel/pkg/kernel/usr/lib/modules/6.1.173/kernel/sound/core/snd.ko.xz
  XZ      /build/workdir/kernel/pkg/kernel/usr/lib/modules/6.1.173/kernel/sound/hda/snd-hda-core.ko.xz
  XZ      /build/workdir/kernel/pkg/kernel/usr/lib/modules/6.1.173/kernel/sound/hda/snd-intel-dspcfg.ko.xz
  XZ      /build/workdir/kernel/pkg/kernel/usr/lib/modules/6.1.173/kernel/sound/hda/snd-intel-sdw-acpi.ko.xz
  XZ      /build/workdir/kernel/pkg/kernel/usr/lib/modules/6.1.173/kernel/sound/pci/hda/snd-hda-codec-generic.ko.xz
  XZ      /build/workdir/kernel/pkg/kernel/usr/lib/modules/6.1.173/kernel/sound/pci/hda/snd-hda-codec-hdmi.ko.xz
  XZ      /build/workdir/kernel/pkg/kernel/usr/lib/modules/6.1.173/kernel/sound/pci/hda/snd-hda-codec-via.ko.xz
  XZ      /build/workdir/kernel/pkg/kernel/usr/lib/modules/6.1.173/kernel/sound/pci/hda/snd-hda-codec.ko.xz
  XZ      /build/workdir/kernel/pkg/kernel/usr/lib/modules/6.1.173/kernel/sound/pci/hda/snd-hda-intel.ko.xz
  XZ      /build/workdir/kernel/pkg/kernel/usr/lib/modules/6.1.173/kernel/sound/soundcore.ko.xz
  XZ      /build/workdir/kernel/pkg/kernel/usr/lib/modules/6.1.173/kernel/sound/virtio/virtio_snd.ko.xz
  XZ      /build/workdir/kernel/pkg/kernel/usr/lib/modules/6.1.173/kernel/virt/lib/irqbypass.ko.xz
  DEPMOD  /build/workdir/kernel/pkg/kernel/usr/lib/modules/6.1.173
Warning: 'make modules_install' requires /doesnt/exist. Please install it.
This is probably in the kmod package.
==> 正在清理安装...
  -> 正在删除 libtool 文件...
  -> 正在清除不打算要的文件...
  -> 正在删除不想要的手册页...
  -> 正在移除静态库文件...
  -> 正在压缩 man 及 info 文档...
==> 正在检查打包问题...
==> 正在构建软件包"kernel"...
  -> 正在生成 .PKGINFO 文件...
  -> 正在生成 .BUILDINFO 文件...
  -> 正在生成 .MTREE 文件...
  -> 正在压缩软件包...
==> 正在开始 package_kernel-headers()...
  -> Installing build files...
  -> Installing objtool...
  -> Installing headers...
  -> Removing loose objects...
Removing scripts/genksyms/genksyms.o
Removing scripts/genksyms/parse.tab.o
Removing scripts/genksyms/lex.lex.o
Removing scripts/kconfig/util.o
Removing scripts/kconfig/confdata.o
Removing scripts/kconfig/menu.o
Removing scripts/kconfig/lexer.lex.o
Removing scripts/kconfig/expr.o
Removing scripts/kconfig/conf.o
Removing scripts/kconfig/parser.tab.o
Removing scripts/kconfig/symbol.o
Removing scripts/kconfig/preprocess.o
Removing scripts/mod/modpost.o
Removing scripts/mod/file2alias.o
Removing scripts/mod/sumversion.o
Removing scripts/mod/empty.o
  -> Removing .gitignore file...
  -> Adding symlink...
==> 正在清理安装...
  -> 正在删除 libtool 文件...
  -> 正在清除不打算要的文件...
  -> 正在删除不想要的手册页...
  -> 正在移除静态库文件...
  -> 正在压缩 man 及 info 文档...
==> 正在检查打包问题...
==> 警告： 软件包含有对 $srcdir 的引用
usr/src/linux-6.1.173/tools/objtool/objtool
usr/src/linux-6.1.173/scripts/gcc-plugins/randomize_layout_plugin.so
==> 正在构建软件包"kernel-headers"...
  -> 正在生成 .PKGINFO 文件...
  -> 正在生成 .BUILDINFO 文件...
  -> 正在生成 .MTREE 文件...
  -> 正在压缩软件包...
==> 正在离开 fakeroot 环境。
==> 完成创建：kernel 6.1.173-1 (Sat 16 May 2026 10:39:55 GMT)
